Archive member included to satisfy reference by file (symbol)

C:/ST/STM32CubeIDE_1.19.0/STM32CubeIDE/plugins/com.st.stm32cube.ide.mcu.externaltools.gnu-tools-for-stm32.13.3.rel1.win32_1.0.0.202411081344/tools/bin/../lib/gcc/arm-none-eabi/13.3.1/../../../../arm-none-eabi/lib/thumb/v7-m/nofp\libc_nano.a(libc_a-exit.o)
                              C:/ST/STM32CubeIDE_1.19.0/STM32CubeIDE/plugins/com.st.stm32cube.ide.mcu.externaltools.gnu-tools-for-stm32.13.3.rel1.win32_1.0.0.202411081344/tools/bin/../lib/gcc/arm-none-eabi/13.3.1/../../../../arm-none-eabi/lib/thumb/v7-m/nofp/crt0.o (exit)
C:/ST/STM32CubeIDE_1.19.0/STM32CubeIDE/plugins/com.st.stm32cube.ide.mcu.externaltools.gnu-tools-for-stm32.13.3.rel1.win32_1.0.0.202411081344/tools/bin/../lib/gcc/arm-none-eabi/13.3.1/../../../../arm-none-eabi/lib/thumb/v7-m/nofp\libc_nano.a(libc_a-findfp.o)
                              ./Middlewares/Third_Party/FreeRTOS/Source/tasks.o (__sf)
C:/ST/STM32CubeIDE_1.19.0/STM32CubeIDE/plugins/com.st.stm32cube.ide.mcu.externaltools.gnu-tools-for-stm32.13.3.rel1.win32_1.0.0.202411081344/tools/bin/../lib/gcc/arm-none-eabi/13.3.1/../../../../arm-none-eabi/lib/thumb/v7-m/nofp\libc_nano.a(libc_a-fwalk.o)
                              C:/ST/STM32CubeIDE_1.19.0/STM32CubeIDE/plugins/com.st.stm32cube.ide.mcu.externaltools.gnu-tools-for-stm32.13.3.rel1.win32_1.0.0.202411081344/tools/bin/../lib/gcc/arm-none-eabi/13.3.1/../../../../arm-none-eabi/lib/thumb/v7-m/nofp\libc_nano.a(libc_a-findfp.o) (_fwalk_sglue)
C:/ST/STM32CubeIDE_1.19.0/STM32CubeIDE/plugins/com.st.stm32cube.ide.mcu.externaltools.gnu-tools-for-stm32.13.3.rel1.win32_1.0.0.202411081344/tools/bin/../lib/gcc/arm-none-eabi/13.3.1/../../../../arm-none-eabi/lib/thumb/v7-m/nofp\libc_nano.a(libc_a-snprintf.o)
                              ./Core/Src/radio.o (snprintf)
C:/ST/STM32CubeIDE_1.19.0/STM32CubeIDE/plugins/com.st.stm32cube.ide.mcu.externaltools.gnu-tools-for-stm32.13.3.rel1.win32_1.0.0.202411081344/tools/bin/../lib/gcc/arm-none-eabi/13.3.1/../../../../arm-none-eabi/lib/thumb/v7-m/nofp\libc_nano.a(libc_a-stdio.o)
                              C:/ST/STM32CubeIDE_1.19.0/STM32CubeIDE/plugins/com.st.stm32cube.ide.mcu.externaltools.gnu-tools-for-stm32.13.3.rel1.win32_1.0.0.202411081344/tools/bin/../lib/gcc/arm-none-eabi/13.3.1/../../../../arm-none-eabi/lib/thumb/v7-m/nofp\libc_nano.a(libc_a-findfp.o) (__sread)
C:/ST/STM32CubeIDE_1.19.0/STM32CubeIDE/plugins/com.st.stm32cube.ide.mcu.externaltools.gnu-tools-for-stm32.13.3.rel1.win32_1.0.0.202411081344/tools/bin/../lib/gcc/arm-none-eabi/13.3.1/../../../../arm-none-eabi/lib/thumb/v7-m/nofp\libc_nano.a(libc_a-memset.o)
                              C:/ST/STM32CubeIDE_1.19.0/STM32CubeIDE/plugins/com.st.stm32cube.ide.mcu.externaltools.gnu-tools-for-stm32.13.3.rel1.win32_1.0.0.202411081344/tools/bin/../lib/gcc/arm-none-eabi/13.3.1/../../../../arm-none-eabi/lib/thumb/v7-m/nofp/crt0.o (memset)
C:/ST/STM32CubeIDE_1.19.0/STM32CubeIDE/plugins/com.st.stm32cube.ide.mcu.externaltools.gnu-tools-for-stm32.13.3.rel1.win32_1.0.0.202411081344/tools/bin/../lib/gcc/arm-none-eabi/13.3.1/../../../../arm-none-eabi/lib/thumb/v7-m/nofp\libc_nano.a(libc_a-strncpy.o)
                              ./Core/Src/display.o (strncpy)
C:/ST/STM32CubeIDE_1.19.0/STM32CubeIDE/plugins/com.st.stm32cube.ide.mcu.externaltools.gnu-tools-for-stm32.13.3.rel1.win32_1.0.0.202411081344/tools/bin/../lib/gcc/arm-none-eabi/13.3.1/../../../../arm-none-eabi/lib/thumb/v7-m/nofp\libc_nano.a(libc_a-closer.o)
                              C:/ST/STM32CubeIDE_1.19.0/STM32CubeIDE/plugins/com.st.stm32cube.ide.mcu.externaltools.gnu-tools-for-stm32.13.3.rel1.win32_1.0.0.202411081344/tools/bin/../lib/gcc/arm-none-eabi/13.3.1/../../../../arm-none-eabi/lib/thumb/v7-m/nofp\libc_nano.a(libc_a-stdio.o) (_close_r)
C:/ST/STM32CubeIDE_1.19.0/STM32CubeIDE/plugins/com.st.stm32cube.ide.mcu.externaltools.gnu-tools-for-stm32.13.3.rel1.win32_1.0.0.202411081344/tools/bin/../lib/gcc/arm-none-eabi/13.3.1/../../../../arm-none-eabi/lib/thumb/v7-m/nofp\libc_nano.a(libc_a-reent.o)
                              ./Middlewares/Third_Party/FreeRTOS/Source/tasks.o (_reclaim_reent)
C:/ST/STM32CubeIDE_1.19.0/STM32CubeIDE/plugins/com.st.stm32cube.ide.mcu.externaltools.gnu-tools-for-stm32.13.3.rel1.win32_1.0.0.202411081344/tools/bin/../lib/gcc/arm-none-eabi/13.3.1/../../../../arm-none-eabi/lib/thumb/v7-m/nofp\libc_nano.a(libc_a-impure.o)
                              ./Middlewares/Third_Party/FreeRTOS/Source/tasks.o (_impure_ptr)
C:/ST/STM32CubeIDE_1.19.0/STM32CubeIDE/plugins/com.st.stm32cube.ide.mcu.externaltools.gnu-tools-for-stm32.13.3.rel1.win32_1.0.0.202411081344/tools/bin/../lib/gcc/arm-none-eabi/13.3.1/../../../../arm-none-eabi/lib/thumb/v7-m/nofp\libc_nano.a(libc_a-lseekr.o)
[...]
Memory Configuration

Name             Origin             Length             Attributes
RAM              0x20000000         0x00005000         xrw
FLASH            0x08000000         0x00010000         xr
*default*        0x00000000         0xffffffff

Linker script and memory map

LOAD C:/ST/STM32CubeIDE_1.19.0/STM32CubeIDE/plugins/com.st.stm32cube.ide.mcu.externaltools.gnu-tools-for-stm32.13.3.rel1.win32_1.0.0.202411081344/tools/bin/../lib/gcc/arm-none-eabi/13.3.1/thumb/v7-m/nofp/crti.o
LOAD C:/ST/STM32CubeIDE_1.19.0/STM32CubeIDE/plugins/com.st.stm32cube.ide.mcu.externaltools.gnu-tools-for-stm32.13.3.rel1.win32_1.0.0.202411081344/tools/bin/../lib/gcc/arm-none-eabi/13.3.1/thumb/v7-m/nofp/crtbegin.o
LOAD C:/ST/STM32CubeIDE_1.19.0/STM32CubeIDE/plugins/com.st.stm32cube.ide.mcu.externaltools.gnu-tools-for-stm32.13.3.rel1.win32_1.0.0.202411081344/tools/bin/../lib/gcc/arm-none-eabi/13.3.1/../../../../arm-none-eabi/lib/thumb/v7-m/nofp/crt0.o
LOAD ./Core/Src/display.o
LOAD ./Core/Src/dma.o
LOAD ./Core/Src/fonts.o
LOAD ./Core/Src/freertos.o
LOAD ./Core/Src/gpio.o
LOAD ./Core/Src/i2c.o
LOAD ./Core/Src/keypad.o
LOAD ./Core/Src/main.o
LOAD ./Core/Src/nrf24l01p.o
LOAD ./Core/Src/radio.o
LOAD ./Core/Src/spi.o
LOAD ./Core/Src/ssd1306.o
LOAD ./Core/Src/stm32f1xx_hal_msp.o
LOAD ./Core/Src/stm32f1xx_hal_timebase_tim.o
LOAD ./Core/Src/stm32f1xx_it.o
LOAD ./Core/Src/syscalls.o
LOAD ./Core/Src/sysmem.o
LOAD ./Core/Src/system_stm32f1xx.o
LOAD ./Core/Src/ui_feedback.o
LOAD ./Core/Startup/startup_stm32f103c8tx.o
LOAD ./Drivers/STM32F1xx_HAL_Driver/Src/stm32f1xx_hal.o
LOAD ./Drivers/STM32F1xx_HAL_Driver/Src/stm32f1xx_hal_cortex.o
LOAD ./Drivers/STM32F1xx_HAL_Driver/Src/stm32f1xx_hal_dma.o
LOAD ./Drivers/STM32F1xx_HAL_Driver/Src/stm32f1xx_hal_exti.o
LOAD ./Drivers/STM32F1xx_HAL_Driver/Src/stm32f1xx_hal_flash.o
LOAD ./Drivers/STM32F1xx_HAL_Driver/Src/stm32f1xx_hal_flash_ex.o
LOAD ./Drivers/STM32F1xx_HAL_Driver/Src/stm32f1xx_hal_gpio.o
LOAD ./Drivers/STM32F1xx_HAL_Driver/Src/stm32f1xx_hal_gpio_ex.o
LOAD ./Drivers/STM32F1xx_HAL_Driver/Src/stm32f1xx_hal_i2c.o
LOAD ./Drivers/STM32F1xx_HAL_Driver/Src/stm32f1xx_hal_pwr.o
LOAD ./Drivers/STM32F1xx_HAL_Driver/Src/stm32f1xx_hal_rcc.o
LOAD ./Drivers/STM32F1xx_HAL_Driver/Src/stm32f1xx_hal_rcc_ex.o
LOAD ./Drivers/STM32F1xx_HAL_Driver/Src/stm32f1xx_hal_spi.o
LOAD ./Drivers/STM32F1xx_HAL_Driver/Src/stm32f1xx_hal_tim.o
LOAD ./Drivers/STM32F1xx_HAL_Driver/Src/stm32f1xx_hal_tim_ex.o
LOAD ./Middlewares/Third_Party/FreeRTOS/Source/CMSIS_RTOS_V2/cmsis_os2.o
LOAD ./Middlewares/Third_Party/FreeRTOS/Source/croutine.o
LOAD ./Middlewares/Third_Party/FreeRTOS/Source/event_groups.o
LOAD ./Middlewares/Third_Party/FreeRTOS/Source/list.o
LOAD ./Middlewares/Third_Party/FreeRTOS/Source/queue.o
LOAD ./Middlewares/Third_Party/FreeRTOS/Source/stream_buffer.o
LOAD ./Middlewares/Third_Party/FreeRTOS/Source/tasks.o
LOAD ./Middlewares/Third_Party/FreeRTOS/Source/timers.o
LOAD ./Middlewares/Third_Party/FreeRTOS/Source/portable/GCC/ARM_CM3/port.o
LOAD ./Middlewares/Third_Party/FreeRTOS/Source/portable/MemMang/heap_4.o
START GROUP
LOAD C:/ST/STM32CubeIDE_1.19.0/STM32CubeIDE/plugins/com.st.stm32cube.ide.mcu.externaltools.gnu-tools-for-stm32.13.3.rel1.win32_1.0.0.202411081344/tools/bin/../lib/gcc/arm-none-eabi/13.3.1/../../../../arm-none-eabi/lib/thumb/v7-m/nofp\libstdc++_nano.a
LOAD C:/ST/STM32CubeIDE_1.19.0/STM32CubeIDE/plugins/com.st.stm32cube.ide.mcu.externaltools.gnu-tools-for-stm32.13.3.rel1.win32_1.0.0.202411081344/tools/bin/../lib/gcc/arm-none-eabi/13.3.1/../../../../arm-none-eabi/lib/thumb/v7-m/nofp\libsupc++_nano.a
END GROUP
LOAD C:/ST/STM32CubeIDE_1.19.0/STM32CubeIDE/plugins/com.st.stm32cube.ide.mcu.externaltools.gnu-tools-for-stm32.13.3.rel1.win32_1.0.0.202411081344/tools/bin/../lib/gcc/arm-none-eabi/13.3.1/../../../../arm-none-eabi/lib/thumb/v7-m/nofp\libstdc++_nano.a
LOAD C:/ST/STM32CubeIDE_1.19.0/STM32CubeIDE/plugins/com.st.stm32cube.ide.mcu.externaltools.gnu-tools-for-stm32.13.3.rel1.win32_1.0.0.202411081344/tools/bin/../lib/gcc/arm-none-eabi/13.3.1/../../../../arm-none-eabi/lib/thumb/v7-m/nofp\libm.a
LOAD C:/ST/STM32CubeIDE_1.19.0/STM32CubeIDE/plugins/com.st.stm32cube.ide.mcu.externaltools.gnu-tools-for-stm32.13.3.rel1.win32_1.0.0.202411081344/tools/bin/../lib/gcc/arm-none-eabi/13.3.1/../../../../arm-none-eabi/lib/thumb/v7-m/nofp\libc_nano.a
START GROUP
LOAD C:/ST/STM32CubeIDE_1.19.0/STM32CubeIDE/plugins/com.st.stm32cube.ide.mcu.externaltools.gnu-tools-for-stm32.13.3.rel1.win32_1.0.0.202411081344/tools/bin/../lib/gcc/arm-none-eabi/13.3.1/thumb/v7-m/nofp\libgcc.a
LOAD C:/ST/STM32CubeIDE_1.19.0/STM32CubeIDE/plugins/com.st.stm32cube.ide.mcu.externaltools.gnu-tools-for-stm32.13.3.rel1.win32_1.0.0.202411081344/tools/bin/../lib/gcc/arm-none-eabi/13.3.1/../../../../arm-none-eabi/lib/thumb/v7-m/nofp\libc_nano.a
END GROUP
START GROUP
LOAD C:/ST/STM32CubeIDE_1.19.0/STM32CubeIDE/plugins/com.st.stm32cube.ide.mcu.externaltools.gnu-tools-for-stm32.13.3.rel1.win32_1.0.0.202411081344/tools/bin/../lib/gcc/arm-none-eabi/13.3.1/thumb/v7-m/nofp\libgcc.a
LOAD C:/ST/STM32CubeIDE_1.19.0/STM32CubeIDE/plugins/com.st.stm32cube.ide.mcu.externaltools.gnu-tools-for-stm32.13.3.rel1.win32_1.0.0.202411081344/tools/bin/../lib/gcc/arm-none-eabi/13.3.1/../../../../arm-none-eabi/lib/thumb/v7-m/nofp\libc_nano.a
END GROUP
LOAD C:/ST/STM32CubeIDE_1.19.0/STM32CubeIDE/plugins/com.st.stm32cube.ide.mcu.externaltools.gnu-tools-for-stm32.13.3.rel1.win32_1.0.0.202411081344/tools/bin/../lib/gcc/arm-none-eabi/13.3.1/thumb/v7-m/nofp/crtend.o
LOAD C:/ST/STM32CubeIDE_1.19.0/STM32CubeIDE/plugins/com.st.stm32cube.ide.mcu.externaltools.gnu-tools-for-stm32.13.3.rel1.win32_1.0.0.202411081344/tools/bin/../lib/gcc/arm-none-eabi/13.3.1/thumb/v7-m/nofp/crtn.o
                0x20005000                        _estack = (ORIGIN (RAM) + LENGTH (RAM))
                0x00000200                        _Min_Heap_Size = 0x200
                0x00000400                        _Min_Stack_Size = 0x400

.isr_vector     0x08000000      0x10c
                0x08000000                        . = ALIGN (0x4)
 *(.isr_vector)
 .isr_vector    0x08000000      0x10c ./Core/Startup/startup_stm32f103c8tx.o
                0x08000000                g_pfnVectors
                0x0800010c                        . = ALIGN (0x4)

.text           0x08000110     0xb08c
                0x08000110                        . = ALIGN (0x4)
 *(.text)
 .text          0x08000110       0x40 C:/ST/STM32CubeIDE_1.19.0/STM32CubeIDE/plugins/com.st.stm32cube.ide.mcu.externaltools.gnu-tools-for-stm32.13.3.rel1.win32_1.0.0.202411081344/tools/bin/../lib/gcc/arm-none-eabi/13.3.1/thumb/v7-m/nofp/crtbegin.o
 *(.text*)
 .text.display_init
                0x08000150       0x1c ./Core/Src/display.o
                0x08000150                display_init
 .text.display_task_entry
                0x0800016c       0x1c ./Core/Src/display.o
                0x0800016c                display_task_entry
 .text._ZN9MyDisplayC2EP17I2C_HandleTypeDef
                0x08000188       0x38 ./Core/Src/display.o
                0x08000188                MyDisplay::MyDisplay(I2C_HandleTypeDef*)
                0x08000188                MyDisplay::MyDisplay(I2C_HandleTypeDef*)
 .text._ZN9MyDisplay4initEv
                0x080001c0       0x26 ./Core/Src/display.o
                0x080001c0                MyDisplay::init()
 .text._ZN9MyDisplay12on_key_pressEc
                0x080001e6       0x3a ./Core/Src/display.o
                0x080001e6                MyDisplay::on_key_press(char)
 .text._ZN9MyDisplay15set_status_textEPKc
                0x08000220       0x2c ./Core/Src/display.o
                0x08000220                MyDisplay::set_status_text(char const*)
 .text._ZN9MyDisplay13update_screenEv
                0x0800024c       0x78 ./Core/Src/display.o
                0x0800024c                MyDisplay::update_screen()
 .text._ZN9MyDisplay4taskEv
                0x080002c4       0x48 ./Core/Src/display.o
                0x080002c4                MyDisplay::task()
 .text._Z41__static_initialization_and_destruction_0v
                0x0800030c       0x18 ./Core/Src/display.o
 .text._GLOBAL__sub_I_g_i2c_tx_done_sem
                0x08000324        0xa ./Core/Src/display.o
 *fill*         0x0800032e        0x2 
 .text.MX_DMA_Init
                0x08000330       0x5c ./Core/Src/dma.o
                0x08000330                MX_DMA_Init
 .text.MX_FREERTOS_Init
                0x0800038c       0x88 ./Core/Src/freertos.o
                0x0800038c                MX_FREERTOS_Init
 .text.StartDefaultTask
                0x08000414       0x10 ./Core/Src/freertos.o
                0x08000414                StartDefaultTask
 .text.MX_GPIO_Init
                0x08000424      0x14c ./Core/Src/gpio.o
                0x08000424                MX_GPIO_Init
 .text.MX_I2C1_Init
                0x08000570       0x5c ./Core/Src/i2c.o
                0x08000570                MX_I2C1_Init
 .text.HAL_I2C_MspInit
                0x080005cc       0xf0 ./Core/Src/i2c.o
                0x080005cc                HAL_I2C_MspInit
 .text._ZN8MyKeypadC2Ev
                0x080006bc       0x74 ./Core/Src/keypad.o
                0x080006bc                MyKeypad::MyKeypad()
                0x080006bc                MyKeypad::MyKeypad()
 .text._ZN8MyKeypad4initEv
                0x08000730       0x24 ./Core/Src/keypad.o
                0x08000730                MyKeypad::init()
 .text._ZN8MyKeypad13scan_no_delayEv
                0x08000754       0xe8 ./Core/Src/keypad.o
                0x08000754                MyKeypad::scan_no_delay()
 .text.keypad_task
                0x0800083c      0x120 ./Core/Src/keypad.o
                0x0800083c                keypad_task
 .text._Z41__static_initialization_and_destruction_0v
                0x0800095c       0x14 ./Core/Src/keypad.o
 .text._GLOBAL__sub_I__ZN8MyKeypadC2Ev
                0x08000970        0xa ./Core/Src/keypad.o
 .text.main     0x0800097a       0x2c ./Core/Src/main.o
                0x0800097a                main
 .text.SystemClock_Config
                0x080009a6       0x8a ./Core/Src/main.o
                0x080009a6                SystemClock_Config
 .text.HAL_I2C_MemTxCpltCallback
                0x08000a30       0x54 ./Core/Src/main.o
                0x08000a30                HAL_I2C_MemTxCpltCallback
 .text.HAL_I2C_ErrorCallback
                0x08000a84       0x5c ./Core/Src/main.o
                0x08000a84                HAL_I2C_ErrorCallback
 .text.HAL_TIM_PeriodElapsedCallback
                0x08000ae0       0x24 ./Core/Src/main.o
                0x08000ae0                HAL_TIM_PeriodElapsedCallback
 .text.Error_Handler
                0x08000b04        0xc ./Core/Src/main.o
                0x08000b04                Error_Handler
 .text.assert_failed
                0x08000b10       0x14 ./Core/Src/main.o
                0x08000b10                assert_failed
 .text.cs_high  0x08000b24       0x18 ./Core/Src/nrf24l01p.o
 .text.cs_low   0x08000b3c       0x18 ./Core/Src/nrf24l01p.o
 .text.ce_high  0x08000b54       0x18 ./Core/Src/nrf24l01p.o
 .text.ce_low   0x08000b6c       0x18 ./Core/Src/nrf24l01p.o
 .text.read_register
                0x08000b84       0x4c ./Core/Src/nrf24l01p.o
 .text.write_register
                0x08000bd0       0x5c ./Core/Src/nrf24l01p.o
 .text.nrf24l01p_rx_init
                0x08000c2c       0x5c ./Core/Src/nrf24l01p.o
                0x08000c2c                nrf24l01p_rx_init
 .text.nrf24l01p_rx_receive
                0x08000c88       0x28 ./Core/Src/nrf24l01p.o
                0x08000c88                nrf24l01p_rx_receive
 .text.nrf24l01p_tx_transmit
                0x08000cb0       0x16 ./Core/Src/nrf24l01p.o
                0x08000cb0                nrf24l01p_tx_transmit
 *fill*         0x08000cc6        0x2 
 .text.nrf24l01p_tx_irq
                0x08000cc8       0x48 ./Core/Src/nrf24l01p.o
                0x08000cc8                nrf24l01p_tx_irq
 .text.nrf24l01p_reset
                0x08000d10       0xa8 ./Core/Src/nrf24l01p.o
                0x08000d10                nrf24l01p_reset
 .text.nrf24l01p_prx_mode
                0x08000db8       0x2a ./Core/Src/nrf24l01p.o
                0x08000db8                nrf24l01p_prx_mode
 .text.nrf24l01p_ptx_mode
                0x08000de2       0x2a ./Core/Src/nrf24l01p.o
                0x08000de2                nrf24l01p_ptx_mode
 .text.nrf24l01p_read_rx_fifo
                0x08000e0c       0x48 ./Core/Src/nrf24l01p.o
                0x08000e0c                nrf24l01p_read_rx_fifo
 .text.nrf24l01p_write_tx_fifo
                0x08000e54       0x48 ./Core/Src/nrf24l01p.o
                0x08000e54                nrf24l01p_write_tx_fifo
 .text.nrf24l01p_flush_rx_fifo
                0x08000e9c       0x30 ./Core/Src/nrf24l01p.o
                0x08000e9c                nrf24l01p_flush_rx_fifo
 .text.nrf24l01p_flush_tx_fifo
                0x08000ecc       0x30 ./Core/Src/nrf24l01p.o
                0x08000ecc                nrf24l01p_flush_tx_fifo
 .text.nrf24l01p_get_status
                0x08000efc       0x34 ./Core/Src/nrf24l01p.o
                0x08000efc                nrf24l01p_get_status
 .text.nrf24l01p_rx_set_payload_widths
                0x08000f30       0x1c ./Core/Src/nrf24l01p.o
                0x08000f30                nrf24l01p_rx_set_payload_widths
 .text.nrf24l01p_clear_rx_dr
                0x08000f4c       0x28 ./Core/Src/nrf24l01p.o
                0x08000f4c                nrf24l01p_clear_rx_dr
 .text.nrf24l01p_clear_tx_ds
                0x08000f74       0x28 ./Core/Src/nrf24l01p.o
                0x08000f74                nrf24l01p_clear_tx_ds
 .text.nrf24l01p_clear_max_rt
                0x08000f9c       0x28 ./Core/Src/nrf24l01p.o
                0x08000f9c                nrf24l01p_clear_max_rt
 .text.nrf24l01p_power_up
                0x08000fc4       0x2a ./Core/Src/nrf24l01p.o
                0x08000fc4                nrf24l01p_power_up
 .text.nrf24l01p_set_crc_length
                0x08000fee       0x46 ./Core/Src/nrf24l01p.o
                0x08000fee                nrf24l01p_set_crc_length
 .text.nrf24l01p_set_address_widths
                0x08001034       0x20 ./Core/Src/nrf24l01p.o
                0x08001034                nrf24l01p_set_address_widths
 .text.nrf24l01p_auto_retransmit_count
                0x08001054       0x36 ./Core/Src/nrf24l01p.o
                0x08001054                nrf24l01p_auto_retransmit_count
 *fill*         0x0800108a        0x2 
 .text.nrf24l01p_auto_retransmit_delay
                0x0800108c       0x50 ./Core/Src/nrf24l01p.o
                0x0800108c                nrf24l01p_auto_retransmit_delay
 .text.nrf24l01p_set_rf_channel
                0x080010dc       0x1e ./Core/Src/nrf24l01p.o
                0x080010dc                nrf24l01p_set_rf_channel
 .text.nrf24l01p_set_rf_tx_output_power
                0x080010fa       0x3c ./Core/Src/nrf24l01p.o
                0x080010fa                nrf24l01p_set_rf_tx_output_power
 .text.nrf24l01p_set_rf_air_data_rate
                0x08001136       0x52 ./Core/Src/nrf24l01p.o
                0x08001136                nrf24l01p_set_rf_air_data_rate
 .text.radio_init
                0x08001188       0x1c ./Core/Src/radio.o
                0x08001188                radio_init
 .text.radio_task_entry
                0x080011a4       0x1c ./Core/Src/radio.o
                0x080011a4                radio_task_entry
 .text._ZN7MyRadioC2Ev
                0x080011c0       0x22 ./Core/Src/radio.o
                0x080011c0                MyRadio::MyRadio()
                0x080011c0                MyRadio::MyRadio()
 .text._ZN7MyRadio4initEv
                0x080011e2       0x1a ./Core/Src/radio.o
                0x080011e2                MyRadio::init()
 .text._ZN7MyRadio9send_dataEPh
                0x080011fc       0x58 ./Core/Src/radio.o
                0x080011fc                MyRadio::send_data(unsigned char*)
 .text._ZN7MyRadio4taskEv
                0x08001254       0xe0 ./Core/Src/radio.o
                0x08001254                MyRadio::task()
 .text._Z41__static_initialization_and_destruction_0v
                0x08001334       0x14 ./Core/Src/radio.o
 .text._GLOBAL__sub_I_g_radio_irq_sem
                0x08001348        0xa ./Core/Src/radio.o
 *fill*         0x08001352        0x2 
 .text.MX_SPI1_Init
                0x08001354       0x6c ./Core/Src/spi.o
                0x08001354                MX_SPI1_Init
 .text.HAL_SPI_MspInit
                0x080013c0      0x13c ./Core/Src/spi.o
                0x080013c0                HAL_SPI_MspInit
 .text.ssd1306_WriteCommand
                0x080014fc       0x34 ./Core/Src/ssd1306.o
 .text.ssd1306_Init
                0x08001530      0x1ca ./Core/Src/ssd1306.o
                0x08001530                ssd1306_Init
 *fill*         0x080016fa        0x2 
 .text.ssd1306_Fill
                0x080016fc       0x34 ./Core/Src/ssd1306.o
                0x080016fc                ssd1306_Fill
 .text.ssd1306_DrawPixel
                0x08001730       0xa4 ./Core/Src/ssd1306.o
                0x08001730                ssd1306_DrawPixel
 .text.ssd1306_SetCursor
                0x080017d4       0x30 ./Core/Src/ssd1306.o
                0x080017d4                ssd1306_SetCursor
 .text.ssd1306_WriteChar
                0x08001804      0x100 ./Core/Src/ssd1306.o
 .text.ssd1306_WriteString
                0x08001904       0x4a ./Core/Src/ssd1306.o
                0x08001904                ssd1306_WriteString
 .text.ssd1306_SetFullAddressWindow
                0x0800194e       0x2c ./Core/Src/ssd1306.o
 *fill*         0x0800197a        0x2 
 .text.ssd1306_UpdateScreen
                0x0800197c       0x34 ./Core/Src/ssd1306.o
                0x0800197c                ssd1306_UpdateScreen
 .text.ssd1306_UpdateScreenDMA
                0x080019b0       0x30 ./Core/Src/ssd1306.o
                0x080019b0                ssd1306_UpdateScreenDMA
 .text.ssd1306_WriteChar_Large
                0x080019e0      0x100 ./Core/Src/ssd1306.o
 .text.ssd1306_WriteString_Large
                0x08001ae0       0x58 ./Core/Src/ssd1306.o
                0x08001ae0                ssd1306_WriteString_Large
 .text.HAL_MspInit
                0x08001b38       0x70 ./Core/Src/stm32f1xx_hal_msp.o
                0x08001b38                HAL_MspInit
 .text.HAL_InitTick
                0x08001ba8       0xfc ./Core/Src/stm32f1xx_hal_timebase_tim.o
                0x08001ba8                HAL_InitTick
 .text.NMI_Handler
                0x08001ca4        0x8 ./Core/Src/stm32f1xx_it.o
                0x08001ca4                NMI_Handler
 .text.HardFault_Handler
                0x08001cac        0x8 ./Core/Src/stm32f1xx_it.o
                0x08001cac                HardFault_Handler
 .text.MemManage_Handler
                0x08001cb4        0x8 ./Core/Src/stm32f1xx_it.o
                0x08001cb4                MemManage_Handler
 .text.BusFault_Handler
                0x08001cbc        0x8 ./Core/Src/stm32f1xx_it.o
                0x08001cbc                BusFault_Handler
 .text.UsageFault_Handler
                0x08001cc4        0x8 ./Core/Src/stm32f1xx_it.o
                0x08001cc4                UsageFault_Handler
 .text.DebugMon_Handler
                0x08001ccc        0xc ./Core/Src/stm32f1xx_it.o
                0x08001ccc                DebugMon_Handler
 .text.EXTI1_IRQHandler
                0x08001cd8        0xe ./Core/Src/stm32f1xx_it.o
                0x08001cd8                EXTI1_IRQHandler
 *fill*         0x08001ce6        0x2 
 .text.DMA1_Channel2_IRQHandler
                0x08001ce8       0x14 ./Core/Src/stm32f1xx_it.o
                0x08001ce8                DMA1_Channel2_IRQHandler
 .text.DMA1_Channel3_IRQHandler
                0x08001cfc       0x14 ./Core/Src/stm32f1xx_it.o
                0x08001cfc                DMA1_Channel3_IRQHandler
 .text.DMA1_Channel6_IRQHandler
                0x08001d10       0x14 ./Core/Src/stm32f1xx_it.o
                0x08001d10                DMA1_Channel6_IRQHandler
 .text.TIM4_IRQHandler
                0x08001d24       0x14 ./Core/Src/stm32f1xx_it.o
                0x08001d24                TIM4_IRQHandler
 .text.I2C1_EV_IRQHandler
                0x08001d38       0x14 ./Core/Src/stm32f1xx_it.o
                0x08001d38                I2C1_EV_IRQHandler
 .text.I2C1_ER_IRQHandler
                0x08001d4c       0x14 ./Core/Src/stm32f1xx_it.o
                0x08001d4c                I2C1_ER_IRQHandler
 .text.HAL_GPIO_EXTI_Callback
                0x08001d60       0x4c ./Core/Src/stm32f1xx_it.o
                0x08001d60                HAL_GPIO_EXTI_Callback
 .text._sbrk    0x08001dac       0x6c ./Core/Src/sysmem.o
                0x08001dac                _sbrk
 .text.SystemInit
                0x08001e18        0xc ./Core/Src/system_stm32f1xx.o
                0x08001e18                SystemInit
 .text.Reset_Handler
                0x08001e24       0x48 ./Core/Startup/startup_stm32f103c8tx.o
                0x08001e24                Reset_Handler
 .text.Default_Handler
                0x08001e6c        0x2 ./Core/Startup/startup_stm32f103c8tx.o
                0x08001e6c                RTC_Alarm_IRQHandler
                0x08001e6c                EXTI2_IRQHandler
                0x08001e6c                TIM1_CC_IRQHandler
                0x08001e6c                PVD_IRQHandler
                0x08001e6c                EXTI3_IRQHandler
                0x08001e6c                EXTI0_IRQHandler
                0x08001e6c                I2C2_EV_IRQHandler
                0x08001e6c                ADC1_2_IRQHandler
                0x08001e6c                SPI1_IRQHandler
                0x08001e6c                TAMPER_IRQHandler
                0x08001e6c                DMA1_Channel4_IRQHandler
                0x08001e6c                USART3_IRQHandler
                0x08001e6c                RTC_IRQHandler
                0x08001e6c                DMA1_Channel7_IRQHandler
                0x08001e6c                CAN1_RX1_IRQHandler
                0x08001e6c                TIM3_IRQHandler
                0x08001e6c                RCC_IRQHandler
                0x08001e6c                TIM1_TRG_COM_IRQHandler
                0x08001e6c                DMA1_Channel1_IRQHandler
                0x08001e6c                Default_Handler
                0x08001e6c                EXTI15_10_IRQHandler
                0x08001e6c                EXTI9_5_IRQHandler
                0x08001e6c                SPI2_IRQHandler
                0x08001e6c                DMA1_Channel5_IRQHandler
                0x08001e6c                EXTI4_IRQHandler
                0x08001e6c                USB_LP_CAN1_RX0_IRQHandler
                0x08001e6c                USB_HP_CAN1_TX_IRQHandler
                0x08001e6c                TIM1_UP_IRQHandler
                0x08001e6c                WWDG_IRQHandler
                0x08001e6c                TIM2_IRQHandler
                0x08001e6c                TIM1_BRK_IRQHandler
                0x08001e6c                USART2_IRQHandler
                0x08001e6c                I2C2_ER_IRQHandler
                0x08001e6c                CAN1_SCE_IRQHandler
                0x08001e6c                FLASH_IRQHandler
                0x08001e6c                USART1_IRQHandler
                0x08001e6c                USBWakeUp_IRQHandler
 *fill*         0x08001e6e        0x2 
 .text.HAL_Init
                0x08001e70       0x2c ./Drivers/STM32F1xx_HAL_Driver/Src/stm32f1xx_hal.o
                0x08001e70                HAL_Init
 .text.HAL_IncTick
                0x08001e9c       0x24 ./Drivers/STM32F1xx_HAL_Driver/Src/stm32f1xx_hal.o
                0x08001e9c                HAL_IncTick
 .text.HAL_GetTick
                0x08001ec0       0x14 ./Drivers/STM32F1xx_HAL_Driver/Src/stm32f1xx_hal.o
                0x08001ec0                HAL_GetTick
 .text.HAL_Delay
                0x08001ed4       0x48 ./Drivers/STM32F1xx_HAL_Driver/Src/stm32f1xx_hal.o
                0x08001ed4                HAL_Delay
 .text.__NVIC_SetPriorityGrouping
                0x08001f1c       0x48 ./Drivers/STM32F1xx_HAL_Driver/Src/stm32f1xx_hal_cortex.o
 .text.__NVIC_GetPriorityGrouping
                0x08001f64       0x1c ./Drivers/STM32F1xx_HAL_Driver/Src/stm32f1xx_hal_cortex.o
 .text.__NVIC_EnableIRQ
                0x08001f80       0x38 ./Drivers/STM32F1xx_HAL_Driver/Src/stm32f1xx_hal_cortex.o
 .text.__NVIC_SetPriority
                0x08001fb8       0x54 ./Drivers/STM32F1xx_HAL_Driver/Src/stm32f1xx_hal_cortex.o
 .text.NVIC_EncodePriority
                0x0800200c       0x64 ./Drivers/STM32F1xx_HAL_Driver/Src/stm32f1xx_hal_cortex.o
 .text.HAL_NVIC_SetPriorityGrouping
                0x08002070       0x40 ./Drivers/STM32F1xx_HAL_Driver/Src/stm32f1xx_hal_cortex.o
                0x08002070                HAL_NVIC_SetPriorityGrouping
 .text.HAL_NVIC_SetPriority
                0x080020b0       0x58 ./Drivers/STM32F1xx_HAL_Driver/Src/stm32f1xx_hal_cortex.o
                0x080020b0                HAL_NVIC_SetPriority
 .text.HAL_NVIC_EnableIRQ
                0x08002108       0x30 ./Drivers/STM32F1xx_HAL_Driver/Src/stm32f1xx_hal_cortex.o
                0x08002108                HAL_NVIC_EnableIRQ
 .text.HAL_DMA_Init
                0x08002138      0x200 ./Drivers/STM32F1xx_HAL_Driver/Src/stm32f1xx_hal_dma.o
                0x08002138                HAL_DMA_Init
 .text.HAL_DMA_Start_IT
                0x08002338       0xdc ./Drivers/STM32F1xx_HAL_Driver/Src/stm32f1xx_hal_dma.o
                0x08002338                HAL_DMA_Start_IT
 .text.HAL_DMA_Abort_IT
                0x08002414       0xf0 ./Drivers/STM32F1xx_HAL_Driver/Src/stm32f1xx_hal_dma.o
                0x08002414                HAL_DMA_Abort_IT
 .text.HAL_DMA_IRQHandler
                0x08002504      0x20c ./Drivers/STM32F1xx_HAL_Driver/Src/stm32f1xx_hal_dma.o
                0x08002504                HAL_DMA_IRQHandler
 .text.HAL_DMA_GetState
                0x08002710       0x1a ./Drivers/STM32F1xx_HAL_Driver/Src/stm32f1xx_hal_dma.o
                0x08002710                HAL_DMA_GetState
 .text.DMA_SetConfig
                0x0800272a       0x5a ./Drivers/STM32F1xx_HAL_Driver/Src/stm32f1xx_hal_dma.o
 .text.HAL_GPIO_Init
                0x08002784      0x4dc ./Drivers/STM32F1xx_HAL_Driver/Src/stm32f1xx_hal_gpio.o
                0x08002784                HAL_GPIO_Init
 .text.HAL_GPIO_ReadPin
                0x08002c60       0x40 ./Drivers/STM32F1xx_HAL_Driver/Src/stm32f1xx_hal_gpio.o
                0x08002c60                HAL_GPIO_ReadPin
 .text.HAL_GPIO_WritePin
                0x08002ca0       0x58 ./Drivers/STM32F1xx_HAL_Driver/Src/stm32f1xx_hal_gpio.o
                0x08002ca0                HAL_GPIO_WritePin
 .text.HAL_GPIO_TogglePin
                0x08002cf8       0x44 ./Drivers/STM32F1xx_HAL_Driver/Src/stm32f1xx_hal_gpio.o
                0x08002cf8                HAL_GPIO_TogglePin
 .text.HAL_GPIO_EXTI_IRQHandler
                0x08002d3c       0x30 ./Drivers/STM32F1xx_HAL_Driver/Src/stm32f1xx_hal_gpio.o
                0x08002d3c                HAL_GPIO_EXTI_IRQHandler
 .text.HAL_I2C_Init
                0x08002d6c      0x384 ./Drivers/STM32F1xx_HAL_Driver/Src/stm32f1xx_hal_i2c.o
                0x08002d6c                HAL_I2C_Init
 .text.I2C_Flush_DR
                0x080030f0       0x28 ./Drivers/STM32F1xx_HAL_Driver/Src/stm32f1xx_hal_i2c.o
 .text.HAL_I2C_Mem_Write
                0x08003118      0x20c ./Drivers/STM32F1xx_HAL_Driver/Src/stm32f1xx_hal_i2c.o
                0x08003118                HAL_I2C_Mem_Write
 .text.HAL_I2C_Mem_Write_DMA
                0x08003324      0x2c8 ./Drivers/STM32F1xx_HAL_Driver/Src/stm32f1xx_hal_i2c.o
                0x08003324                HAL_I2C_Mem_Write_DMA
 .text.HAL_I2C_EV_IRQHandler
                0x080035ec      0x2e2 ./Drivers/STM32F1xx_HAL_Driver/Src/stm32f1xx_hal_i2c.o
                0x080035ec                HAL_I2C_EV_IRQHandler
 .text.HAL_I2C_ER_IRQHandler
                0x080038ce      0x15e ./Drivers/STM32F1xx_HAL_Driver/Src/stm32f1xx_hal_i2c.o
                0x080038ce                HAL_I2C_ER_IRQHandler
 .text.HAL_I2C_MasterTxCpltCallback
                0x08003a2c       0x12 ./Drivers/STM32F1xx_HAL_Driver/Src/stm32f1xx_hal_i2c.o
                0x08003a2c                HAL_I2C_MasterTxCpltCallback
 .text.HAL_I2C_MasterRxCpltCallback
                0x08003a3e       0x12 ./Drivers/STM32F1xx_HAL_Driver/Src/stm32f1xx_hal_i2c.o
                0x08003a3e                HAL_I2C_MasterRxCpltCallback
 .text.HAL_I2C_SlaveTxCpltCallback
                0x08003a50       0x12 ./Drivers/STM32F1xx_HAL_Driver/Src/stm32f1xx_hal_i2c.o
                0x08003a50                HAL_I2C_SlaveTxCpltCallback
 .text.HAL_I2C_SlaveRxCpltCallback
                0x08003a62       0x12 ./Drivers/STM32F1xx_HAL_Driver/Src/stm32f1xx_hal_i2c.o
                0x08003a62                HAL_I2C_SlaveRxCpltCallback
 .text.HAL_I2C_AddrCallback
                0x08003a74       0x1a ./Drivers/STM32F1xx_HAL_Driver/Src/stm32f1xx_hal_i2c.o
                0x08003a74                HAL_I2C_AddrCallback
 .text.HAL_I2C_ListenCpltCallback
                0x08003a8e       0x12 ./Drivers/STM32F1xx_HAL_Driver/Src/stm32f1xx_hal_i2c.o
                0x08003a8e                HAL_I2C_ListenCpltCallback
 .text.HAL_I2C_MemRxCpltCallback
                0x08003aa0       0x12 ./Drivers/STM32F1xx_HAL_Driver/Src/stm32f1xx_hal_i2c.o
                0x08003aa0                HAL_I2C_MemRxCpltCallback
 .text.HAL_I2C_AbortCpltCallback
                0x08003ab2       0x12 ./Drivers/STM32F1xx_HAL_Driver/Src/stm32f1xx_hal_i2c.o
                0x08003ab2                HAL_I2C_AbortCpltCallback
 .text.I2C_MasterTransmit_TXE
                0x08003ac4      0x138 ./Drivers/STM32F1xx_HAL_Driver/Src/stm32f1xx_hal_i2c.o
 .text.I2C_MasterTransmit_BTF
                0x08003bfc       0xec ./Drivers/STM32F1xx_HAL_Driver/Src/stm32f1xx_hal_i2c.o
 .text.I2C_MemoryTransmit_TXE_BTF
                0x08003ce8      0x130 ./Drivers/STM32F1xx_HAL_Driver/Src/stm32f1xx_hal_i2c.o
 .text.I2C_MasterReceive_RXNE
                0x08003e18      0x190 ./Drivers/STM32F1xx_HAL_Driver/Src/stm32f1xx_hal_i2c.o
 .text.I2C_MasterReceive_BTF
                0x08003fa8      0x1e2 ./Drivers/STM32F1xx_HAL_Driver/Src/stm32f1xx_hal_i2c.o
 .text.I2C_Master_SB
                0x0800418a      0x10a ./Drivers/STM32F1xx_HAL_Driver/Src/stm32f1xx_hal_i2c.o
 .text.I2C_Master_ADD10
                0x08004294       0x52 ./Drivers/STM32F1xx_HAL_Driver/Src/stm32f1xx_hal_i2c.o
 .text.I2C_Master_ADDR
                0x080042e6      0x336 ./Drivers/STM32F1xx_HAL_Driver/Src/stm32f1xx_hal_i2c.o
 .text.I2C_SlaveTransmit_TXE
                0x0800461c       0x7a ./Drivers/STM32F1xx_HAL_Driver/Src/stm32f1xx_hal_i2c.o
 .text.I2C_SlaveTransmit_BTF
                0x08004696       0x40 ./Drivers/STM32F1xx_HAL_Driver/Src/stm32f1xx_hal_i2c.o
 .text.I2C_SlaveReceive_RXNE
                0x080046d6       0x7c ./Drivers/STM32F1xx_HAL_Driver/Src/stm32f1xx_hal_i2c.o
 .text.I2C_SlaveReceive_BTF
                0x08004752       0x42 ./Drivers/STM32F1xx_HAL_Driver/Src/stm32f1xx_hal_i2c.o
 .text.I2C_Slave_ADDR
                0x08004794       0x94 ./Drivers/STM32F1xx_HAL_Driver/Src/stm32f1xx_hal_i2c.o
 .text.I2C_Slave_STOPF
                0x08004828      0x260 ./Drivers/STM32F1xx_HAL_Driver/Src/stm32f1xx_hal_i2c.o
 .text.I2C_Slave_AF
                0x08004a88       0xe8 ./Drivers/STM32F1xx_HAL_Driver/Src/stm32f1xx_hal_i2c.o
 .text.I2C_ITError
                0x08004b70      0x264 ./Drivers/STM32F1xx_HAL_Driver/Src/stm32f1xx_hal_i2c.o
 .text.I2C_RequestMemoryWrite
                0x08004dd4      0x12c ./Drivers/STM32F1xx_HAL_Driver/Src/stm32f1xx_hal_i2c.o
 .text.I2C_DMAXferCplt
                0x08004f00      0x1be ./Drivers/STM32F1xx_HAL_Driver/Src/stm32f1xx_hal_i2c.o
 .text.I2C_DMAError
                0x080050be       0x6e ./Drivers/STM32F1xx_HAL_Driver/Src/stm32f1xx_hal_i2c.o
 .text.I2C_DMAAbort
                0x0800512c      0x150 ./Drivers/STM32F1xx_HAL_Driver/Src/stm32f1xx_hal_i2c.o
 .text.I2C_WaitOnFlagUntilTimeout
                0x0800527c       0xf4 ./Drivers/STM32F1xx_HAL_Driver/Src/stm32f1xx_hal_i2c.o
 .text.I2C_WaitOnMasterAddressFlagUntilTimeout
                0x08005370      0x140 ./Drivers/STM32F1xx_HAL_Driver/Src/stm32f1xx_hal_i2c.o
 .text.I2C_WaitOnTXEFlagUntilTimeout
                0x080054b0       0x90 ./Drivers/STM32F1xx_HAL_Driver/Src/stm32f1xx_hal_i2c.o
 .text.I2C_WaitOnBTFFlagUntilTimeout
                0x08005540       0x90 ./Drivers/STM32F1xx_HAL_Driver/Src/stm32f1xx_hal_i2c.o
 .text.I2C_WaitOnSTOPRequestThroughIT
                0x080055d0       0x64 ./Drivers/STM32F1xx_HAL_Driver/Src/stm32f1xx_hal_i2c.o
 .text.I2C_IsAcknowledgeFailed
                0x08005634       0x5c ./Drivers/STM32F1xx_HAL_Driver/Src/stm32f1xx_hal_i2c.o
 .text.I2C_ConvertOtherXferOptions
                0x08005690       0x34 ./Drivers/STM32F1xx_HAL_Driver/Src/stm32f1xx_hal_i2c.o
 .text.HAL_RCC_OscConfig
                0x080056c4      0x6dc ./Drivers/STM32F1xx_HAL_Driver/Src/stm32f1xx_hal_rcc.o
                0x080056c4                HAL_RCC_OscConfig
 .text.HAL_RCC_ClockConfig
                0x08005da0      0x320 ./Drivers/STM32F1xx_HAL_Driver/Src/stm32f1xx_hal_rcc.o
                0x08005da0                HAL_RCC_ClockConfig
 .text.HAL_RCC_GetSysClockFreq
                0x080060c0       0xa8 ./Drivers/STM32F1xx_HAL_Driver/Src/stm32f1xx_hal_rcc.o
                0x080060c0                HAL_RCC_GetSysClockFreq
 .text.HAL_RCC_GetHCLKFreq
                0x08006168       0x14 ./Drivers/STM32F1xx_HAL_Driver/Src/stm32f1xx_hal_rcc.o
                0x08006168                HAL_RCC_GetHCLKFreq
 .text.HAL_RCC_GetPCLK1Freq
                0x0800617c       0x28 ./Drivers/STM32F1xx_HAL_Driver/Src/stm32f1xx_hal_rcc.o
                0x0800617c                HAL_RCC_GetPCLK1Freq
 .text.HAL_RCC_GetClockConfig
                0x080061a4       0x84 ./Drivers/STM32F1xx_HAL_Driver/Src/stm32f1xx_hal_rcc.o
                0x080061a4                HAL_RCC_GetClockConfig
 .text.RCC_Delay
                0x08006228       0x3c ./Drivers/STM32F1xx_HAL_Driver/Src/stm32f1xx_hal_rcc.o
 .text.HAL_SPI_Init
                0x08006264      0x2fc ./Drivers/STM32F1xx_HAL_Driver/Src/stm32f1xx_hal_spi.o
                0x08006264                HAL_SPI_Init
 .text.HAL_SPI_Transmit
                0x08006560      0x2a8 ./Drivers/STM32F1xx_HAL_Driver/Src/stm32f1xx_hal_spi.o
                0x08006560                HAL_SPI_Transmit
 .text.HAL_SPI_Receive
                0x08006808      0x232 ./Drivers/STM32F1xx_HAL_Driver/Src/stm32f1xx_hal_spi.o
                0x08006808                HAL_SPI_Receive
 *fill*         0x08006a3a        0x2 
 .text.HAL_SPI_TransmitReceive
                0x08006a3c      0x36c ./Drivers/STM32F1xx_HAL_Driver/Src/stm32f1xx_hal_spi.o
                0x08006a3c                HAL_SPI_TransmitReceive
 .text.SPI_WaitFlagStateUntilTimeout
                0x08006da8      0x110 ./Drivers/STM32F1xx_HAL_Driver/Src/stm32f1xx_hal_spi.o
 .text.SPI_EndRxTransaction
                0x08006eb8       0xa4 ./Drivers/STM32F1xx_HAL_Driver/Src/stm32f1xx_hal_spi.o
 .text.SPI_EndRxTxTransaction
                0x08006f5c       0x62 ./Drivers/STM32F1xx_HAL_Driver/Src/stm32f1xx_hal_spi.o
 *fill*         0x08006fbe        0x2 
 .text.HAL_TIM_Base_Init
                0x08006fc0      0x170 ./Drivers/STM32F1xx_HAL_Driver/Src/stm32f1xx_hal_tim.o
                0x08006fc0                HAL_TIM_Base_Init
 .text.HAL_TIM_Base_MspInit
                0x08007130       0x12 ./Drivers/STM32F1xx_HAL_Driver/Src/stm32f1xx_hal_tim.o
                0x08007130                HAL_TIM_Base_MspInit
 *fill*         0x08007142        0x2 
 .text.HAL_TIM_Base_Start_IT
                0x08007144       0xd8 ./Drivers/STM32F1xx_HAL_Driver/Src/stm32f1xx_hal_tim.o
                0x08007144                HAL_TIM_Base_Start_IT
 .text.HAL_TIM_IRQHandler
                0x0800721c      0x1e0 ./Drivers/STM32F1xx_HAL_Driver/Src/stm32f1xx_hal_tim.o
                0x0800721c                HAL_TIM_IRQHandler
 .text.HAL_TIM_OC_DelayElapsedCallback
                0x080073fc       0x12 ./Drivers/STM32F1xx_HAL_Driver/Src/stm32f1xx_hal_tim.o
                0x080073fc                HAL_TIM_OC_DelayElapsedCallback
 .text.HAL_TIM_IC_CaptureCallback
                0x0800740e       0x12 ./Drivers/STM32F1xx_HAL_Driver/Src/stm32f1xx_hal_tim.o
                0x0800740e                HAL_TIM_IC_CaptureCallback
 .text.HAL_TIM_PWM_PulseFinishedCallback
                0x08007420       0x12 ./Drivers/STM32F1xx_HAL_Driver/Src/stm32f1xx_hal_tim.o
                0x08007420                HAL_TIM_PWM_PulseFinishedCallback
 .text.HAL_TIM_TriggerCallback
                0x08007432       0x12 ./Drivers/STM32F1xx_HAL_Driver/Src/stm32f1xx_hal_tim.o
                0x08007432                HAL_TIM_TriggerCallback
 .text.TIM_Base_SetConfig
                0x08007444       0xdc ./Drivers/STM32F1xx_HAL_Driver/Src/stm32f1xx_hal_tim.o
                0x08007444                TIM_Base_SetConfig
 .text.HAL_TIMEx_CommutCallback
                0x08007520       0x12 ./Drivers/STM32F1xx_HAL_Driver/Src/stm32f1xx_hal_tim_ex.o
                0x08007520                HAL_TIMEx_CommutCallback
 .text.HAL_TIMEx_BreakCallback
                0x08007532       0x12 ./Drivers/STM32F1xx_HAL_Driver/Src/stm32f1xx_hal_tim_ex.o
                0x08007532                HAL_TIMEx_BreakCallback
 .text.__NVIC_SetPriority
                0x08007544       0x54 ./Middlewares/Third_Party/FreeRTOS/Source/CMSIS_RTOS_V2/cmsis_os2.o
 .text.SysTick_Handler
                0x08007598       0x20 ./Middlewares/Third_Party/FreeRTOS/Source/CMSIS_RTOS_V2/cmsis_os2.o
                0x08007598                SysTick_Handler
 .text.SVC_Setup
                0x080075b8       0x12 ./Middlewares/Third_Party/FreeRTOS/Source/CMSIS_RTOS_V2/cmsis_os2.o
 *fill*         0x080075ca        0x2 
 .text.osKernelInitialize
                0x080075cc       0x44 ./Middlewares/Third_Party/FreeRTOS/Source/CMSIS_RTOS_V2/cmsis_os2.o
                0x080075cc                osKernelInitialize
 .text.osKernelStart
                0x08007610       0x4c ./Middlewares/Third_Party/FreeRTOS/Source/CMSIS_RTOS_V2/cmsis_os2.o
                0x08007610                osKernelStart
 .text.osThreadNew
                0x0800765c      0x124 ./Middlewares/Third_Party/FreeRTOS/Source/CMSIS_RTOS_V2/cmsis_os2.o
                0x0800765c                osThreadNew
 .text.osDelay  0x08007780       0x36 ./Middlewares/Third_Party/FreeRTOS/Source/CMSIS_RTOS_V2/cmsis_os2.o
                0x08007780                osDelay
 *fill*         0x080077b6        0x2 
 .text.vApplicationGetIdleTaskMemory
                0x080077b8       0x30 ./Middlewares/Third_Party/FreeRTOS/Source/CMSIS_RTOS_V2/cmsis_os2.o
                0x080077b8                vApplicationGetIdleTaskMemory
 .text.vApplicationGetTimerTaskMemory
                0x080077e8       0x34 ./Middlewares/Third_Party/FreeRTOS/Source/CMSIS_RTOS_V2/cmsis_os2.o
                0x080077e8                vApplicationGetTimerTaskMemory
 .text.vListInitialise
                0x0800781c       0x3e ./Middlewares/Third_Party/FreeRTOS/Source/list.o
                0x0800781c                vListInitialise
 .text.vListInitialiseItem
                0x0800785a       0x18 ./Middlewares/Third_Party/FreeRTOS/Source/list.o
                0x0800785a                vListInitialiseItem
 .text.vListInsertEnd
                0x08007872       0x46 ./Middlewares/Third_Party/FreeRTOS/Source/list.o
                0x08007872                vListInsertEnd
 .text.vListInsert
                0x080078b8       0x70 ./Middlewares/Third_Party/FreeRTOS/Source/list.o
                0x080078b8                vListInsert
 .text.uxListRemove
                0x08007928       0x52 ./Middlewares/Third_Party/FreeRTOS/Source/list.o
                0x08007928                uxListRemove
 *fill*         0x0800797a        0x2 
 .text.xQueueGenericReset
                0x0800797c       0xd4 ./Middlewares/Third_Party/FreeRTOS/Source/queue.o
                0x0800797c                xQueueGenericReset
 .text.xQueueGenericCreateStatic
                0x08007a50       0xfa ./Middlewares/Third_Party/FreeRTOS/Source/queue.o
                0x08007a50                xQueueGenericCreateStatic
 .text.xQueueGenericCreate
                0x08007b4a       0x76 ./Middlewares/Third_Party/FreeRTOS/Source/queue.o
                0x08007b4a                xQueueGenericCreate
 .text.prvInitialiseNewQueue
                0x08007bc0       0x46 ./Middlewares/Third_Party/FreeRTOS/Source/queue.o
 *fill*         0x08007c06        0x2 
 .text.xQueueGenericSend
                0x08007c08      0x204 ./Middlewares/Third_Party/FreeRTOS/Source/queue.o
                0x08007c08                xQueueGenericSend
 .text.xQueueGenericSendFromISR
                0x08007e0c      0x13c ./Middlewares/Third_Party/FreeRTOS/Source/queue.o
                0x08007e0c                xQueueGenericSendFromISR
 .text.xQueueGiveFromISR
                0x08007f48      0x120 ./Middlewares/Third_Party/FreeRTOS/Source/queue.o
                0x08007f48                xQueueGiveFromISR
 .text.xQueueReceive
                0x08008068      0x1c4 ./Middlewares/Third_Party/FreeRTOS/Source/queue.o
                0x08008068                xQueueReceive
 .text.xQueueSemaphoreTake
                0x0800822c      0x220 ./Middlewares/Third_Party/FreeRTOS/Source/queue.o
                0x0800822c                xQueueSemaphoreTake
 .text.prvGetDisinheritPriorityAfterTimeout
                0x0800844c       0x2e ./Middlewares/Third_Party/FreeRTOS/Source/queue.o
 .text.prvCopyDataToQueue
                0x0800847a       0xd4 ./Middlewares/Third_Party/FreeRTOS/Source/queue.o
 .text.prvCopyDataFromQueue
                0x0800854e       0x4c ./Middlewares/Third_Party/FreeRTOS/Source/queue.o
 .text.prvUnlockQueue
                0x0800859a       0xa4 ./Middlewares/Third_Party/FreeRTOS/Source/queue.o
 .text.prvIsQueueEmpty
                0x0800863e       0x2c ./Middlewares/Third_Party/FreeRTOS/Source/queue.o
 .text.prvIsQueueFull
                0x0800866a       0x30 ./Middlewares/Third_Party/FreeRTOS/Source/queue.o
 *fill*         0x0800869a        0x2 
 .text.vQueueAddToRegistry
                0x0800869c       0x50 ./Middlewares/Third_Party/FreeRTOS/Source/queue.o
                0x0800869c                vQueueAddToRegistry
 .text.vQueueWaitForMessageRestricted
                0x080086ec       0x68 ./Middlewares/Third_Party/FreeRTOS/Source/queue.o
                0x080086ec                vQueueWaitForMessageRestricted
 .text.xTaskCreateStatic
                0x08008754       0xc0 ./Middlewares/Third_Party/FreeRTOS/Source/tasks.o
                0x08008754                xTaskCreateStatic
 .text.xTaskCreate
                0x08008814       0x8a ./Middlewares/Third_Party/FreeRTOS/Source/tasks.o
                0x08008814                xTaskCreate
 *fill*         0x0800889e        0x2 
 .text.prvInitialiseNewTask
                0x080088a0      0x150 ./Middlewares/Third_Party/FreeRTOS/Source/tasks.o
 .text.prvAddNewTaskToReadyList
                0x080089f0       0xe0 ./Middlewares/Third_Party/FreeRTOS/Source/tasks.o
 .text.vTaskDelete
                0x08008ad0       0xe8 ./Middlewares/Third_Party/FreeRTOS/Source/tasks.o
                0x08008ad0                vTaskDelete
 .text.vTaskDelay
                0x08008bb8       0x6c ./Middlewares/Third_Party/FreeRTOS/Source/tasks.o
                0x08008bb8                vTaskDelay
 .text.vTaskStartScheduler
                0x08008c24       0xe0 ./Middlewares/Third_Party/FreeRTOS/Source/tasks.o
                0x08008c24                vTaskStartScheduler
 .text.vTaskSuspendAll
                0x08008d04       0x1c ./Middlewares/Third_Party/FreeRTOS/Source/tasks.o
                0x08008d04                vTaskSuspendAll
 .text.xTaskResumeAll
                0x08008d20      0x13c ./Middlewares/Third_Party/FreeRTOS/Source/tasks.o
                0x08008d20                xTaskResumeAll
 .text.xTaskGetTickCount
                0x08008e5c       0x1c ./Middlewares/Third_Party/FreeRTOS/Source/tasks.o
                0x08008e5c                xTaskGetTickCount
 .text.xTaskIncrementTick
                0x08008e78      0x174 ./Middlewares/Third_Party/FreeRTOS/Source/tasks.o
                0x08008e78                xTaskIncrementTick
 .text.vTaskSwitchContext
                0x08008fec       0xc8 ./Middlewares/Third_Party/FreeRTOS/Source/tasks.o
                0x08008fec                vTaskSwitchContext
 .text.vTaskPlaceOnEventList
                0x080090b4       0x4c ./Middlewares/Third_Party/FreeRTOS/Source/tasks.o
                0x080090b4                vTaskPlaceOnEventList
 .text.vTaskPlaceOnEventListRestricted
                0x08009100       0x58 ./Middlewares/Third_Party/FreeRTOS/Source/tasks.o
                0x08009100                vTaskPlaceOnEventListRestricted
 .text.xTaskRemoveFromEventList
                0x08009158       0xc8 ./Middlewares/Third_Party/FreeRTOS/Source/tasks.o
                0x08009158                xTaskRemoveFromEventList
 .text.vTaskInternalSetTimeOutState
                0x08009220       0x2c ./Middlewares/Third_Party/FreeRTOS/Source/tasks.o
                0x08009220                vTaskInternalSetTimeOutState
 .text.xTaskCheckForTimeOut
                0x0800924c       0xc8 ./Middlewares/Third_Party/FreeRTOS/Source/tasks.o
                0x0800924c                xTaskCheckForTimeOut
 .text.vTaskMissedYield
                0x08009314       0x18 ./Middlewares/Third_Party/FreeRTOS/Source/tasks.o
                0x08009314                vTaskMissedYield
 .text.prvIdleTask
                0x0800932c       0x30 ./Middlewares/Third_Party/FreeRTOS/Source/tasks.o
 .text.prvInitialiseTaskLists
                0x0800935c       0x80 ./Middlewares/Third_Party/FreeRTOS/Source/tasks.o
 .text.prvCheckTasksWaitingTermination
                0x080093dc       0x5c ./Middlewares/Third_Party/FreeRTOS/Source/tasks.o
 .text.prvDeleteTCB
                0x08009438       0x6a ./Middlewares/Third_Party/FreeRTOS/Source/tasks.o
 *fill*         0x080094a2        0x2 
 .text.prvResetNextTaskUnblockTime
                0x080094a4       0x40 ./Middlewares/Third_Party/FreeRTOS/Source/tasks.o
 .text.xTaskGetSchedulerState
                0x080094e4       0x3c ./Middlewares/Third_Party/FreeRTOS/Source/tasks.o
                0x080094e4                xTaskGetSchedulerState
 .text.xTaskPriorityInherit
                0x08009520       0xd0 ./Middlewares/Third_Party/FreeRTOS/Source/tasks.o
                0x08009520                xTaskPriorityInherit
 .text.xTaskPriorityDisinherit
                0x080095f0       0xe0 ./Middlewares/Third_Party/FreeRTOS/Source/tasks.o
                0x080095f0                xTaskPriorityDisinherit
 .text.vTaskPriorityDisinheritAfterTimeout
                0x080096d0      0x108 ./Middlewares/Third_Party/FreeRTOS/Source/tasks.o
                0x080096d0                vTaskPriorityDisinheritAfterTimeout
 .text.pvTaskIncrementMutexHeldCount
                0x080097d8       0x28 ./Middlewares/Third_Party/FreeRTOS/Source/tasks.o
                0x080097d8                pvTaskIncrementMutexHeldCount
 .text.prvAddCurrentTaskToDelayedList
                0x08009800       0xa8 ./Middlewares/Third_Party/FreeRTOS/Source/tasks.o
 .text.xTimerCreateTimerTask
                0x080098a8       0x94 ./Middlewares/Third_Party/FreeRTOS/Source/timers.o
                0x080098a8                xTimerCreateTimerTask
 .text.xTimerGenericCommand
                0x0800993c       0x9c ./Middlewares/Third_Party/FreeRTOS/Source/timers.o
                0x0800993c                xTimerGenericCommand
 .text.prvProcessExpiredTimer
                0x080099d8       0x9c ./Middlewares/Third_Party/FreeRTOS/Source/timers.o
 .text.prvTimerTask
                0x08009a74       0x26 ./Middlewares/Third_Party/FreeRTOS/Source/timers.o
 *fill*         0x08009a9a        0x2 
 .text.prvProcessTimerOrBlockTask
                0x08009a9c       0x9c ./Middlewares/Third_Party/FreeRTOS/Source/timers.o
 .text.prvGetNextExpireTime
                0x08009b38       0x44 ./Middlewares/Third_Party/FreeRTOS/Source/timers.o
 .text.prvSampleTimeNow
                0x08009b7c       0x40 ./Middlewares/Third_Party/FreeRTOS/Source/timers.o
 .text.prvInsertTimerInActiveList
                0x08009bbc       0x84 ./Middlewares/Third_Party/FreeRTOS/Source/timers.o
 .text.prvProcessReceivedCommands
                0x08009c40      0x1cc ./Middlewares/Third_Party/FreeRTOS/Source/timers.o
 .text.prvSwitchTimerLists
                0x08009e0c       0xcc ./Middlewares/Third_Party/FreeRTOS/Source/timers.o
 .text.prvCheckForValidListAndQueue
                0x08009ed8       0x80 ./Middlewares/Third_Party/FreeRTOS/Source/timers.o
 .text.pxPortInitialiseStack
                0x08009f58       0x58 ./Middlewares/Third_Party/FreeRTOS/Source/portable/GCC/ARM_CM3/port.o
                0x08009f58                pxPortInitialiseStack
 .text.prvTaskExitError
                0x08009fb0       0x58 ./Middlewares/Third_Party/FreeRTOS/Source/portable/GCC/ARM_CM3/port.o
 *fill*         0x0800a008        0x8 
 .text.SVC_Handler
                0x0800a010       0x28 ./Middlewares/Third_Party/FreeRTOS/Source/portable/GCC/ARM_CM3/port.o
                0x0800a010                SVC_Handler
 .text.prvPortStartFirstTask
                0x0800a038       0x20 ./Middlewares/Third_Party/FreeRTOS/Source/portable/GCC/ARM_CM3/port.o
 .text.xPortStartScheduler
                0x0800a058       0xe4 ./Middlewares/Third_Party/FreeRTOS/Source/portable/GCC/ARM_CM3/port.o
                0x0800a058                xPortStartScheduler
 .text.vPortEnterCritical
                0x0800a13c       0x60 ./Middlewares/Third_Party/FreeRTOS/Source/portable/GCC/ARM_CM3/port.o
                0x0800a13c                vPortEnterCritical
 .text.vPortExitCritical
                0x0800a19c       0x54 ./Middlewares/Third_Party/FreeRTOS/Source/portable/GCC/ARM_CM3/port.o
                0x0800a19c                vPortExitCritical
 .text.PendSV_Handler
                0x0800a1f0       0x48 ./Middlewares/Third_Party/FreeRTOS/Source/portable/GCC/ARM_CM3/port.o
                0x0800a1f0                PendSV_Handler
 .text.xPortSysTickHandler
                0x0800a238       0x44 ./Middlewares/Third_Party/FreeRTOS/Source/portable/GCC/ARM_CM3/port.o
                0x0800a238                xPortSysTickHandler
 .text.vPortSetupTimerInterrupt
                0x0800a27c       0x44 ./Middlewares/Third_Party/FreeRTOS/Source/portable/GCC/ARM_CM3/port.o
                0x0800a27c                vPortSetupTimerInterrupt
 .text.vPortValidateInterruptPriority
                0x0800a2c0       0x80 ./Middlewares/Third_Party/FreeRTOS/Source/portable/GCC/ARM_CM3/port.o
                0x0800a2c0                vPortValidateInterruptPriority
 .text.pvPortMalloc
                0x0800a340      0x19c ./Middlewares/Third_Party/FreeRTOS/Source/portable/MemMang/heap_4.o
                0x0800a340                pvPortMalloc
 .text.vPortFree
                0x0800a4dc       0xc8 ./Middlewares/Third_Party/FreeRTOS/Source/portable/MemMang/heap_4.o
                0x0800a4dc                vPortFree
 .text.prvHeapInit
                0x0800a5a4       0xc4 ./Middlewares/Third_Party/FreeRTOS/Source/portable/MemMang/heap_4.o
 .text.prvInsertBlockIntoFreeList
                0x0800a668       0xb0 ./Middlewares/Third_Party/FreeRTOS/Source/portable/MemMang/heap_4.o
 .text.snprintf
                0x0800a718       0x6c C:/ST/STM32CubeIDE_1.19.0/STM32CubeIDE/plugins/com.st.stm32cube.ide.mcu.externaltools.gnu-tools-for-stm32.13.3.rel1.win32_1.0.0.202411081344/tools/bin/../lib/gcc/arm-none-eabi/13.3.1/../../../../arm-none-eabi/lib/thumb/v7-m/nofp\libc_nano.a(libc_a-snprintf.o)
                0x0800a718                sniprintf
                0x0800a718                snprintf
 .text.memset   0x0800a784       0x10 C:/ST/STM32CubeIDE_1.19.0/STM32CubeIDE/plugins/com.st.stm32cube.ide.mcu.externaltools.gnu-tools-for-stm32.13.3.rel1.win32_1.0.0.202411081344/tools/bin/../lib/gcc/arm-none-eabi/13.3.1/../../../../arm-none-eabi/lib/thumb/v7-m/nofp\libc_nano.a(libc_a-memset.o)
                0x0800a784                memset
 .text.strncpy  0x0800a794       0x26 C:/ST/STM32CubeIDE_1.19.0/STM32CubeIDE/plugins/com.st.stm32cube.ide.mcu.externaltools.gnu-tools-for-stm32.13.3.rel1.win32_1.0.0.202411081344/tools/bin/../lib/gcc/arm-none-eabi/13.3.1/../../../../arm-none-eabi/lib/thumb/v7-m/nofp\libc_nano.a(libc_a-strncpy.o)
                0x0800a794                strncpy
 *fill*         0x0800a7ba        0x2 
 .text._reclaim_reent
                0x0800a7bc       0xbc C:/ST/STM32CubeIDE_1.19.0/STM32CubeIDE/plugins/com.st.stm32cube.ide.mcu.externaltools.gnu-tools-for-stm32.13.3.rel1.win32_1.0.0.202411081344/tools/bin/../lib/gcc/arm-none-eabi/13.3.1/../../../../arm-none-eabi/lib/thumb/v7-m/nofp\libc_nano.a(libc_a-reent.o)
                0x0800a7bc                _reclaim_reent
 .text.__errno  0x0800a878        0xc C:/ST/STM32CubeIDE_1.19.0/STM32CubeIDE/plugins/com.st.stm32cube.ide.mcu.externaltools.gnu-tools-for-stm32.13.3.rel1.win32_1.0.0.202411081344/tools/bin/../lib/gcc/arm-none-eabi/13.3.1/../../../../arm-none-eabi/lib/thumb/v7-m/nofp\libc_nano.a(libc_a-errno.o)
                0x0800a878                __errno
 .text.__libc_init_array
                0x0800a884       0x48 C:/ST/STM32CubeIDE_1.19.0/STM32CubeIDE/plugins/com.st.stm32cube.ide.mcu.externaltools.gnu-tools-for-stm32.13.3.rel1.win32_1.0.0.202411081344/tools/bin/../lib/gcc/arm-none-eabi/13.3.1/../../../../arm-none-eabi/lib/thumb/v7-m/nofp\libc_nano.a(libc_a-init.o)
                0x0800a884                __libc_init_array
 .text.__retarget_lock_acquire_recursive
                0x0800a8cc        0x2 C:/ST/STM32CubeIDE_1.19.0/STM32CubeIDE/plugins/com.st.stm32cube.ide.mcu.externaltools.gnu-tools-for-stm32.13.3.rel1.win32_1.0.0.202411081344/tools/bin/../lib/gcc/arm-none-eabi/13.3.1/../../../../arm-none-eabi/lib/thumb/v7-m/nofp\libc_nano.a(libc_a-lock.o)
                0x0800a8cc                __retarget_lock_acquire_recursive
 .text.__retarget_lock_release_recursive
                0x0800a8ce        0x2 C:/ST/STM32CubeIDE_1.19.0/STM32CubeIDE/plugins/com.st.stm32cube.ide.mcu.externaltools.gnu-tools-for-stm32.13.3.rel1.win32_1.0.0.202411081344/tools/bin/../lib/gcc/arm-none-eabi/13.3.1/../../../../arm-none-eabi/lib/thumb/v7-m/nofp\libc_nano.a(libc_a-lock.o)
                0x0800a8ce                __retarget_lock_release_recursive
 .text.memcpy   0x0800a8d0       0x1c C:/ST/STM32CubeIDE_1.19.0/STM32CubeIDE/plugins/com.st.stm32cube.ide.mcu.externaltools.gnu-tools-for-stm32.13.3.rel1.win32_1.0.0.202411081344/tools/bin/../lib/gcc/arm-none-eabi/13.3.1/../../../../arm-none-eabi/lib/thumb/v7-m/nofp\libc_nano.a(libc_a-memcpy-stub.o)
                0x0800a8d0                memcpy
 .text._free_r  0x0800a8ec       0x90 C:/ST/STM32CubeIDE_1.19.0/STM32CubeIDE/plugins/com.st.stm32cube.ide.mcu.externaltools.gnu-tools-for-stm32.13.3.rel1.win32_1.0.0.202411081344/tools/bin/../lib/gcc/arm-none-eabi/13.3.1/../../../../arm-none-eabi/lib/thumb/v7-m/nofp\libc_nano.a(libc_a-freer.o)
                0x0800a8ec                _free_r
 .text.sbrk_aligned
                0x0800a97c       0x44 C:/ST/STM32CubeIDE_1.19.0/STM32CubeIDE/plugins/com.st.stm32cube.ide.mcu.externaltools.gnu-tools-for-stm32.13.3.rel1.win32_1.0.0.202411081344/tools/bin/../lib/gcc/arm-none-eabi/13.3.1/../../../../arm-none-eabi/lib/thumb/v7-m/nofp\libc_nano.a(libc_a-mallocr.o)
 .text._malloc_r
                0x0800a9c0      0x100 C:/ST/STM32CubeIDE_1.19.0/STM32CubeIDE/plugins/com.st.stm32cube.ide.mcu.externaltools.gnu-tools-for-stm32.13.3.rel1.win32_1.0.0.202411081344/tools/bin/../lib/gcc/arm-none-eabi/13.3.1/../../../../arm-none-eabi/lib/thumb/v7-m/nofp\libc_nano.a(libc_a-mallocr.o)
                0x0800a9c0                _malloc_r
 .text.__malloc_lock
                0x0800aac0        0xc C:/ST/STM32CubeIDE_1.19.0/STM32CubeIDE/plugins/com.st.stm32cube.ide.mcu.externaltools.gnu-tools-for-stm32.13.3.rel1.win32_1.0.0.202411081344/tools/bin/../lib/gcc/arm-none-eabi/13.3.1/../../../../arm-none-eabi/lib/thumb/v7-m/nofp\libc_nano.a(libc_a-mlock.o)
                0x0800aac0                __malloc_lock
 .text.__malloc_unlock
                0x0800aacc        0xc C:/ST/STM32CubeIDE_1.19.0/STM32CubeIDE/plugins/com.st.stm32cube.ide.mcu.externaltools.gnu-tools-for-stm32.13.3.rel1.win32_1.0.0.202411081344/tools/bin/../lib/gcc/arm-none-eabi/13.3.1/../../../../arm-none-eabi/lib/thumb/v7-m/nofp\libc_nano.a(libc_a-mlock.o)
                0x0800aacc                __malloc_unlock
 .text.__ssputs_r
                0x0800aad8       0xb6 C:/ST/STM32CubeIDE_1.19.0/STM32CubeIDE/plugins/com.st.stm32cube.ide.mcu.externaltools.gnu-tools-for-stm32.13.3.rel1.win32_1.0.0.202411081344/tools/bin/../lib/gcc/arm-none-eabi/13.3.1/../../../../arm-none-eabi/lib/thumb/v7-m/nofp\libc_nano.a(libc_a-nano-svfprintf.o)
                0x0800aad8                __ssputs_r
 *fill*         0x0800ab8e        0x2 
 .text._svfprintf_r
                0x0800ab90      0x1f8 C:/ST/STM32CubeIDE_1.19.0/STM32CubeIDE/plugins/com.st.stm32cube.ide.mcu.externaltools.gnu-tools-for-stm32.13.3.rel1.win32_1.0.0.202411081344/tools/bin/../lib/gcc/arm-none-eabi/13.3.1/../../../../arm-none-eabi/lib/thumb/v7-m/nofp\libc_nano.a(libc_a-nano-svfprintf.o)
                0x0800ab90                _svfiprintf_r
                0x0800ab90                _svfprintf_r
 .text._printf_common
                0x0800ad88       0xe4 C:/ST/STM32CubeIDE_1.19.0/STM32CubeIDE/plugins/com.st.stm32cube.ide.mcu.externaltools.gnu-tools-for-stm32.13.3.rel1.win32_1.0.0.202411081344/tools/bin/../lib/gcc/arm-none-eabi/13.3.1/../../../../arm-none-eabi/lib/thumb/v7-m/nofp\libc_nano.a(libc_a-nano-vfprintf_i.o)
                0x0800ad88                _printf_common
 .text._printf_i
                0x0800ae6c      0x23c C:/ST/STM32CubeIDE_1.19.0/STM32CubeIDE/plugins/com.st.stm32cube.ide.mcu.externaltools.gnu-tools-for-stm32.13.3.rel1.win32_1.0.0.202411081344/tools/bin/../lib/gcc/arm-none-eabi/13.3.1/../../../../arm-none-eabi/lib/thumb/v7-m/nofp\libc_nano.a(libc_a-nano-vfprintf_i.o)
                0x0800ae6c                _printf_i
 .text.memmove  0x0800b0a8       0x34 C:/ST/STM32CubeIDE_1.19.0/STM32CubeIDE/plugins/com.st.stm32cube.ide.mcu.externaltools.gnu-tools-for-stm32.13.3.rel1.win32_1.0.0.202411081344/tools/bin/../lib/gcc/arm-none-eabi/13.3.1/../../../../arm-none-eabi/lib/thumb/v7-m/nofp\libc_nano.a(libc_a-memmove.o)
                0x0800b0a8                memmove
 .text._sbrk_r  0x0800b0dc       0x20 C:/ST/STM32CubeIDE_1.19.0/STM32CubeIDE/plugins/com.st.stm32cube.ide.mcu.externaltools.gnu-tools-for-stm32.13.3.rel1.win32_1.0.0.202411081344/tools/bin/../lib/gcc/arm-none-eabi/13.3.1/../../../../arm-none-eabi/lib/thumb/v7-m/nofp\libc_nano.a(libc_a-sbrkr.o)
                0x0800b0dc                _sbrk_r
 .text.memchr   0x0800b0fc       0x1c C:/ST/STM32CubeIDE_1.19.0/STM32CubeIDE/plugins/com.st.stm32cube.ide.mcu.externaltools.gnu-tools-for-stm32.13.3.rel1.win32_1.0.0.202411081344/tools/bin/../lib/gcc/arm-none-eabi/13.3.1/../../../../arm-none-eabi/lib/thumb/v7-m/nofp\libc_nano.a(libc_a-memchr-stub.o)
                0x0800b0fc                memchr
 .text._realloc_r
                0x0800b118       0x5c C:/ST/STM32CubeIDE_1.19.0/STM32CubeIDE/plugins/com.st.stm32cube.ide.mcu.externaltools.gnu-tools-for-stm32.13.3.rel1.win32_1.0.0.202411081344/tools/bin/../lib/gcc/arm-none-eabi/13.3.1/../../../../arm-none-eabi/lib/thumb/v7-m/nofp\libc_nano.a(libc_a-reallocr.o)
                0x0800b118                _realloc_r
 .text._malloc_usable_size_r
                0x0800b174       0x10 C:/ST/STM32CubeIDE_1.19.0/STM32CubeIDE/plugins/com.st.stm32cube.ide.mcu.externaltools.gnu-tools-for-stm32.13.3.rel1.win32_1.0.0.202411081344/tools/bin/../lib/gcc/arm-none-eabi/13.3.1/../../../../arm-none-eabi/lib/thumb/v7-m/nofp\libc_nano.a(libc_a-msizer.o)
                0x0800b174                _malloc_usable_size_r
 *(.glue_7)
 .glue_7        0x0800b184        0x0 linker stubs
 *(.glue_7t)
 .glue_7t       0x0800b184        0x0 linker stubs
 *(.eh_frame)
 .eh_frame      0x0800b184        0x0 C:/ST/STM32CubeIDE_1.19.0/STM32CubeIDE/plugins/com.st.stm32cube.ide.mcu.externaltools.gnu-tools-for-stm32.13.3.rel1.win32_1.0.0.202411081344/tools/bin/../lib/gcc/arm-none-eabi/13.3.1/thumb/v7-m/nofp/crtbegin.o
 *(.init)
 .init          0x0800b184        0x4 C:/ST/STM32CubeIDE_1.19.0/STM32CubeIDE/plugins/com.st.stm32cube.ide.mcu.externaltools.gnu-tools-for-stm32.13.3.rel1.win32_1.0.0.202411081344/tools/bin/../lib/gcc/arm-none-eabi/13.3.1/thumb/v7-m/nofp/crti.o
                0x0800b184                _init
 .init          0x0800b188        0x8 C:/ST/STM32CubeIDE_1.19.0/STM32CubeIDE/plugins/com.st.stm32cube.ide.mcu.externaltools.gnu-tools-for-stm32.13.3.rel1.win32_1.0.0.202411081344/tools/bin/../lib/gcc/arm-none-eabi/13.3.1/thumb/v7-m/nofp/crtn.o
 *(.fini)
 .fini          0x0800b190        0x4 C:/ST/STM32CubeIDE_1.19.0/STM32CubeIDE/plugins/com.st.stm32cube.ide.mcu.externaltools.gnu-tools-for-stm32.13.3.rel1.win32_1.0.0.202411081344/tools/bin/../lib/gcc/arm-none-eabi/13.3.1/thumb/v7-m/nofp/crti.o
                0x0800b190                _fini
 .fini          0x0800b194        0x8 C:/ST/STM32CubeIDE_1.19.0/STM32CubeIDE/plugins/com.st.stm32cube.ide.mcu.externaltools.gnu-tools-for-stm32.13.3.rel1.win32_1.0.0.202411081344/tools/bin/../lib/gcc/arm-none-eabi/13.3.1/thumb/v7-m/nofp/crtn.o
                0x0800b19c                        . = ALIGN (0x4)
                0x0800b19c                        _etext = .

.vfp11_veneer   0x0800b19c        0x0
 .vfp11_veneer  0x0800b19c        0x0 linker stubs

.v4_bx          0x0800b19c        0x0
 .v4_bx         0x0800b19c        0x0 linker stubs

.iplt           0x0800b19c        0x0
 .iplt          0x0800b19c        0x0 C:/ST/STM32CubeIDE_1.19.0/STM32CubeIDE/plugins/com.st.stm32cube.ide.mcu.externaltools.gnu-tools-for-stm32.13.3.rel1.win32_1.0.0.202411081344/tools/bin/../lib/gcc/arm-none-eabi/13.3.1/thumb/v7-m/nofp/crtbegin.o

.rodata         0x0800b19c     0x1250
                0x0800b19c                        . = ALIGN (0x4)
 *(.rodata)
 .rodata        0x0800b19c        0xc ./Core/Src/display.o
 .rodata        0x0800b1a8       0x2e ./Core/Src/freertos.o
 *fill*         0x0800b1d6        0x2 
 .rodata        0x0800b1d8       0x45 ./Core/Src/keypad.o
 *fill*         0x0800b21d        0x3 
 .rodata        0x0800b220        0x7 ./Core/Src/radio.o
 *fill*         0x0800b227        0x1 
 .rodata        0x0800b228       0x3b ./Drivers/STM32F1xx_HAL_Driver/Src/stm32f1xx_hal_cortex.o
 *fill*         0x0800b263        0x1 
 .rodata        0x0800b264       0x38 ./Drivers/STM32F1xx_HAL_Driver/Src/stm32f1xx_hal_dma.o
 .rodata        0x0800b29c       0x39 ./Drivers/STM32F1xx_HAL_Driver/Src/stm32f1xx_hal_gpio.o
 *fill*         0x0800b2d5        0x3 
 .rodata        0x0800b2d8       0x38 ./Drivers/STM32F1xx_HAL_Driver/Src/stm32f1xx_hal_i2c.o
 .rodata        0x0800b310       0x38 ./Drivers/STM32F1xx_HAL_Driver/Src/stm32f1xx_hal_rcc.o
 .rodata        0x0800b348       0x38 ./Drivers/STM32F1xx_HAL_Driver/Src/stm32f1xx_hal_spi.o
 .rodata        0x0800b380       0x38 ./Drivers/STM32F1xx_HAL_Driver/Src/stm32f1xx_hal_tim.o
 .rodata        0x0800b3b8        0x5 ./Middlewares/Third_Party/FreeRTOS/Source/tasks.o
 *fill*         0x0800b3bd        0x3 
 .rodata        0x0800b3c0        0xd ./Middlewares/Third_Party/FreeRTOS/Source/timers.o
 *(.rodata*)
 *fill*         0x0800b3cd        0x3 
 .rodata.Font_6x8_Data
                0x0800b3d0      0x23a ./Core/Src/fonts.o
                0x0800b3d0                Font_6x8_Data
 *fill*         0x0800b60a        0x2 
 .rodata.Font_11x18_Data
                0x0800b60c      0xd5c ./Core/Src/fonts.o
                0x0800b60c                Font_11x18_Data
 .rodata.defaultTask_attributes
                0x0800c368       0x24 ./Core/Src/freertos.o
                0x0800c368                defaultTask_attributes
 .rodata.AHBPrescTable
                0x0800c38c       0x10 ./Core/Src/system_stm32f1xx.o
                0x0800c38c                AHBPrescTable
 .rodata.APBPrescTable
                0x0800c39c        0x8 ./Core/Src/system_stm32f1xx.o
                0x0800c39c                APBPrescTable
 .rodata.aPLLMULFactorTable.1
                0x0800c3a4       0x10 ./Drivers/STM32F1xx_HAL_Driver/Src/stm32f1xx_hal_rcc.o
 .rodata.aPredivFactorTable.0
                0x0800c3b4        0x2 ./Drivers/STM32F1xx_HAL_Driver/Src/stm32f1xx_hal_rcc.o
 .rodata._svfprintf_r.str1.1
                0x0800c3b6       0x33 C:/ST/STM32CubeIDE_1.19.0/STM32CubeIDE/plugins/com.st.stm32cube.ide.mcu.externaltools.gnu-tools-for-stm32.13.3.rel1.win32_1.0.0.202411081344/tools/bin/../lib/gcc/arm-none-eabi/13.3.1/../../../../arm-none-eabi/lib/thumb/v7-m/nofp\libc_nano.a(libc_a-nano-svfprintf.o)
                                 0x11 (size before relaxing)
 .rodata._printf_i.str1.1
                0x0800c3e9       0x22 C:/ST/STM32CubeIDE_1.19.0/STM32CubeIDE/plugins/com.st.stm32cube.ide.mcu.externaltools.gnu-tools-for-stm32.13.3.rel1.win32_1.0.0.202411081344/tools/bin/../lib/gcc/arm-none-eabi/13.3.1/../../../../arm-none-eabi/lib/thumb/v7-m/nofp\libc_nano.a(libc_a-nano-vfprintf_i.o)
                0x0800c40c                        . = ALIGN (0x4)
 *fill*         0x0800c3e9        0x3 

.ARM.extab      0x0800c3ec        0x0
                0x0800c3ec                        . = ALIGN (0x4)
 *(.ARM.extab* .gnu.linkonce.armextab.*)
                0x0800c3ec                        . = ALIGN (0x4)

.ARM            0x0800c3ec        0x0
                0x0800c3ec                        . = ALIGN (0x4)
                0x0800c3ec                        __exidx_start = .
 *(.ARM.exidx*)
                0x0800c3ec                        __exidx_end = .
                0x0800c3ec                        . = ALIGN (0x4)

.preinit_array  0x0800c3ec        0x0
                0x0800c3ec                        . = ALIGN (0x4)
                0x0800c3ec                        PROVIDE (__preinit_array_start = .)
 *(.preinit_array*)
                0x0800c3ec                        PROVIDE (__preinit_array_end = .)
                0x0800c3ec                        . = ALIGN (0x4)

.init_array     0x0800c3ec       0x10
                0x0800c3ec                        . = ALIGN (0x4)
                0x0800c3ec                        PROVIDE (__init_array_start = .)
 *(SORT_BY_NAME(.init_array.*))
 *(.init_array*)
 .init_array    0x0800c3ec        0x4 C:/ST/STM32CubeIDE_1.19.0/STM32CubeIDE/plugins/com.st.stm32cube.ide.mcu.externaltools.gnu-tools-for-stm32.13.3.rel1.win32_1.0.0.202411081344/tools/bin/../lib/gcc/arm-none-eabi/13.3.1/thumb/v7-m/nofp/crtbegin.o
 .init_array    0x0800c3f0        0x4 ./Core/Src/display.o
 .init_array    0x0800c3f4        0x4 ./Core/Src/keypad.o
 .init_array    0x0800c3f8        0x4 ./Core/Src/radio.o
                0x0800c3fc                        PROVIDE (__init_array_end = .)
                0x0800c3fc                        . = ALIGN (0x4)

.fini_array     0x0800c3fc        0x4
                0x0800c3fc                        . = ALIGN (0x4)
                [!provide]                        PROVIDE (__fini_array_start = .)
 *(SORT_BY_NAME(.fini_array.*))
 *(.fini_array*)
 .fini_array    0x0800c3fc        0x4 C:/ST/STM32CubeIDE_1.19.0/STM32CubeIDE/plugins/com.st.stm32cube.ide.mcu.externaltools.gnu-tools-for-stm32.13.3.rel1.win32_1.0.0.202411081344/tools/bin/../lib/gcc/arm-none-eabi/13.3.1/thumb/v7-m/nofp/crtbegin.o
                [!provide]                        PROVIDE (__fini_array_end = .)
                0x0800c400                        . = ALIGN (0x4)
                0x0800c400                        _sidata = LOADADDR (.data)

.rel.dyn        0x0800c400        0x0
 .rel.iplt      0x0800c400        0x0 C:/ST/STM32CubeIDE_1.19.0/STM32CubeIDE/plugins/com.st.stm32cube.ide.mcu.externaltools.gnu-tools-for-stm32.13.3.rel1.win32_1.0.0.202411081344/tools/bin/../lib/gcc/arm-none-eabi/13.3.1/thumb/v7-m/nofp/crtbegin.o

.data           0x20000000       0x70 load address 0x0800c400
                0x20000000                        . = ALIGN (0x4)
                0x20000000                        _sdata = .
 *(.data)
 *(.data*)
 .data.Font_6x8
                0x20000000        0x8 ./Core/Src/fonts.o
                0x20000000                Font_6x8
 .data.Font_11x18
                0x20000008        0x8 ./Core/Src/fonts.o
                0x20000008                Font_11x18
 .data.SystemCoreClock
                0x20000010        0x4 ./Core/Src/system_stm32f1xx.o
                0x20000010                SystemCoreClock
 .data.uwTickPrio
                0x20000014        0x4 ./Drivers/STM32F1xx_HAL_Driver/Src/stm32f1xx_hal.o
                0x20000014                uwTickPrio
 .data.uwTickFreq
                0x20000018        0x1 ./Drivers/STM32F1xx_HAL_Driver/Src/stm32f1xx_hal.o
                0x20000018                uwTickFreq
 *fill*         0x20000019        0x3 
 .data.uxCriticalNesting
                0x2000001c        0x4 ./Middlewares/Third_Party/FreeRTOS/Source/portable/GCC/ARM_CM3/port.o
 .data._impure_ptr
                0x20000020        0x4 C:/ST/STM32CubeIDE_1.19.0/STM32CubeIDE/plugins/com.st.stm32cube.ide.mcu.externaltools.gnu-tools-for-stm32.13.3.rel1.win32_1.0.0.202411081344/tools/bin/../lib/gcc/arm-none-eabi/13.3.1/../../../../arm-none-eabi/lib/thumb/v7-m/nofp\libc_nano.a(libc_a-impure.o)
                0x20000020                _impure_ptr
 .data._impure_data
                0x20000024       0x4c C:/ST/STM32CubeIDE_1.19.0/STM32CubeIDE/plugins/com.st.stm32cube.ide.mcu.externaltools.gnu-tools-for-stm32.13.3.rel1.win32_1.0.0.202411081344/tools/bin/../lib/gcc/arm-none-eabi/13.3.1/../../../../arm-none-eabi/lib/thumb/v7-m/nofp\libc_nano.a(libc_a-impure.o)
                0x20000024                _impure_data
 *(.RamFunc)
 *(.RamFunc*)
                0x20000070                        . = ALIGN (0x4)
                0x20000070                        _edata = .

.igot.plt       0x20000070        0x0 load address 0x0800c470
 .igot.plt      0x20000070        0x0 C:/ST/STM32CubeIDE_1.19.0/STM32CubeIDE/plugins/com.st.stm32cube.ide.mcu.externaltools.gnu-tools-for-stm32.13.3.rel1.win32_1.0.0.202411081344/tools/bin/../lib/gcc/arm-none-eabi/13.3.1/thumb/v7-m/nofp/crtbegin.o
                0x20000070                        . = ALIGN (0x4)

.bss            0x20000070     0x2d8c load address 0x0800c470
                0x20000070                        _sbss = .
                0x20000070                        __bss_start__ = _sbss
 *(.bss)
 .bss           0x20000070       0x1c C:/ST/STM32CubeIDE_1.19.0/STM32CubeIDE/plugins/com.st.stm32cube.ide.mcu.externaltools.gnu-tools-for-stm32.13.3.rel1.win32_1.0.0.202411081344/tools/bin/../lib/gcc/arm-none-eabi/13.3.1/thumb/v7-m/nofp/crtbegin.o
 *(.bss*)
 .bss.g_i2c_tx_done_sem
                0x2000008c        0x4 ./Core/Src/display.o
                0x2000008c                g_i2c_tx_done_sem
 .bss.g_display
                0x20000090       0x20 ./Core/Src/display.o
                0x20000090                g_display
 .bss.defaultTaskHandle
                0x200000b0        0x4 ./Core/Src/freertos.o
                0x200000b0                defaultTaskHandle
 .bss.hi2c1     0x200000b4       0x54 ./Core/Src/i2c.o
                0x200000b4                hi2c1
 .bss.hdma_i2c1_tx
                0x20000108       0x44 ./Core/Src/i2c.o
                0x20000108                hdma_i2c1_tx
 .bss._ZL8g_keypad
                0x2000014c       0x22 ./Core/Src/keypad.o
 *fill*         0x2000016e        0x2 
 .bss.g_radio_irq_sem
                0x20000170        0x4 ./Core/Src/radio.o
                0x20000170                g_radio_irq_sem
 .bss.g_radio   0x20000174        0x4 ./Core/Src/radio.o
                0x20000174                g_radio
 .bss.radio_tx_buffer
                0x20000178       0x20 ./Core/Src/radio.o
                0x20000178                radio_tx_buffer
 .bss.hspi1     0x20000198       0x58 ./Core/Src/spi.o
                0x20000198                hspi1
 .bss.hdma_spi1_tx
                0x200001f0       0x44 ./Core/Src/spi.o
                0x200001f0                hdma_spi1_tx
 .bss.hdma_spi1_rx
                0x20000234       0x44 ./Core/Src/spi.o
                0x20000234                hdma_spi1_rx
 .bss.SSD1306_Buffer
                0x20000278      0x400 ./Core/Src/ssd1306.o
 .bss.current_x
                0x20000678        0x1 ./Core/Src/ssd1306.o
 .bss.current_y
                0x20000679        0x1 ./Core/Src/ssd1306.o
 *fill*         0x2000067a        0x2 
 .bss.htim4     0x2000067c       0x48 ./Core/Src/stm32f1xx_hal_timebase_tim.o
                0x2000067c                htim4
 .bss.__sbrk_heap_end
                0x200006c4        0x4 ./Core/Src/sysmem.o
 .bss.uwTick    0x200006c8        0x4 ./Drivers/STM32F1xx_HAL_Driver/Src/stm32f1xx_hal.o
                0x200006c8                uwTick
 .bss.KernelState
                0x200006cc        0x4 ./Middlewares/Third_Party/FreeRTOS/Source/CMSIS_RTOS_V2/cmsis_os2.o
 .bss.Idle_TCB.3
                0x200006d0       0xa8 ./Middlewares/Third_Party/FreeRTOS/Source/CMSIS_RTOS_V2/cmsis_os2.o
 .bss.Idle_Stack.2
                0x20000778      0x200 ./Middlewares/Third_Party/FreeRTOS/Source/CMSIS_RTOS_V2/cmsis_os2.o
 .bss.Timer_TCB.1
                0x20000978       0xa8 ./Middlewares/Third_Party/FreeRTOS/Source/CMSIS_RTOS_V2/cmsis_os2.o
 .bss.Timer_Stack.0
                0x20000a20      0x400 ./Middlewares/Third_Party/FreeRTOS/Source/CMSIS_RTOS_V2/cmsis_os2.o
 .bss.xQueueRegistry
                0x20000e20       0x40 ./Middlewares/Third_Party/FreeRTOS/Source/queue.o
                0x20000e20                xQueueRegistry
 .bss.pxCurrentTCB
                0x20000e60        0x4 ./Middlewares/Third_Party/FreeRTOS/Source/tasks.o
                0x20000e60                pxCurrentTCB
 .bss.pxReadyTasksLists
                0x20000e64      0x460 ./Middlewares/Third_Party/FreeRTOS/Source/tasks.o
 .bss.xDelayedTaskList1
                0x200012c4       0x14 ./Middlewares/Third_Party/FreeRTOS/Source/tasks.o
 .bss.xDelayedTaskList2
                0x200012d8       0x14 ./Middlewares/Third_Party/FreeRTOS/Source/tasks.o
 .bss.pxDelayedTaskList
                0x200012ec        0x4 ./Middlewares/Third_Party/FreeRTOS/Source/tasks.o
 .bss.pxOverflowDelayedTaskList
                0x200012f0        0x4 ./Middlewares/Third_Party/FreeRTOS/Source/tasks.o
 .bss.xPendingReadyList
                0x200012f4       0x14 ./Middlewares/Third_Party/FreeRTOS/Source/tasks.o
 .bss.xTasksWaitingTermination
                0x20001308       0x14 ./Middlewares/Third_Party/FreeRTOS/Source/tasks.o
 .bss.uxDeletedTasksWaitingCleanUp
                0x2000131c        0x4 ./Middlewares/Third_Party/FreeRTOS/Source/tasks.o
 .bss.xSuspendedTaskList
                0x20001320       0x14 ./Middlewares/Third_Party/FreeRTOS/Source/tasks.o
 .bss.uxCurrentNumberOfTasks
                0x20001334        0x4 ./Middlewares/Third_Party/FreeRTOS/Source/tasks.o
 .bss.xTickCount
                0x20001338        0x4 ./Middlewares/Third_Party/FreeRTOS/Source/tasks.o
 .bss.uxTopReadyPriority
                0x2000133c        0x4 ./Middlewares/Third_Party/FreeRTOS/Source/tasks.o
 .bss.xSchedulerRunning
                0x20001340        0x4 ./Middlewares/Third_Party/FreeRTOS/Source/tasks.o
 .bss.xPendedTicks
                0x20001344        0x4 ./Middlewares/Third_Party/FreeRTOS/Source/tasks.o
 .bss.xYieldPending
                0x20001348        0x4 ./Middlewares/Third_Party/FreeRTOS/Source/tasks.o
 .bss.xNumOfOverflows
                0x2000134c        0x4 ./Middlewares/Third_Party/FreeRTOS/Source/tasks.o
 .bss.uxTaskNumber
                0x20001350        0x4 ./Middlewares/Third_Party/FreeRTOS/Source/tasks.o
 .bss.xNextTaskUnblockTime
                0x20001354        0x4 ./Middlewares/Third_Party/FreeRTOS/Source/tasks.o
 .bss.xIdleTaskHandle
                0x20001358        0x4 ./Middlewares/Third_Party/FreeRTOS/Source/tasks.o
 .bss.uxSchedulerSuspended
                0x2000135c        0x4 ./Middlewares/Third_Party/FreeRTOS/Source/tasks.o
 .bss.xActiveTimerList1
                0x20001360       0x14 ./Middlewares/Third_Party/FreeRTOS/Source/timers.o
 .bss.xActiveTimerList2
                0x20001374       0x14 ./Middlewares/Third_Party/FreeRTOS/Source/timers.o
 .bss.pxCurrentTimerList
                0x20001388        0x4 ./Middlewares/Third_Party/FreeRTOS/Source/timers.o
 .bss.pxOverflowTimerList
                0x2000138c        0x4 ./Middlewares/Third_Party/FreeRTOS/Source/timers.o
 .bss.xTimerQueue
                0x20001390        0x4 ./Middlewares/Third_Party/FreeRTOS/Source/timers.o
 .bss.xTimerTaskHandle
                0x20001394        0x4 ./Middlewares/Third_Party/FreeRTOS/Source/timers.o
 .bss.xLastTime.2
                0x20001398        0x4 ./Middlewares/Third_Party/FreeRTOS/Source/timers.o
 .bss.ucStaticTimerQueueStorage.1
                0x2000139c       0xa0 ./Middlewares/Third_Party/FreeRTOS/Source/timers.o
 .bss.xStaticTimerQueue.0
                0x2000143c       0x50 ./Middlewares/Third_Party/FreeRTOS/Source/timers.o
 .bss.ucMaxSysCallPriority
                0x2000148c        0x1 ./Middlewares/Third_Party/FreeRTOS/Source/portable/GCC/ARM_CM3/port.o
 *fill*         0x2000148d        0x3 
 .bss.ulMaxPRIGROUPValue
                0x20001490        0x4 ./Middlewares/Third_Party/FreeRTOS/Source/portable/GCC/ARM_CM3/port.o
 .bss.ucHeap    0x20001494     0x1800 ./Middlewares/Third_Party/FreeRTOS/Source/portable/MemMang/heap_4.o
 .bss.xStart    0x20002c94        0x8 ./Middlewares/Third_Party/FreeRTOS/Source/portable/MemMang/heap_4.o
 .bss.pxEnd     0x20002c9c        0x4 ./Middlewares/Third_Party/FreeRTOS/Source/portable/MemMang/heap_4.o
 .bss.xFreeBytesRemaining
                0x20002ca0        0x4 ./Middlewares/Third_Party/FreeRTOS/Source/portable/MemMang/heap_4.o
 .bss.xMinimumEverFreeBytesRemaining
                0x20002ca4        0x4 ./Middlewares/Third_Party/FreeRTOS/Source/portable/MemMang/heap_4.o
 .bss.xNumberOfSuccessfulAllocations
                0x20002ca8        0x4 ./Middlewares/Third_Party/FreeRTOS/Source/portable/MemMang/heap_4.o
 .bss.xNumberOfSuccessfulFrees
                0x20002cac        0x4 ./Middlewares/Third_Party/FreeRTOS/Source/portable/MemMang/heap_4.o
 .bss.xBlockAllocatedBit
                0x20002cb0        0x4 ./Middlewares/Third_Party/FreeRTOS/Source/portable/MemMang/heap_4.o
 .bss.__sf      0x20002cb4      0x138 C:/ST/STM32CubeIDE_1.19.0/STM32CubeIDE/plugins/com.st.stm32cube.ide.mcu.externaltools.gnu-tools-for-stm32.13.3.rel1.win32_1.0.0.202411081344/tools/bin/../lib/gcc/arm-none-eabi/13.3.1/../../../../arm-none-eabi/lib/thumb/v7-m/nofp\libc_nano.a(libc_a-findfp.o)
                0x20002cb4                __sf
 .bss.errno     0x20002dec        0x4 C:/ST/STM32CubeIDE_1.19.0/STM32CubeIDE/plugins/com.st.stm32cube.ide.mcu.externaltools.gnu-tools-for-stm32.13.3.rel1.win32_1.0.0.202411081344/tools/bin/../lib/gcc/arm-none-eabi/13.3.1/../../../../arm-none-eabi/lib/thumb/v7-m/nofp\libc_nano.a(libc_a-reent.o)
                0x20002dec                errno
 .bss.__lock___malloc_recursive_mutex
                0x20002df0        0x1 C:/ST/STM32CubeIDE_1.19.0/STM32CubeIDE/plugins/com.st.stm32cube.ide.mcu.externaltools.gnu-tools-for-stm32.13.3.rel1.win32_1.0.0.202411081344/tools/bin/../lib/gcc/arm-none-eabi/13.3.1/../../../../arm-none-eabi/lib/thumb/v7-m/nofp\libc_nano.a(libc_a-lock.o)
                0x20002df0                __lock___malloc_recursive_mutex
 *fill*         0x20002df1        0x3 
 .bss.__malloc_sbrk_start
                0x20002df4        0x4 C:/ST/STM32CubeIDE_1.19.0/STM32CubeIDE/plugins/com.st.stm32cube.ide.mcu.externaltools.gnu-tools-for-stm32.13.3.rel1.win32_1.0.0.202411081344/tools/bin/../lib/gcc/arm-none-eabi/13.3.1/../../../../arm-none-eabi/lib/thumb/v7-m/nofp\libc_nano.a(libc_a-mallocr.o)
                0x20002df4                __malloc_sbrk_start
 .bss.__malloc_free_list
                0x20002df8        0x4 C:/ST/STM32CubeIDE_1.19.0/STM32CubeIDE/plugins/com.st.stm32cube.ide.mcu.externaltools.gnu-tools-for-stm32.13.3.rel1.win32_1.0.0.202411081344/tools/bin/../lib/gcc/arm-none-eabi/13.3.1/../../../../arm-none-eabi/lib/thumb/v7-m/nofp\libc_nano.a(libc_a-mallocr.o)
                0x20002df8                __malloc_free_list
 *(COMMON)
                0x20002dfc                        . = ALIGN (0x4)
                0x20002dfc                        _ebss = .
                0x20002dfc                        __bss_end__ = _ebss

._user_heap_stack
                0x20002dfc      0x604 load address 0x0800c470
                0x20002e00                        . = ALIGN (0x8)
 *fill*         0x20002dfc        0x4 
                [!provide]                        PROVIDE (end = .)
                0x20002e00                        PROVIDE (_end = .)
                0x20003000                        . = (. + _Min_Heap_Size)
 *fill*         0x20002e00      0x200 
                0x20003400                        . = (. + _Min_Stack_Size)
 *fill*         0x20003000      0x400 
                0x20003400                        . = ALIGN (0x8)

/DISCARD/
 libc.a(*)
 libm.a(*)
 libgcc.a(*)

.ARM.attributes
                0x00000000       0x29
 *(.ARM.attributes)
 .ARM.attributes
                0x00000000       0x1d C:/ST/STM32CubeIDE_1.19.0/STM32CubeIDE/plugins/com.st.stm32cube.ide.mcu.externaltools.gnu-tools-for-stm32.13.3.rel1.win32_1.0.0.202411081344/tools/bin/../lib/gcc/arm-none-eabi/13.3.1/thumb/v7-m/nofp/crti.o
 .ARM.attributes
                0x0000001d       0x2d C:/ST/STM32CubeIDE_1.19.0/STM32CubeIDE/plugins/com.st.stm32cube.ide.mcu.externaltools.gnu-tools-for-stm32.13.3.rel1.win32_1.0.0.202411081344/tools/bin/../lib/gcc/arm-none-eabi/13.3.1/thumb/v7-m/nofp/crtbegin.o
 .ARM.attributes
                0x0000004a       0x2d ./Core/Src/display.o
 .ARM.attributes
                0x00000077       0x2d ./Core/Src/dma.o
 .ARM.attributes
                0x000000a4       0x2d ./Core/Src/fonts.o
 .ARM.attributes
                0x000000d1       0x2d ./Core/Src/freertos.o
 .ARM.attributes
                0x000000fe       0x2d ./Core/Src/gpio.o
 .ARM.attributes
                0x0000012b       0x2d ./Core/Src/i2c.o
 .ARM.attributes
                0x00000158       0x2d ./Core/Src/keypad.o
 .ARM.attributes
                0x00000185       0x2d ./Core/Src/main.o
 .ARM.attributes
                0x000001b2       0x2d ./Core/Src/nrf24l01p.o
 .ARM.attributes
                0x000001df       0x2d ./Core/Src/radio.o
 .ARM.attributes
                0x0000020c       0x2d ./Core/Src/spi.o
 .ARM.attributes
                0x00000239       0x2d ./Core/Src/ssd1306.o
 .ARM.attributes
                0x00000266       0x2d ./Core/Src/stm32f1xx_hal_msp.o
 .ARM.attributes
                0x00000293       0x2d ./Core/Src/stm32f1xx_hal_timebase_tim.o
 .ARM.attributes
                0x000002c0       0x2d ./Core/Src/stm32f1xx_it.o
 .ARM.attributes
                0x000002ed       0x2d ./Core/Src/sysmem.o
 .ARM.attributes
                0x0000031a       0x2d ./Core/Src/system_stm32f1xx.o
 .ARM.attributes
                0x00000347       0x21 ./Core/Startup/startup_stm32f103c8tx.o
 .ARM.attributes
                0x00000368       0x2d ./Drivers/STM32F1xx_HAL_Driver/Src/stm32f1xx_hal.o
 .ARM.attributes
                0x00000395       0x2d ./Drivers/STM32F1xx_HAL_Driver/Src/stm32f1xx_hal_cortex.o
 .ARM.attributes
                0x000003c2       0x2d ./Drivers/STM32F1xx_HAL_Driver/Src/stm32f1xx_hal_dma.o
 .ARM.attributes
                0x000003ef       0x2d ./Drivers/STM32F1xx_HAL_Driver/Src/stm32f1xx_hal_gpio.o
 .ARM.attributes
                0x0000041c       0x2d ./Drivers/STM32F1xx_HAL_Driver/Src/stm32f1xx_hal_i2c.o
 .ARM.attributes
                0x00000449       0x2d ./Drivers/STM32F1xx_HAL_Driver/Src/stm32f1xx_hal_rcc.o
 .ARM.attributes
                0x00000476       0x2d ./Drivers/STM32F1xx_HAL_Driver/Src/stm32f1xx_hal_spi.o
 .ARM.attributes
                0x000004a3       0x2d ./Drivers/STM32F1xx_HAL_Driver/Src/stm32f1xx_hal_tim.o
 .ARM.attributes
                0x000004d0       0x2d ./Drivers/STM32F1xx_HAL_Driver/Src/stm32f1xx_hal_tim_ex.o
 .ARM.attributes
                0x000004fd       0x2d ./Middlewares/Third_Party/FreeRTOS/Source/CMSIS_RTOS_V2/cmsis_os2.o
 .ARM.attributes
                0x0000052a       0x2d ./Middlewares/Third_Party/FreeRTOS/Source/list.o
 .ARM.attributes
                0x00000557       0x2d ./Middlewares/Third_Party/FreeRTOS/Source/queue.o
 .ARM.attributes
                0x00000584       0x2d ./Middlewares/Third_Party/FreeRTOS/Source/tasks.o
 .ARM.attributes
                0x000005b1       0x2d ./Middlewares/Third_Party/FreeRTOS/Source/timers.o
 .ARM.attributes
                0x000005de       0x2d ./Middlewares/Third_Party/FreeRTOS/Source/portable/GCC/ARM_CM3/port.o
 .ARM.attributes
                0x0000060b       0x2d ./Middlewares/Third_Party/FreeRTOS/Source/portable/MemMang/heap_4.o
 .ARM.attributes
                0x00000638       0x2d C:/ST/STM32CubeIDE_1.19.0/STM32CubeIDE/plugins/com.st.stm32cube.ide.mcu.externaltools.gnu-tools-for-stm32.13.3.rel1.win32_1.0.0.202411081344/tools/bin/../lib/gcc/arm-none-eabi/13.3.1/../../../../arm-none-eabi/lib/thumb/v7-m/nofp\libc_nano.a(libc_a-findfp.o)
 .ARM.attributes
                0x00000665       0x2d C:/ST/STM32CubeIDE_1.19.0/STM32CubeIDE/plugins/com.st.stm32cube.ide.mcu.externaltools.gnu-tools-for-stm32.13.3.rel1.win32_1.0.0.202411081344/tools/bin/../lib/gcc/arm-none-eabi/13.3.1/../../../../arm-none-eabi/lib/thumb/v7-m/nofp\libc_nano.a(libc_a-snprintf.o)
 .ARM.attributes
                0x00000692       0x2d C:/ST/STM32CubeIDE_1.19.0/STM32CubeIDE/plugins/com.st.stm32cube.ide.mcu.externaltools.gnu-tools-for-stm32.13.3.rel1.win32_1.0.0.202411081344/tools/bin/../lib/gcc/arm-none-eabi/13.3.1/../../../../arm-none-eabi/lib/thumb/v7-m/nofp\libc_nano.a(libc_a-memset.o)
 .ARM.attributes
                0x000006bf       0x2d C:/ST/STM32CubeIDE_1.19.0/STM32CubeIDE/plugins/com.st.stm32cube.ide.mcu.externaltools.gnu-tools-for-stm32.13.3.rel1.win32_1.0.0.202411081344/tools/bin/../lib/gcc/arm-none-eabi/13.3.1/../../../../arm-none-eabi/lib/thumb/v7-m/nofp\libc_nano.a(libc_a-strncpy.o)
 .ARM.attributes
                0x000006ec       0x2d C:/ST/STM32CubeIDE_1.19.0/STM32CubeIDE/plugins/com.st.stm32cube.ide.mcu.externaltools.gnu-tools-for-stm32.13.3.rel1.win32_1.0.0.202411081344/tools/bin/../lib/gcc/arm-none-eabi/13.3.1/../../../../arm-none-eabi/lib/thumb/v7-m/nofp\libc_nano.a(libc_a-reent.o)
 .ARM.attributes
                0x00000719       0x2d C:/ST/STM32CubeIDE_1.19.0/STM32CubeIDE/plugins/com.st.stm32cube.ide.mcu.externaltools.gnu-tools-for-stm32.13.3.rel1.win32_1.0.0.202411081344/tools/bin/../lib/gcc/arm-none-eabi/13.3.1/../../../../arm-none-eabi/lib/thumb/v7-m/nofp\libc_nano.a(libc_a-impure.o)
 .ARM.attributes
                0x00000746       0x2d C:/ST/STM32CubeIDE_1.19.0/STM32CubeIDE/plugins/com.st.stm32cube.ide.mcu.externaltools.gnu-tools-for-stm32.13.3.rel1.win32_1.0.0.202411081344/tools/bin/../lib/gcc/arm-none-eabi/13.3.1/../../../../arm-none-eabi/lib/thumb/v7-m/nofp\libc_nano.a(libc_a-errno.o)
 .ARM.attributes
                0x00000773       0x2d C:/ST/STM32CubeIDE_1.19.0/STM32CubeIDE/plugins/com.st.stm32cube.ide.mcu.externaltools.gnu-tools-for-stm32.13.3.rel1.win32_1.0.0.202411081344/tools/bin/../lib/gcc/arm-none-eabi/13.3.1/../../../../arm-none-eabi/lib/thumb/v7-m/nofp\libc_nano.a(libc_a-init.o)
 .ARM.attributes
                0x000007a0       0x2d C:/ST/STM32CubeIDE_1.19.0/STM32CubeIDE/plugins/com.st.stm32cube.ide.mcu.externaltools.gnu-tools-for-stm32.13.3.rel1.win32_1.0.0.202411081344/tools/bin/../lib/gcc/arm-none-eabi/13.3.1/../../../../arm-none-eabi/lib/thumb/v7-m/nofp\libc_nano.a(libc_a-lock.o)
 .ARM.attributes
                0x000007cd       0x2d C:/ST/STM32CubeIDE_1.19.0/STM32CubeIDE/plugins/com.st.stm32cube.ide.mcu.externaltools.gnu-tools-for-stm32.13.3.rel1.win32_1.0.0.202411081344/tools/bin/../lib/gcc/arm-none-eabi/13.3.1/../../../../arm-none-eabi/lib/thumb/v7-m/nofp\libc_nano.a(libc_a-memcpy-stub.o)
 .ARM.attributes
                0x000007fa       0x2d C:/ST/STM32CubeIDE_1.19.0/STM32CubeIDE/plugins/com.st.stm32cube.ide.mcu.externaltools.gnu-tools-for-stm32.13.3.rel1.win32_1.0.0.202411081344/tools/bin/../lib/gcc/arm-none-eabi/13.3.1/../../../../arm-none-eabi/lib/thumb/v7-m/nofp\libc_nano.a(libc_a-freer.o)
 .ARM.attributes
                0x00000827       0x2d C:/ST/STM32CubeIDE_1.19.0/STM32CubeIDE/plugins/com.st.stm32cube.ide.mcu.externaltools.gnu-tools-for-stm32.13.3.rel1.win32_1.0.0.202411081344/tools/bin/../lib/gcc/arm-none-eabi/13.3.1/../../../../arm-none-eabi/lib/thumb/v7-m/nofp\libc_nano.a(libc_a-mallocr.o)
 .ARM.attributes
                0x00000854       0x2d C:/ST/STM32CubeIDE_1.19.0/STM32CubeIDE/plugins/com.st.stm32cube.ide.mcu.externaltools.gnu-tools-for-stm32.13.3.rel1.win32_1.0.0.202411081344/tools/bin/../lib/gcc/arm-none-eabi/13.3.1/../../../../arm-none-eabi/lib/thumb/v7-m/nofp\libc_nano.a(libc_a-mlock.o)
 .ARM.attributes
                0x00000881       0x2d C:/ST/STM32CubeIDE_1.19.0/STM32CubeIDE/plugins/com.st.stm32cube.ide.mcu.externaltools.gnu-tools-for-stm32.13.3.rel1.win32_1.0.0.202411081344/tools/bin/../lib/gcc/arm-none-eabi/13.3.1/../../../../arm-none-eabi/lib/thumb/v7-m/nofp\libc_nano.a(libc_a-nano-svfprintf.o)
 .ARM.attributes
                0x000008ae       0x2d C:/ST/STM32CubeIDE_1.19.0/STM32CubeIDE/plugins/com.st.stm32cube.ide.mcu.externaltools.gnu-tools-for-stm32.13.3.rel1.win32_1.0.0.202411081344/tools/bin/../lib/gcc/arm-none-eabi/13.3.1/../../../../arm-none-eabi/lib/thumb/v7-m/nofp\libc_nano.a(libc_a-nano-vfprintf_i.o)
 .ARM.attributes
                0x000008db       0x2d C:/ST/STM32CubeIDE_1.19.0/STM32CubeIDE/plugins/com.st.stm32cube.ide.mcu.externaltools.gnu-tools-for-stm32.13.3.rel1.win32_1.0.0.202411081344/tools/bin/../lib/gcc/arm-none-eabi/13.3.1/../../../../arm-none-eabi/lib/thumb/v7-m/nofp\libc_nano.a(libc_a-memmove.o)
 .ARM.attributes
                0x00000908       0x2d C:/ST/STM32CubeIDE_1.19.0/STM32CubeIDE/plugins/com.st.stm32cube.ide.mcu.externaltools.gnu-tools-for-stm32.13.3.rel1.win32_1.0.0.202411081344/tools/bin/../lib/gcc/arm-none-eabi/13.3.1/../../../../arm-none-eabi/lib/thumb/v7-m/nofp\libc_nano.a(libc_a-sbrkr.o)
 .ARM.attributes
                0x00000935       0x2d C:/ST/STM32CubeIDE_1.19.0/STM32CubeIDE/plugins/com.st.stm32cube.ide.mcu.externaltools.gnu-tools-for-stm32.13.3.rel1.win32_1.0.0.202411081344/tools/bin/../lib/gcc/arm-none-eabi/13.3.1/../../../../arm-none-eabi/lib/thumb/v7-m/nofp\libc_nano.a(libc_a-memchr-stub.o)
 .ARM.attributes
                0x00000962       0x2d C:/ST/STM32CubeIDE_1.19.0/STM32CubeIDE/plugins/com.st.stm32cube.ide.mcu.externaltools.gnu-tools-for-stm32.13.3.rel1.win32_1.0.0.202411081344/tools/bin/../lib/gcc/arm-none-eabi/13.3.1/../../../../arm-none-eabi/lib/thumb/v7-m/nofp\libc_nano.a(libc_a-reallocr.o)
 .ARM.attributes
                0x0000098f       0x2d C:/ST/STM32CubeIDE_1.19.0/STM32CubeIDE/plugins/com.st.stm32cube.ide.mcu.externaltools.gnu-tools-for-stm32.13.3.rel1.win32_1.0.0.202411081344/tools/bin/../lib/gcc/arm-none-eabi/13.3.1/../../../../arm-none-eabi/lib/thumb/v7-m/nofp\libc_nano.a(libc_a-msizer.o)
 .ARM.attributes
                0x000009bc       0x1d C:/ST/STM32CubeIDE_1.19.0/STM32CubeIDE/plugins/com.st.stm32cube.ide.mcu.externaltools.gnu-tools-for-stm32.13.3.rel1.win32_1.0.0.202411081344/tools/bin/../lib/gcc/arm-none-eabi/13.3.1/thumb/v7-m/nofp/crtn.o
OUTPUT(lb3.elf elf32-littlearm)
LOAD linker stubs
LOAD C:/ST/STM32CubeIDE_1.19.0/STM32CubeIDE/plugins/com.st.stm32cube.ide.mcu.externaltools.gnu-tools-for-stm32.13.3.rel1.win32_1.0.0.202411081344/tools/bin/../lib/gcc/arm-none-eabi/13.3.1/../../../../arm-none-eabi/lib/thumb/v7-m/nofp\libc.a
LOAD C:/ST/STM32CubeIDE_1.19.0/STM32CubeIDE/plugins/com.st.stm32cube.ide.mcu.externaltools.gnu-tools-for-stm32.13.3.rel1.win32_1.0.0.202411081344/tools/bin/../lib/gcc/arm-none-eabi/13.3.1/../../../../arm-none-eabi/lib/thumb/v7-m/nofp\libm.a
LOAD C:/ST/STM32CubeIDE_1.19.0/STM32CubeIDE/plugins/com.st.stm32cube.ide.mcu.externaltools.gnu-tools-for-stm32.13.3.rel1.win32_1.0.0.202411081344/tools/bin/../lib/gcc/arm-none-eabi/13.3.1/thumb/v7-m/nofp\libgcc.a

.debug_info     0x00000000    0x1cdbc
 .debug_info    0x00000000      0xcf2 ./Core/Src/display.o
 .debug_info    0x00000cf2      0x2cf ./Core/Src/dma.o
 .debug_info    0x00000fc1      0x1d0 ./Core/Src/fonts.o
 .debug_info    0x00001191      0x469 ./Core/Src/freertos.o
 .debug_info    0x000015fa      0x44e ./Core/Src/gpio.o
 .debug_info    0x00001a48      0x9b3 ./Core/Src/i2c.o
 .debug_info    0x000023fb      0xc80 ./Core/Src/keypad.o
 .debug_info    0x0000307b      0xc86 ./Core/Src/main.o
 .debug_info    0x00003d01      0xcb9 ./Core/Src/nrf24l01p.o
 .debug_info    0x000049ba      0xc3e ./Core/Src/radio.o
 .debug_info    0x000055f8      0x807 ./Core/Src/spi.o
 .debug_info    0x00005dff      0x9a1 ./Core/Src/ssd1306.o
 .debug_info    0x000067a0      0x361 ./Core/Src/stm32f1xx_hal_msp.o
 .debug_info    0x00006b01      0x9a8 ./Core/Src/stm32f1xx_hal_timebase_tim.o
 .debug_info    0x000074a9      0xab1 ./Core/Src/stm32f1xx_it.o
 .debug_info    0x00007f5a      0x168 ./Core/Src/sysmem.o
 .debug_info    0x000080c2      0x222 ./Core/Src/system_stm32f1xx.o
 .debug_info    0x000082e4       0x30 ./Core/Startup/startup_stm32f103c8tx.o
 .debug_info    0x00008314      0x73b ./Drivers/STM32F1xx_HAL_Driver/Src/stm32f1xx_hal.o
 .debug_info    0x00008a4f      0xaa1 ./Drivers/STM32F1xx_HAL_Driver/Src/stm32f1xx_hal_cortex.o
 .debug_info    0x000094f0      0x707 ./Drivers/STM32F1xx_HAL_Driver/Src/stm32f1xx_hal_dma.o
 .debug_info    0x00009bf7      0x5dc ./Drivers/STM32F1xx_HAL_Driver/Src/stm32f1xx_hal_gpio.o
 .debug_info    0x0000a1d3     0x2536 ./Drivers/STM32F1xx_HAL_Driver/Src/stm32f1xx_hal_i2c.o
 .debug_info    0x0000c709      0x7f0 ./Drivers/STM32F1xx_HAL_Driver/Src/stm32f1xx_hal_rcc.o
 .debug_info    0x0000cef9     0x1443 ./Drivers/STM32F1xx_HAL_Driver/Src/stm32f1xx_hal_spi.o
 .debug_info    0x0000e33c     0x29c3 ./Drivers/STM32F1xx_HAL_Driver/Src/stm32f1xx_hal_tim.o
 .debug_info    0x00010cff     0x14ef ./Drivers/STM32F1xx_HAL_Driver/Src/stm32f1xx_hal_tim_ex.o
 .debug_info    0x000121ee     0x402c ./Middlewares/Third_Party/FreeRTOS/Source/CMSIS_RTOS_V2/cmsis_os2.o
 .debug_info    0x0001621a      0x2af ./Middlewares/Third_Party/FreeRTOS/Source/list.o