Archive member included to satisfy reference by file (symbol)

C:/ST/STM32CubeIDE_1.19.0/STM32CubeIDE/plugins/com.st.stm32cube.ide.mcu.externaltools.gnu-tools-for-stm32.13.3.rel1.win32_1.0.0.202411081344/tools/bin/../lib/gcc/arm-none-eabi/13.3.1/../../../../arm-none-eabi/lib/thumb/v7-m/nofp\libstdc++_nano.a(new_op.o)
                              ./Core/Src/display.o (operator new(unsigned int))
C:/ST/STM32CubeIDE_1.19.0/STM32CubeIDE/plugins/com.st.stm32cube.ide.mcu.externaltools.gnu-tools-for-stm32.13.3.rel1.win32_1.0.0.202411081344/tools/bin/../lib/gcc/arm-none-eabi/13.3.1/../../../../arm-none-eabi/lib/thumb/v7-m/nofp\libstdc++_nano.a(new_handler.o)
                              C:/ST/STM32CubeIDE_1.19.0/STM32CubeIDE/plugins/com.st.stm32cube.ide.mcu.externaltools.gnu-tools-for-stm32.13.3.rel1.win32_1.0.0.202411081344/tools/bin/../lib/gcc/arm-none-eabi/13.3.1/../../../../arm-none-eabi/lib/thumb/v7-m/nofp\libstdc++_nano.a(new_op.o) (std::get_new_handler())
C:/ST/STM32CubeIDE_1.19.0/STM32CubeIDE/plugins/com.st.stm32cube.ide.mcu.externaltools.gnu-tools-for-stm32.13.3.rel1.win32_1.0.0.202411081344/tools/bin/../lib/gcc/arm-none-eabi/13.3.1/../../../../arm-none-eabi/lib/thumb/v7-m/nofp\libc_nano.a(libc_a-abort.o)
                              C:/ST/STM32CubeIDE_1.19.0/STM32CubeIDE/plugins/com.st.stm32cube.ide.mcu.externaltools.gnu-tools-for-stm32.13.3.rel1.win32_1.0.0.202411081344/tools/bin/../lib/gcc/arm-none-eabi/13.3.1/../../../../arm-none-eabi/lib/thumb/v7-m/nofp\libstdc++_nano.a(new_op.o) (abort)
C:/ST/STM32CubeIDE_1.19.0/STM32CubeIDE/plugins/com.st.stm32cube.ide.mcu.externaltools.gnu-tools-for-stm32.13.3.rel1.win32_1.0.0.202411081344/tools/bin/../lib/gcc/arm-none-eabi/13.3.1/../../../../arm-none-eabi/lib/thumb/v7-m/nofp\libc_nano.a(libc_a-exit.o)
                              C:/ST/STM32CubeIDE_1.19.0/STM32CubeIDE/plugins/com.st.stm32cube.ide.mcu.externaltools.gnu-tools-for-stm32.13.3.rel1.win32_1.0.0.202411081344/tools/bin/../lib/gcc/arm-none-eabi/13.3.1/../../../../arm-none-eabi/lib/thumb/v7-m/nofp/crt0.o (exit)
C:/ST/STM32CubeIDE_1.19.0/STM32CubeIDE/plugins/com.st.stm32cube.ide.mcu.externaltools.gnu-tools-for-stm32.13.3.rel1.win32_1.0.0.202411081344/tools/bin/../lib/gcc/arm-none-eabi/13.3.1/../../../../arm-none-eabi/lib/thumb/v7-m/nofp\libc_nano.a(libc_a-malloc.o)
                              C:/ST/STM32CubeIDE_1.19.0/STM32CubeIDE/plugins/com.st.stm32cube.ide.mcu.externaltools.gnu-tools-for-stm32.13.3.rel1.win32_1.0.0.202411081344/tools/bin/../lib/gcc/arm-none-eabi/13.3.1/../../../../arm-none-eabi/lib/thumb/v7-m/nofp\libstdc++_nano.a(new_op.o) (malloc)
C:/ST/STM32CubeIDE_1.19.0/STM32CubeIDE/plugins/com.st.stm32cube.ide.mcu.externaltools.gnu-tools-for-stm32.13.3.rel1.win32_1.0.0.202411081344/tools/bin/../lib/gcc/arm-none-eabi/13.3.1/../../../../arm-none-eabi/lib/thumb/v7-m/nofp\libc_nano.a(libc_a-mallocr.o)
                              C:/ST/STM32CubeIDE_1.19.0/STM32CubeIDE/plugins/com.st.stm32cube.ide.mcu.externaltools.gnu-tools-for-stm32.13.3.rel1.win32_1.0.0.202411081344/tools/bin/../lib/gcc/arm-none-eabi/13.3.1/../../../../arm-none-eabi/lib/thumb/v7-m/nofp\libc_nano.a(libc_a-malloc.o) (_malloc_r)
C:/ST/STM32CubeIDE_1.19.0/STM32CubeIDE/plugins/com.st.stm32cube.ide.mcu.externaltools.gnu-tools-for-stm32.13.3.rel1.win32_1.0.0.202411081344/tools/bin/../lib/gcc/arm-none-eabi/13.3.1/../../../../arm-none-eabi/lib/thumb/v7-m/nofp\libc_nano.a(libc_a-mlock.o)
                              C:/ST/STM32CubeIDE_1.19.0/STM32CubeIDE/plugins/com.st.stm32cube.ide.mcu.externaltools.gnu-tools-for-stm32.13.3.rel1.win32_1.0.0.202411081344/tools/bin/../lib/gcc/arm-none-eabi/13.3.1/../../../../arm-none-eabi/lib/thumb/v7-m/nofp\libc_nano.a(libc_a-mallocr.o) (__malloc_lock)
C:/ST/STM32CubeIDE_1.19.0/STM32CubeIDE/plugins/com.st.stm32cube.ide.mcu.externaltools.gnu-tools-for-stm32.13.3.rel1.win32_1.0.0.202411081344/tools/bin/../lib/gcc/arm-none-eabi/13.3.1/../../../../arm-none-eabi/lib/thumb/v7-m/nofp\libc_nano.a(libc_a-findfp.o)
                              ./Middlewares/Third_Party/FreeRTOS/Source/tasks.o (__sf)
C:/ST/STM32CubeIDE_1.19.0/STM32CubeIDE/plugins/com.st.stm32cube.ide.mcu.externaltools.gnu-tools-for-stm32.13.3.rel1.win32_1.0.0.202411081344/tools/bin/../lib/gcc/arm-none-eabi/13.3.1/../../../../arm-none-eabi/lib/thumb/v7-m/nofp\libc_nano.a(libc_a-fwalk.o)
                              C:/ST/STM32CubeIDE_1.19.0/STM32CubeIDE/plugins/com.st.stm32cube.ide.mcu.externaltools.gnu-tools-for-stm32.13.3.rel1.win32_1.0.0.202411081344/tools/bin/../lib/gcc/arm-none-eabi/13.3.1/../../../../arm-none-eabi/lib/thumb/v7-m/nofp\libc_nano.a(libc_a-findfp.o) (_fwalk_sglue)
C:/ST/STM32CubeIDE_1.19.0/STM32CubeIDE/plugins/com.st.stm32cube.ide.mcu.externaltools.gnu-tools-for-stm32.13.3.rel1.win32_1.0.0.202411081344/tools/bin/../lib/gcc/arm-none-eabi/13.3.1/../../../../arm-none-eabi/lib/thumb/v7-m/nofp\libc_nano.a(libc_a-stdio.o)
[...]
Memory Configuration

Name             Origin             Length             Attributes
RAM              0x20000000         0x00005000         xrw
FLASH            0x08000000         0x00010000         xr
*default*        0x00000000         0xffffffff

Linker script and memory map

LOAD C:/ST/STM32CubeIDE_1.19.0/STM32CubeIDE/plugins/com.st.stm32cube.ide.mcu.externaltools.gnu-tools-for-stm32.13.3.rel1.win32_1.0.0.202411081344/tools/bin/../lib/gcc/arm-none-eabi/13.3.1/thumb/v7-m/nofp/crti.o
LOAD C:/ST/STM32CubeIDE_1.19.0/STM32CubeIDE/plugins/com.st.stm32cube.ide.mcu.externaltools.gnu-tools-for-stm32.13.3.rel1.win32_1.0.0.202411081344/tools/bin/../lib/gcc/arm-none-eabi/13.3.1/thumb/v7-m/nofp/crtbegin.o
LOAD C:/ST/STM32CubeIDE_1.19.0/STM32CubeIDE/plugins/com.st.stm32cube.ide.mcu.externaltools.gnu-tools-for-stm32.13.3.rel1.win32_1.0.0.202411081344/tools/bin/../lib/gcc/arm-none-eabi/13.3.1/../../../../arm-none-eabi/lib/thumb/v7-m/nofp/crt0.o
LOAD ./Core/Src/display.o
LOAD ./Core/Src/dma.o
LOAD ./Core/Src/fonts.o
LOAD ./Core/Src/freertos.o
LOAD ./Core/Src/gpio.o
LOAD ./Core/Src/i2c.o
LOAD ./Core/Src/main.o
LOAD ./Core/Src/spi.o
LOAD ./Core/Src/ssd1306.o
LOAD ./Core/Src/stm32f1xx_hal_msp.o
LOAD ./Core/Src/stm32f1xx_hal_timebase_tim.o
LOAD ./Core/Src/stm32f1xx_it.o
LOAD ./Core/Src/syscalls.o
LOAD ./Core/Src/sysmem.o
LOAD ./Core/Src/system_stm32f1xx.o
LOAD ./Core/Startup/startup_stm32f103c8tx.o
LOAD ./Drivers/STM32F1xx_HAL_Driver/Src/stm32f1xx_hal.o
LOAD ./Drivers/STM32F1xx_HAL_Driver/Src/stm32f1xx_hal_cortex.o
LOAD ./Drivers/STM32F1xx_HAL_Driver/Src/stm32f1xx_hal_dma.o
LOAD ./Drivers/STM32F1xx_HAL_Driver/Src/stm32f1xx_hal_exti.o
LOAD ./Drivers/STM32F1xx_HAL_Driver/Src/stm32f1xx_hal_flash.o
LOAD ./Drivers/STM32F1xx_HAL_Driver/Src/stm32f1xx_hal_flash_ex.o
LOAD ./Drivers/STM32F1xx_HAL_Driver/Src/stm32f1xx_hal_gpio.o
LOAD ./Drivers/STM32F1xx_HAL_Driver/Src/stm32f1xx_hal_gpio_ex.o
LOAD ./Drivers/STM32F1xx_HAL_Driver/Src/stm32f1xx_hal_i2c.o
LOAD ./Drivers/STM32F1xx_HAL_Driver/Src/stm32f1xx_hal_pwr.o
LOAD ./Drivers/STM32F1xx_HAL_Driver/Src/stm32f1xx_hal_rcc.o
LOAD ./Drivers/STM32F1xx_HAL_Driver/Src/stm32f1xx_hal_rcc_ex.o
LOAD ./Drivers/STM32F1xx_HAL_Driver/Src/stm32f1xx_hal_spi.o
LOAD ./Drivers/STM32F1xx_HAL_Driver/Src/stm32f1xx_hal_tim.o
LOAD ./Drivers/STM32F1xx_HAL_Driver/Src/stm32f1xx_hal_tim_ex.o
LOAD ./Middlewares/Third_Party/FreeRTOS/Source/CMSIS_RTOS_V2/cmsis_os2.o
LOAD ./Middlewares/Third_Party/FreeRTOS/Source/croutine.o
LOAD ./Middlewares/Third_Party/FreeRTOS/Source/event_groups.o
LOAD ./Middlewares/Third_Party/FreeRTOS/Source/list.o
LOAD ./Middlewares/Third_Party/FreeRTOS/Source/queue.o
LOAD ./Middlewares/Third_Party/FreeRTOS/Source/stream_buffer.o
LOAD ./Middlewares/Third_Party/FreeRTOS/Source/tasks.o
LOAD ./Middlewares/Third_Party/FreeRTOS/Source/timers.o
LOAD ./Middlewares/Third_Party/FreeRTOS/Source/portable/GCC/ARM_CM3/port.o
LOAD ./Middlewares/Third_Party/FreeRTOS/Source/portable/MemMang/heap_4.o
START GROUP
LOAD C:/ST/STM32CubeIDE_1.19.0/STM32CubeIDE/plugins/com.st.stm32cube.ide.mcu.externaltools.gnu-tools-for-stm32.13.3.rel1.win32_1.0.0.202411081344/tools/bin/../lib/gcc/arm-none-eabi/13.3.1/../../../../arm-none-eabi/lib/thumb/v7-m/nofp\libstdc++_nano.a
LOAD C:/ST/STM32CubeIDE_1.19.0/STM32CubeIDE/plugins/com.st.stm32cube.ide.mcu.externaltools.gnu-tools-for-stm32.13.3.rel1.win32_1.0.0.202411081344/tools/bin/../lib/gcc/arm-none-eabi/13.3.1/../../../../arm-none-eabi/lib/thumb/v7-m/nofp\libsupc++_nano.a
END GROUP
LOAD C:/ST/STM32CubeIDE_1.19.0/STM32CubeIDE/plugins/com.st.stm32cube.ide.mcu.externaltools.gnu-tools-for-stm32.13.3.rel1.win32_1.0.0.202411081344/tools/bin/../lib/gcc/arm-none-eabi/13.3.1/../../../../arm-none-eabi/lib/thumb/v7-m/nofp\libstdc++_nano.a
LOAD C:/ST/STM32CubeIDE_1.19.0/STM32CubeIDE/plugins/com.st.stm32cube.ide.mcu.externaltools.gnu-tools-for-stm32.13.3.rel1.win32_1.0.0.202411081344/tools/bin/../lib/gcc/arm-none-eabi/13.3.1/../../../../arm-none-eabi/lib/thumb/v7-m/nofp\libm.a
LOAD C:/ST/STM32CubeIDE_1.19.0/STM32CubeIDE/plugins/com.st.stm32cube.ide.mcu.externaltools.gnu-tools-for-stm32.13.3.rel1.win32_1.0.0.202411081344/tools/bin/../lib/gcc/arm-none-eabi/13.3.1/../../../../arm-none-eabi/lib/thumb/v7-m/nofp\libc_nano.a
START GROUP
LOAD C:/ST/STM32CubeIDE_1.19.0/STM32CubeIDE/plugins/com.st.stm32cube.ide.mcu.externaltools.gnu-tools-for-stm32.13.3.rel1.win32_1.0.0.202411081344/tools/bin/../lib/gcc/arm-none-eabi/13.3.1/thumb/v7-m/nofp\libgcc.a
LOAD C:/ST/STM32CubeIDE_1.19.0/STM32CubeIDE/plugins/com.st.stm32cube.ide.mcu.externaltools.gnu-tools-for-stm32.13.3.rel1.win32_1.0.0.202411081344/tools/bin/../lib/gcc/arm-none-eabi/13.3.1/../../../../arm-none-eabi/lib/thumb/v7-m/nofp\libc_nano.a
END GROUP
START GROUP
LOAD C:/ST/STM32CubeIDE_1.19.0/STM32CubeIDE/plugins/com.st.stm32cube.ide.mcu.externaltools.gnu-tools-for-stm32.13.3.rel1.win32_1.0.0.202411081344/tools/bin/../lib/gcc/arm-none-eabi/13.3.1/thumb/v7-m/nofp\libgcc.a
LOAD C:/ST/STM32CubeIDE_1.19.0/STM32CubeIDE/plugins/com.st.stm32cube.ide.mcu.externaltools.gnu-tools-for-stm32.13.3.rel1.win32_1.0.0.202411081344/tools/bin/../lib/gcc/arm-none-eabi/13.3.1/../../../../arm-none-eabi/lib/thumb/v7-m/nofp\libc_nano.a
END GROUP
LOAD C:/ST/STM32CubeIDE_1.19.0/STM32CubeIDE/plugins/com.st.stm32cube.ide.mcu.externaltools.gnu-tools-for-stm32.13.3.rel1.win32_1.0.0.202411081344/tools/bin/../lib/gcc/arm-none-eabi/13.3.1/thumb/v7-m/nofp/crtend.o
LOAD C:/ST/STM32CubeIDE_1.19.0/STM32CubeIDE/plugins/com.st.stm32cube.ide.mcu.externaltools.gnu-tools-for-stm32.13.3.rel1.win32_1.0.0.202411081344/tools/bin/../lib/gcc/arm-none-eabi/13.3.1/thumb/v7-m/nofp/crtn.o
                0x20005000                        _estack = (ORIGIN (RAM) + LENGTH (RAM))
                0x00000200                        _Min_Heap_Size = 0x200
                0x00000400                        _Min_Stack_Size = 0x400

.isr_vector     0x08000000      0x10c
                0x08000000                        . = ALIGN (0x4)
 *(.isr_vector)
 .isr_vector    0x08000000      0x10c ./Core/Startup/startup_stm32f103c8tx.o
                0x08000000                g_pfnVectors
                0x0800010c                        . = ALIGN (0x4)

.text           0x08000110     0x7718
                0x08000110                        . = ALIGN (0x4)
 *(.text)
 .text          0x08000110       0x40 C:/ST/STM32CubeIDE_1.19.0/STM32CubeIDE/plugins/com.st.stm32cube.ide.mcu.externaltools.gnu-tools-for-stm32.13.3.rel1.win32_1.0.0.202411081344/tools/bin/../lib/gcc/arm-none-eabi/13.3.1/thumb/v7-m/nofp/crtbegin.o
 *(.text*)
 .text._ZN9MyDisplayC2EP17I2C_HandleTypeDef
                0x08000150       0x1c ./Core/Src/display.o
                0x08000150                MyDisplay::MyDisplay(I2C_HandleTypeDef*)
                0x08000150                MyDisplay::MyDisplay(I2C_HandleTypeDef*)
 .text._ZN9MyDisplay4initEv
                0x0800016c       0x42 ./Core/Src/display.o
                0x0800016c                MyDisplay::init()
 *fill*         0x080001ae        0x2 
 .text._ZN9MyDisplay17update_screen_DMAEv
                0x080001b0       0x20 ./Core/Src/display.o
                0x080001b0                MyDisplay::update_screen_DMA()
 .text.display_init
                0x080001d0       0x3c ./Core/Src/display.o
                0x080001d0                display_init
 .text.display_task
                0x0800020c       0x6c ./Core/Src/display.o
                0x0800020c                display_task
 .text.MX_DMA_Init
                0x08000278       0x5c ./Core/Src/dma.o
                0x08000278                MX_DMA_Init
 .text.MX_FREERTOS_Init
                0x080002d4       0x48 ./Core/Src/freertos.o
                0x080002d4                MX_FREERTOS_Init
 .text.StartDefaultTask
                0x0800031c       0x10 ./Core/Src/freertos.o
                0x0800031c                StartDefaultTask
 .text.MX_GPIO_Init
                0x0800032c      0x120 ./Core/Src/gpio.o
                0x0800032c                MX_GPIO_Init
 .text.MX_I2C1_Init
                0x0800044c       0x5c ./Core/Src/i2c.o
                0x0800044c                MX_I2C1_Init
 .text.HAL_I2C_MspInit
                0x080004a8       0xd0 ./Core/Src/i2c.o
                0x080004a8                HAL_I2C_MspInit
 .text.main     0x08000578       0x30 ./Core/Src/main.o
                0x08000578                main
 .text.SystemClock_Config
                0x080005a8       0x8a ./Core/Src/main.o
                0x080005a8                SystemClock_Config
 *fill*         0x08000632        0x2 
 .text.HAL_TIM_PeriodElapsedCallback
                0x08000634       0x24 ./Core/Src/main.o
                0x08000634                HAL_TIM_PeriodElapsedCallback
 .text.Error_Handler
                0x08000658        0xc ./Core/Src/main.o
                0x08000658                Error_Handler
 .text.assert_failed
                0x08000664       0x14 ./Core/Src/main.o
                0x08000664                assert_failed
 .text.MX_SPI1_Init
                0x08000678       0x6c ./Core/Src/spi.o
                0x08000678                MX_SPI1_Init
 .text.HAL_SPI_MspInit
                0x080006e4      0x13c ./Core/Src/spi.o
                0x080006e4                HAL_SPI_MspInit
 .text.ssd1306_WriteCommand
                0x08000820       0x30 ./Core/Src/ssd1306.o
 .text.ssd1306_Init
                0x08000850      0x1d4 ./Core/Src/ssd1306.o
                0x08000850                ssd1306_Init
 .text.ssd1306_Fill
                0x08000a24       0x48 ./Core/Src/ssd1306.o
                0x08000a24                ssd1306_Fill
 .text.ssd1306_DrawPixel
                0x08000a6c       0xa4 ./Core/Src/ssd1306.o
                0x08000a6c                ssd1306_DrawPixel
 .text.ssd1306_SetCursor
                0x08000b10       0x30 ./Core/Src/ssd1306.o
                0x08000b10                ssd1306_SetCursor
 .text.ssd1306_WriteChar
                0x08000b40      0x100 ./Core/Src/ssd1306.o
 .text.ssd1306_WriteString
                0x08000c40       0x4a ./Core/Src/ssd1306.o
                0x08000c40                ssd1306_WriteString
 *fill*         0x08000c8a        0x2 
 .text.ssd1306_UpdateScreen
                0x08000c8c       0x54 ./Core/Src/ssd1306.o
                0x08000c8c                ssd1306_UpdateScreen
 .text.ssd1306_UpdateScreenDMA
                0x08000ce0       0x54 ./Core/Src/ssd1306.o
                0x08000ce0                ssd1306_UpdateScreenDMA
 .text.HAL_MspInit
                0x08000d34       0x70 ./Core/Src/stm32f1xx_hal_msp.o
                0x08000d34                HAL_MspInit
 .text.HAL_InitTick
                0x08000da4       0xe4 ./Core/Src/stm32f1xx_hal_timebase_tim.o
                0x08000da4                HAL_InitTick
 .text.NMI_Handler
                0x08000e88        0x8 ./Core/Src/stm32f1xx_it.o
                0x08000e88                NMI_Handler
 .text.HardFault_Handler
                0x08000e90        0x8 ./Core/Src/stm32f1xx_it.o
                0x08000e90                HardFault_Handler
 .text.MemManage_Handler
                0x08000e98        0x8 ./Core/Src/stm32f1xx_it.o
                0x08000e98                MemManage_Handler
 .text.BusFault_Handler
                0x08000ea0        0x8 ./Core/Src/stm32f1xx_it.o
                0x08000ea0                BusFault_Handler
 .text.UsageFault_Handler
                0x08000ea8        0x8 ./Core/Src/stm32f1xx_it.o
                0x08000ea8                UsageFault_Handler
 .text.DebugMon_Handler
                0x08000eb0        0xc ./Core/Src/stm32f1xx_it.o
                0x08000eb0                DebugMon_Handler
 .text.DMA1_Channel2_IRQHandler
                0x08000ebc       0x14 ./Core/Src/stm32f1xx_it.o
                0x08000ebc                DMA1_Channel2_IRQHandler
 .text.DMA1_Channel3_IRQHandler
                0x08000ed0       0x14 ./Core/Src/stm32f1xx_it.o
                0x08000ed0                DMA1_Channel3_IRQHandler
 .text.DMA1_Channel6_IRQHandler
                0x08000ee4       0x14 ./Core/Src/stm32f1xx_it.o
                0x08000ee4                DMA1_Channel6_IRQHandler
 .text.TIM1_UP_IRQHandler
                0x08000ef8       0x14 ./Core/Src/stm32f1xx_it.o
                0x08000ef8                TIM1_UP_IRQHandler
 .text._getpid  0x08000f0c        0xe ./Core/Src/syscalls.o
                0x08000f0c                _getpid
 .text._kill    0x08000f1a       0x20 ./Core/Src/syscalls.o
                0x08000f1a                _kill
 .text._exit    0x08000f3a       0x16 ./Core/Src/syscalls.o
                0x08000f3a                _exit
 .text._sbrk    0x08000f50       0x6c ./Core/Src/sysmem.o
                0x08000f50                _sbrk
 .text.SystemInit
                0x08000fbc        0xc ./Core/Src/system_stm32f1xx.o
                0x08000fbc                SystemInit
 .text.Reset_Handler
                0x08000fc8       0x48 ./Core/Startup/startup_stm32f103c8tx.o
                0x08000fc8                Reset_Handler
 .text.Default_Handler
                0x08001010        0x2 ./Core/Startup/startup_stm32f103c8tx.o
                0x08001010                RTC_Alarm_IRQHandler
                0x08001010                EXTI2_IRQHandler
                0x08001010                TIM1_CC_IRQHandler
                0x08001010                PVD_IRQHandler
                0x08001010                EXTI3_IRQHandler
                0x08001010                EXTI0_IRQHandler
                0x08001010                I2C2_EV_IRQHandler
                0x08001010                ADC1_2_IRQHandler
                0x08001010                SPI1_IRQHandler
                0x08001010                TAMPER_IRQHandler
                0x08001010                DMA1_Channel4_IRQHandler
                0x08001010                USART3_IRQHandler
                0x08001010                RTC_IRQHandler
                0x08001010                DMA1_Channel7_IRQHandler
                0x08001010                CAN1_RX1_IRQHandler
                0x08001010                TIM4_IRQHandler
                0x08001010                I2C1_EV_IRQHandler
                0x08001010                TIM3_IRQHandler
                0x08001010                RCC_IRQHandler
                0x08001010                TIM1_TRG_COM_IRQHandler
                0x08001010                DMA1_Channel1_IRQHandler
                0x08001010                Default_Handler
                0x08001010                EXTI15_10_IRQHandler
                0x08001010                EXTI9_5_IRQHandler
                0x08001010                SPI2_IRQHandler
                0x08001010                DMA1_Channel5_IRQHandler
                0x08001010                EXTI4_IRQHandler
                0x08001010                USB_LP_CAN1_RX0_IRQHandler
                0x08001010                USB_HP_CAN1_TX_IRQHandler
                0x08001010                WWDG_IRQHandler
                0x08001010                TIM2_IRQHandler
                0x08001010                TIM1_BRK_IRQHandler
                0x08001010                EXTI1_IRQHandler
                0x08001010                USART2_IRQHandler
                0x08001010                I2C2_ER_IRQHandler
                0x08001010                CAN1_SCE_IRQHandler
                0x08001010                FLASH_IRQHandler
                0x08001010                USART1_IRQHandler
                0x08001010                I2C1_ER_IRQHandler
                0x08001010                USBWakeUp_IRQHandler
 *fill*         0x08001012        0x2 
 .text.HAL_Init
                0x08001014       0x2c ./Drivers/STM32F1xx_HAL_Driver/Src/stm32f1xx_hal.o
                0x08001014                HAL_Init
 .text.HAL_IncTick
                0x08001040       0x24 ./Drivers/STM32F1xx_HAL_Driver/Src/stm32f1xx_hal.o
                0x08001040                HAL_IncTick
 .text.HAL_GetTick
                0x08001064       0x14 ./Drivers/STM32F1xx_HAL_Driver/Src/stm32f1xx_hal.o
                0x08001064                HAL_GetTick
 .text.HAL_Delay
                0x08001078       0x48 ./Drivers/STM32F1xx_HAL_Driver/Src/stm32f1xx_hal.o
                0x08001078                HAL_Delay
 .text.__NVIC_SetPriorityGrouping
                0x080010c0       0x48 ./Drivers/STM32F1xx_HAL_Driver/Src/stm32f1xx_hal_cortex.o
 .text.__NVIC_GetPriorityGrouping
                0x08001108       0x1c ./Drivers/STM32F1xx_HAL_Driver/Src/stm32f1xx_hal_cortex.o
 .text.__NVIC_EnableIRQ
                0x08001124       0x38 ./Drivers/STM32F1xx_HAL_Driver/Src/stm32f1xx_hal_cortex.o
 .text.__NVIC_SetPriority
                0x0800115c       0x54 ./Drivers/STM32F1xx_HAL_Driver/Src/stm32f1xx_hal_cortex.o
 .text.NVIC_EncodePriority
                0x080011b0       0x64 ./Drivers/STM32F1xx_HAL_Driver/Src/stm32f1xx_hal_cortex.o
 .text.HAL_NVIC_SetPriorityGrouping
                0x08001214       0x40 ./Drivers/STM32F1xx_HAL_Driver/Src/stm32f1xx_hal_cortex.o
                0x08001214                HAL_NVIC_SetPriorityGrouping
 .text.HAL_NVIC_SetPriority
                0x08001254       0x58 ./Drivers/STM32F1xx_HAL_Driver/Src/stm32f1xx_hal_cortex.o
                0x08001254                HAL_NVIC_SetPriority
 .text.HAL_NVIC_EnableIRQ
                0x080012ac       0x30 ./Drivers/STM32F1xx_HAL_Driver/Src/stm32f1xx_hal_cortex.o
                0x080012ac                HAL_NVIC_EnableIRQ
 .text.HAL_DMA_Init
                0x080012dc      0x200 ./Drivers/STM32F1xx_HAL_Driver/Src/stm32f1xx_hal_dma.o
                0x080012dc                HAL_DMA_Init
 .text.HAL_DMA_Start_IT
                0x080014dc       0xdc ./Drivers/STM32F1xx_HAL_Driver/Src/stm32f1xx_hal_dma.o
                0x080014dc                HAL_DMA_Start_IT
 .text.HAL_DMA_IRQHandler
                0x080015b8      0x20c ./Drivers/STM32F1xx_HAL_Driver/Src/stm32f1xx_hal_dma.o
                0x080015b8                HAL_DMA_IRQHandler
 .text.DMA_SetConfig
                0x080017c4       0x5a ./Drivers/STM32F1xx_HAL_Driver/Src/stm32f1xx_hal_dma.o
 *fill*         0x0800181e        0x2 
 .text.HAL_GPIO_Init
                0x08001820      0x4dc ./Drivers/STM32F1xx_HAL_Driver/Src/stm32f1xx_hal_gpio.o
                0x08001820                HAL_GPIO_Init
 .text.HAL_GPIO_WritePin
                0x08001cfc       0x58 ./Drivers/STM32F1xx_HAL_Driver/Src/stm32f1xx_hal_gpio.o
                0x08001cfc                HAL_GPIO_WritePin
 .text.HAL_I2C_Init
                0x08001d54      0x384 ./Drivers/STM32F1xx_HAL_Driver/Src/stm32f1xx_hal_i2c.o
                0x08001d54                HAL_I2C_Init
 .text.HAL_I2C_Master_Transmit_DMA
                0x080020d8      0x248 ./Drivers/STM32F1xx_HAL_Driver/Src/stm32f1xx_hal_i2c.o
                0x080020d8                HAL_I2C_Master_Transmit_DMA
 .text.HAL_I2C_Mem_Write
                0x08002320      0x20c ./Drivers/STM32F1xx_HAL_Driver/Src/stm32f1xx_hal_i2c.o
                0x08002320                HAL_I2C_Mem_Write
 .text.HAL_I2C_IsDeviceReady
                0x0800252c      0x25c ./Drivers/STM32F1xx_HAL_Driver/Src/stm32f1xx_hal_i2c.o
                0x0800252c                HAL_I2C_IsDeviceReady
 .text.HAL_I2C_MasterRxCpltCallback
                0x08002788       0x12 ./Drivers/STM32F1xx_HAL_Driver/Src/stm32f1xx_hal_i2c.o
                0x08002788                HAL_I2C_MasterRxCpltCallback
 .text.HAL_I2C_SlaveTxCpltCallback
                0x0800279a       0x12 ./Drivers/STM32F1xx_HAL_Driver/Src/stm32f1xx_hal_i2c.o
                0x0800279a                HAL_I2C_SlaveTxCpltCallback
 .text.HAL_I2C_SlaveRxCpltCallback
                0x080027ac       0x12 ./Drivers/STM32F1xx_HAL_Driver/Src/stm32f1xx_hal_i2c.o
                0x080027ac                HAL_I2C_SlaveRxCpltCallback
 .text.HAL_I2C_MemRxCpltCallback
                0x080027be       0x12 ./Drivers/STM32F1xx_HAL_Driver/Src/stm32f1xx_hal_i2c.o
                0x080027be                HAL_I2C_MemRxCpltCallback
 .text.HAL_I2C_ErrorCallback
                0x080027d0       0x12 ./Drivers/STM32F1xx_HAL_Driver/Src/stm32f1xx_hal_i2c.o
                0x080027d0                HAL_I2C_ErrorCallback
 *fill*         0x080027e2        0x2 
 .text.I2C_RequestMemoryWrite
                0x080027e4      0x12c ./Drivers/STM32F1xx_HAL_Driver/Src/stm32f1xx_hal_i2c.o
 .text.I2C_DMAXferCplt
                0x08002910      0x1be ./Drivers/STM32F1xx_HAL_Driver/Src/stm32f1xx_hal_i2c.o
 .text.I2C_DMAError
                0x08002ace       0x6e ./Drivers/STM32F1xx_HAL_Driver/Src/stm32f1xx_hal_i2c.o
 .text.I2C_WaitOnFlagUntilTimeout
                0x08002b3c       0xf4 ./Drivers/STM32F1xx_HAL_Driver/Src/stm32f1xx_hal_i2c.o
 .text.I2C_WaitOnMasterAddressFlagUntilTimeout
                0x08002c30      0x140 ./Drivers/STM32F1xx_HAL_Driver/Src/stm32f1xx_hal_i2c.o
 .text.I2C_WaitOnTXEFlagUntilTimeout
                0x08002d70       0x90 ./Drivers/STM32F1xx_HAL_Driver/Src/stm32f1xx_hal_i2c.o
 .text.I2C_WaitOnBTFFlagUntilTimeout
                0x08002e00       0x90 ./Drivers/STM32F1xx_HAL_Driver/Src/stm32f1xx_hal_i2c.o
 .text.I2C_IsAcknowledgeFailed
                0x08002e90       0x5c ./Drivers/STM32F1xx_HAL_Driver/Src/stm32f1xx_hal_i2c.o
 .text.HAL_RCC_OscConfig
                0x08002eec      0x6dc ./Drivers/STM32F1xx_HAL_Driver/Src/stm32f1xx_hal_rcc.o
                0x08002eec                HAL_RCC_OscConfig
 .text.HAL_RCC_ClockConfig
                0x080035c8      0x320 ./Drivers/STM32F1xx_HAL_Driver/Src/stm32f1xx_hal_rcc.o
                0x080035c8                HAL_RCC_ClockConfig
 .text.HAL_RCC_GetSysClockFreq
                0x080038e8       0xa8 ./Drivers/STM32F1xx_HAL_Driver/Src/stm32f1xx_hal_rcc.o
                0x080038e8                HAL_RCC_GetSysClockFreq
 .text.HAL_RCC_GetHCLKFreq
                0x08003990       0x14 ./Drivers/STM32F1xx_HAL_Driver/Src/stm32f1xx_hal_rcc.o
                0x08003990                HAL_RCC_GetHCLKFreq
 .text.HAL_RCC_GetPCLK1Freq
                0x080039a4       0x28 ./Drivers/STM32F1xx_HAL_Driver/Src/stm32f1xx_hal_rcc.o
                0x080039a4                HAL_RCC_GetPCLK1Freq
 .text.HAL_RCC_GetPCLK2Freq
                0x080039cc       0x28 ./Drivers/STM32F1xx_HAL_Driver/Src/stm32f1xx_hal_rcc.o
                0x080039cc                HAL_RCC_GetPCLK2Freq
 .text.HAL_RCC_GetClockConfig
                0x080039f4       0x84 ./Drivers/STM32F1xx_HAL_Driver/Src/stm32f1xx_hal_rcc.o
                0x080039f4                HAL_RCC_GetClockConfig
 .text.RCC_Delay
                0x08003a78       0x3c ./Drivers/STM32F1xx_HAL_Driver/Src/stm32f1xx_hal_rcc.o
 .text.HAL_SPI_Init
                0x08003ab4      0x2fc ./Drivers/STM32F1xx_HAL_Driver/Src/stm32f1xx_hal_spi.o
                0x08003ab4                HAL_SPI_Init
 .text.HAL_TIM_Base_Init
                0x08003db0      0x170 ./Drivers/STM32F1xx_HAL_Driver/Src/stm32f1xx_hal_tim.o
                0x08003db0                HAL_TIM_Base_Init
 .text.HAL_TIM_Base_MspInit
                0x08003f20       0x12 ./Drivers/STM32F1xx_HAL_Driver/Src/stm32f1xx_hal_tim.o
                0x08003f20                HAL_TIM_Base_MspInit
 *fill*         0x08003f32        0x2 
 .text.HAL_TIM_Base_Start_IT
                0x08003f34       0xd8 ./Drivers/STM32F1xx_HAL_Driver/Src/stm32f1xx_hal_tim.o
                0x08003f34                HAL_TIM_Base_Start_IT
 .text.HAL_TIM_IRQHandler
                0x0800400c      0x1e0 ./Drivers/STM32F1xx_HAL_Driver/Src/stm32f1xx_hal_tim.o
                0x0800400c                HAL_TIM_IRQHandler
 .text.HAL_TIM_OC_DelayElapsedCallback
                0x080041ec       0x12 ./Drivers/STM32F1xx_HAL_Driver/Src/stm32f1xx_hal_tim.o
                0x080041ec                HAL_TIM_OC_DelayElapsedCallback
 .text.HAL_TIM_IC_CaptureCallback
                0x080041fe       0x12 ./Drivers/STM32F1xx_HAL_Driver/Src/stm32f1xx_hal_tim.o
                0x080041fe                HAL_TIM_IC_CaptureCallback
 .text.HAL_TIM_PWM_PulseFinishedCallback
                0x08004210       0x12 ./Drivers/STM32F1xx_HAL_Driver/Src/stm32f1xx_hal_tim.o
                0x08004210                HAL_TIM_PWM_PulseFinishedCallback
 .text.HAL_TIM_TriggerCallback
                0x08004222       0x12 ./Drivers/STM32F1xx_HAL_Driver/Src/stm32f1xx_hal_tim.o
                0x08004222                HAL_TIM_TriggerCallback
 .text.TIM_Base_SetConfig
                0x08004234       0xdc ./Drivers/STM32F1xx_HAL_Driver/Src/stm32f1xx_hal_tim.o
                0x08004234                TIM_Base_SetConfig
 .text.HAL_TIMEx_CommutCallback
                0x08004310       0x12 ./Drivers/STM32F1xx_HAL_Driver/Src/stm32f1xx_hal_tim_ex.o
                0x08004310                HAL_TIMEx_CommutCallback
 .text.HAL_TIMEx_BreakCallback
                0x08004322       0x12 ./Drivers/STM32F1xx_HAL_Driver/Src/stm32f1xx_hal_tim_ex.o
                0x08004322                HAL_TIMEx_BreakCallback
 .text.__NVIC_SetPriority
                0x08004334       0x54 ./Middlewares/Third_Party/FreeRTOS/Source/CMSIS_RTOS_V2/cmsis_os2.o
 .text.SysTick_Handler
                0x08004388       0x20 ./Middlewares/Third_Party/FreeRTOS/Source/CMSIS_RTOS_V2/cmsis_os2.o
                0x08004388                SysTick_Handler
 .text.SVC_Setup
                0x080043a8       0x12 ./Middlewares/Third_Party/FreeRTOS/Source/CMSIS_RTOS_V2/cmsis_os2.o
 *fill*         0x080043ba        0x2 
 .text.osKernelInitialize
                0x080043bc       0x44 ./Middlewares/Third_Party/FreeRTOS/Source/CMSIS_RTOS_V2/cmsis_os2.o
                0x080043bc                osKernelInitialize
 .text.osKernelStart
                0x08004400       0x4c ./Middlewares/Third_Party/FreeRTOS/Source/CMSIS_RTOS_V2/cmsis_os2.o
                0x08004400                osKernelStart
 .text.osThreadNew
                0x0800444c      0x124 ./Middlewares/Third_Party/FreeRTOS/Source/CMSIS_RTOS_V2/cmsis_os2.o
                0x0800444c                osThreadNew
 .text.osDelay  0x08004570       0x36 ./Middlewares/Third_Party/FreeRTOS/Source/CMSIS_RTOS_V2/cmsis_os2.o
                0x08004570                osDelay
 *fill*         0x080045a6        0x2 
 .text.vApplicationGetIdleTaskMemory
                0x080045a8       0x30 ./Middlewares/Third_Party/FreeRTOS/Source/CMSIS_RTOS_V2/cmsis_os2.o
                0x080045a8                vApplicationGetIdleTaskMemory
 .text.vApplicationGetTimerTaskMemory
                0x080045d8       0x34 ./Middlewares/Third_Party/FreeRTOS/Source/CMSIS_RTOS_V2/cmsis_os2.o
                0x080045d8                vApplicationGetTimerTaskMemory
 .text.vListInitialise
                0x0800460c       0x3e ./Middlewares/Third_Party/FreeRTOS/Source/list.o
                0x0800460c                vListInitialise
 .text.vListInitialiseItem
                0x0800464a       0x18 ./Middlewares/Third_Party/FreeRTOS/Source/list.o
                0x0800464a                vListInitialiseItem
 .text.vListInsertEnd
                0x08004662       0x46 ./Middlewares/Third_Party/FreeRTOS/Source/list.o
                0x08004662                vListInsertEnd
 .text.vListInsert
                0x080046a8       0x70 ./Middlewares/Third_Party/FreeRTOS/Source/list.o
                0x080046a8                vListInsert
 .text.uxListRemove
                0x08004718       0x52 ./Middlewares/Third_Party/FreeRTOS/Source/list.o
                0x08004718                uxListRemove
 *fill*         0x0800476a        0x2 
 .text.xQueueGenericReset
                0x0800476c       0xd4 ./Middlewares/Third_Party/FreeRTOS/Source/queue.o
                0x0800476c                xQueueGenericReset
 .text.xQueueGenericCreateStatic
                0x08004840       0xfa ./Middlewares/Third_Party/FreeRTOS/Source/queue.o
                0x08004840                xQueueGenericCreateStatic
 .text.xQueueGenericCreate
                0x0800493a       0x76 ./Middlewares/Third_Party/FreeRTOS/Source/queue.o
                0x0800493a                xQueueGenericCreate
 .text.prvInitialiseNewQueue
                0x080049b0       0x46 ./Middlewares/Third_Party/FreeRTOS/Source/queue.o
 *fill*         0x080049f6        0x2 
 .text.xQueueGenericSend
                0x080049f8      0x204 ./Middlewares/Third_Party/FreeRTOS/Source/queue.o
                0x080049f8                xQueueGenericSend
 .text.xQueueGenericSendFromISR
                0x08004bfc      0x13c ./Middlewares/Third_Party/FreeRTOS/Source/queue.o
                0x08004bfc                xQueueGenericSendFromISR
 .text.xQueueReceive
                0x08004d38      0x1c4 ./Middlewares/Third_Party/FreeRTOS/Source/queue.o
                0x08004d38                xQueueReceive
 .text.xQueueSemaphoreTake
                0x08004efc      0x220 ./Middlewares/Third_Party/FreeRTOS/Source/queue.o
                0x08004efc                xQueueSemaphoreTake
 .text.prvGetDisinheritPriorityAfterTimeout
                0x0800511c       0x2e ./Middlewares/Third_Party/FreeRTOS/Source/queue.o
 .text.prvCopyDataToQueue
                0x0800514a       0xd4 ./Middlewares/Third_Party/FreeRTOS/Source/queue.o
 .text.prvCopyDataFromQueue
                0x0800521e       0x4c ./Middlewares/Third_Party/FreeRTOS/Source/queue.o
 .text.prvUnlockQueue
                0x0800526a       0xa4 ./Middlewares/Third_Party/FreeRTOS/Source/queue.o
 .text.prvIsQueueEmpty
                0x0800530e       0x2c ./Middlewares/Third_Party/FreeRTOS/Source/queue.o
 .text.prvIsQueueFull
                0x0800533a       0x30 ./Middlewares/Third_Party/FreeRTOS/Source/queue.o
 *fill*         0x0800536a        0x2 
 .text.vQueueAddToRegistry
                0x0800536c       0x50 ./Middlewares/Third_Party/FreeRTOS/Source/queue.o
                0x0800536c                vQueueAddToRegistry
 .text.vQueueWaitForMessageRestricted
                0x080053bc       0x68 ./Middlewares/Third_Party/FreeRTOS/Source/queue.o
                0x080053bc                vQueueWaitForMessageRestricted
 .text.xTaskCreateStatic
                0x08005424       0xc0 ./Middlewares/Third_Party/FreeRTOS/Source/tasks.o
                0x08005424                xTaskCreateStatic
 .text.xTaskCreate
                0x080054e4       0x8a ./Middlewares/Third_Party/FreeRTOS/Source/tasks.o
                0x080054e4                xTaskCreate
 *fill*         0x0800556e        0x2 
 .text.prvInitialiseNewTask
                0x08005570      0x150 ./Middlewares/Third_Party/FreeRTOS/Source/tasks.o
 .text.prvAddNewTaskToReadyList
                0x080056c0       0xe0 ./Middlewares/Third_Party/FreeRTOS/Source/tasks.o
 .text.vTaskDelete
                0x080057a0       0xe8 ./Middlewares/Third_Party/FreeRTOS/Source/tasks.o
                0x080057a0                vTaskDelete
 .text.vTaskDelay
                0x08005888       0x6c ./Middlewares/Third_Party/FreeRTOS/Source/tasks.o
                0x08005888                vTaskDelay
 .text.vTaskStartScheduler
                0x080058f4       0xe0 ./Middlewares/Third_Party/FreeRTOS/Source/tasks.o
                0x080058f4                vTaskStartScheduler
 .text.vTaskSuspendAll
                0x080059d4       0x1c ./Middlewares/Third_Party/FreeRTOS/Source/tasks.o
                0x080059d4                vTaskSuspendAll
 .text.xTaskResumeAll
                0x080059f0      0x13c ./Middlewares/Third_Party/FreeRTOS/Source/tasks.o
                0x080059f0                xTaskResumeAll
 .text.xTaskGetTickCount
                0x08005b2c       0x1c ./Middlewares/Third_Party/FreeRTOS/Source/tasks.o
                0x08005b2c                xTaskGetTickCount
 .text.xTaskIncrementTick
                0x08005b48      0x174 ./Middlewares/Third_Party/FreeRTOS/Source/tasks.o
                0x08005b48                xTaskIncrementTick
 .text.vTaskSwitchContext
                0x08005cbc       0xc8 ./Middlewares/Third_Party/FreeRTOS/Source/tasks.o
                0x08005cbc                vTaskSwitchContext
 .text.vTaskPlaceOnEventList
                0x08005d84       0x4c ./Middlewares/Third_Party/FreeRTOS/Source/tasks.o
                0x08005d84                vTaskPlaceOnEventList
 .text.vTaskPlaceOnEventListRestricted
                0x08005dd0       0x58 ./Middlewares/Third_Party/FreeRTOS/Source/tasks.o
                0x08005dd0                vTaskPlaceOnEventListRestricted
 .text.xTaskRemoveFromEventList
                0x08005e28       0xc8 ./Middlewares/Third_Party/FreeRTOS/Source/tasks.o
                0x08005e28                xTaskRemoveFromEventList
 .text.vTaskInternalSetTimeOutState
                0x08005ef0       0x2c ./Middlewares/Third_Party/FreeRTOS/Source/tasks.o
                0x08005ef0                vTaskInternalSetTimeOutState
 .text.xTaskCheckForTimeOut
                0x08005f1c       0xc8 ./Middlewares/Third_Party/FreeRTOS/Source/tasks.o
                0x08005f1c                xTaskCheckForTimeOut
 .text.vTaskMissedYield
                0x08005fe4       0x18 ./Middlewares/Third_Party/FreeRTOS/Source/tasks.o
                0x08005fe4                vTaskMissedYield
 .text.prvIdleTask
                0x08005ffc       0x30 ./Middlewares/Third_Party/FreeRTOS/Source/tasks.o
 .text.prvInitialiseTaskLists
                0x0800602c       0x80 ./Middlewares/Third_Party/FreeRTOS/Source/tasks.o
 .text.prvCheckTasksWaitingTermination
                0x080060ac       0x5c ./Middlewares/Third_Party/FreeRTOS/Source/tasks.o
 .text.prvDeleteTCB
                0x08006108       0x6a ./Middlewares/Third_Party/FreeRTOS/Source/tasks.o
 *fill*         0x08006172        0x2 
 .text.prvResetNextTaskUnblockTime
                0x08006174       0x40 ./Middlewares/Third_Party/FreeRTOS/Source/tasks.o
 .text.xTaskGetSchedulerState
                0x080061b4       0x3c ./Middlewares/Third_Party/FreeRTOS/Source/tasks.o
                0x080061b4                xTaskGetSchedulerState
 .text.xTaskPriorityInherit
                0x080061f0       0xd0 ./Middlewares/Third_Party/FreeRTOS/Source/tasks.o
                0x080061f0                xTaskPriorityInherit
 .text.xTaskPriorityDisinherit
                0x080062c0       0xe0 ./Middlewares/Third_Party/FreeRTOS/Source/tasks.o
                0x080062c0                xTaskPriorityDisinherit
 .text.vTaskPriorityDisinheritAfterTimeout
                0x080063a0      0x108 ./Middlewares/Third_Party/FreeRTOS/Source/tasks.o
                0x080063a0                vTaskPriorityDisinheritAfterTimeout
 .text.pvTaskIncrementMutexHeldCount
                0x080064a8       0x28 ./Middlewares/Third_Party/FreeRTOS/Source/tasks.o
                0x080064a8                pvTaskIncrementMutexHeldCount
 .text.prvAddCurrentTaskToDelayedList
                0x080064d0       0xa8 ./Middlewares/Third_Party/FreeRTOS/Source/tasks.o
 .text.xTimerCreateTimerTask
                0x08006578       0x94 ./Middlewares/Third_Party/FreeRTOS/Source/timers.o
                0x08006578                xTimerCreateTimerTask
 .text.xTimerGenericCommand
                0x0800660c       0x9c ./Middlewares/Third_Party/FreeRTOS/Source/timers.o
                0x0800660c                xTimerGenericCommand
 .text.prvProcessExpiredTimer
                0x080066a8       0x9c ./Middlewares/Third_Party/FreeRTOS/Source/timers.o
 .text.prvTimerTask
                0x08006744       0x26 ./Middlewares/Third_Party/FreeRTOS/Source/timers.o
 *fill*         0x0800676a        0x2 
 .text.prvProcessTimerOrBlockTask
                0x0800676c       0x9c ./Middlewares/Third_Party/FreeRTOS/Source/timers.o
 .text.prvGetNextExpireTime
                0x08006808       0x44 ./Middlewares/Third_Party/FreeRTOS/Source/timers.o
 .text.prvSampleTimeNow
                0x0800684c       0x40 ./Middlewares/Third_Party/FreeRTOS/Source/timers.o
 .text.prvInsertTimerInActiveList
                0x0800688c       0x84 ./Middlewares/Third_Party/FreeRTOS/Source/timers.o
 .text.prvProcessReceivedCommands
                0x08006910      0x1cc ./Middlewares/Third_Party/FreeRTOS/Source/timers.o
 .text.prvSwitchTimerLists
                0x08006adc       0xcc ./Middlewares/Third_Party/FreeRTOS/Source/timers.o
 .text.prvCheckForValidListAndQueue
                0x08006ba8       0x80 ./Middlewares/Third_Party/FreeRTOS/Source/timers.o
 .text.pxPortInitialiseStack
                0x08006c28       0x58 ./Middlewares/Third_Party/FreeRTOS/Source/portable/GCC/ARM_CM3/port.o
                0x08006c28                pxPortInitialiseStack
 .text.prvTaskExitError
                0x08006c80       0x58 ./Middlewares/Third_Party/FreeRTOS/Source/portable/GCC/ARM_CM3/port.o
 *fill*         0x08006cd8        0x8 
 .text.SVC_Handler
                0x08006ce0       0x28 ./Middlewares/Third_Party/FreeRTOS/Source/portable/GCC/ARM_CM3/port.o
                0x08006ce0                SVC_Handler
 .text.prvPortStartFirstTask
                0x08006d08       0x20 ./Middlewares/Third_Party/FreeRTOS/Source/portable/GCC/ARM_CM3/port.o
 .text.xPortStartScheduler
                0x08006d28       0xe4 ./Middlewares/Third_Party/FreeRTOS/Source/portable/GCC/ARM_CM3/port.o
                0x08006d28                xPortStartScheduler
 .text.vPortEnterCritical
                0x08006e0c       0x60 ./Middlewares/Third_Party/FreeRTOS/Source/portable/GCC/ARM_CM3/port.o
                0x08006e0c                vPortEnterCritical
 .text.vPortExitCritical
                0x08006e6c       0x54 ./Middlewares/Third_Party/FreeRTOS/Source/portable/GCC/ARM_CM3/port.o
                0x08006e6c                vPortExitCritical
 .text.PendSV_Handler
                0x08006ec0       0x48 ./Middlewares/Third_Party/FreeRTOS/Source/portable/GCC/ARM_CM3/port.o
                0x08006ec0                PendSV_Handler
 .text.xPortSysTickHandler
                0x08006f08       0x44 ./Middlewares/Third_Party/FreeRTOS/Source/portable/GCC/ARM_CM3/port.o
                0x08006f08                xPortSysTickHandler
 .text.vPortSetupTimerInterrupt
                0x08006f4c       0x44 ./Middlewares/Third_Party/FreeRTOS/Source/portable/GCC/ARM_CM3/port.o
                0x08006f4c                vPortSetupTimerInterrupt
 .text.vPortValidateInterruptPriority
                0x08006f90       0x80 ./Middlewares/Third_Party/FreeRTOS/Source/portable/GCC/ARM_CM3/port.o
                0x08006f90                vPortValidateInterruptPriority
 .text.pvPortMalloc
                0x08007010      0x19c ./Middlewares/Third_Party/FreeRTOS/Source/portable/MemMang/heap_4.o
                0x08007010                pvPortMalloc
 .text.vPortFree
                0x080071ac       0xc8 ./Middlewares/Third_Party/FreeRTOS/Source/portable/MemMang/heap_4.o
                0x080071ac                vPortFree
 .text.prvHeapInit
                0x08007274       0xc4 ./Middlewares/Third_Party/FreeRTOS/Source/portable/MemMang/heap_4.o
 .text.prvInsertBlockIntoFreeList
                0x08007338       0xb0 ./Middlewares/Third_Party/FreeRTOS/Source/portable/MemMang/heap_4.o
 .text._Znwj    0x080073e8       0x22 C:/ST/STM32CubeIDE_1.19.0/STM32CubeIDE/plugins/com.st.stm32cube.ide.mcu.externaltools.gnu-tools-for-stm32.13.3.rel1.win32_1.0.0.202411081344/tools/bin/../lib/gcc/arm-none-eabi/13.3.1/../../../../arm-none-eabi/lib/thumb/v7-m/nofp\libstdc++_nano.a(new_op.o)
                0x080073e8                operator new(unsigned int)
 *fill*         0x0800740a        0x2 
 .text._ZSt15get_new_handlerv
                0x0800740c       0x10 C:/ST/STM32CubeIDE_1.19.0/STM32CubeIDE/plugins/com.st.stm32cube.ide.mcu.externaltools.gnu-tools-for-stm32.13.3.rel1.win32_1.0.0.202411081344/tools/bin/../lib/gcc/arm-none-eabi/13.3.1/../../../../arm-none-eabi/lib/thumb/v7-m/nofp\libstdc++_nano.a(new_handler.o)
                0x0800740c                std::get_new_handler()
 .text.abort    0x0800741c        0xe C:/ST/STM32CubeIDE_1.19.0/STM32CubeIDE/plugins/com.st.stm32cube.ide.mcu.externaltools.gnu-tools-for-stm32.13.3.rel1.win32_1.0.0.202411081344/tools/bin/../lib/gcc/arm-none-eabi/13.3.1/../../../../arm-none-eabi/lib/thumb/v7-m/nofp\libc_nano.a(libc_a-abort.o)
                0x0800741c                abort
 *fill*         0x0800742a        0x2 
 .text.malloc   0x0800742c       0x10 C:/ST/STM32CubeIDE_1.19.0/STM32CubeIDE/plugins/com.st.stm32cube.ide.mcu.externaltools.gnu-tools-for-stm32.13.3.rel1.win32_1.0.0.202411081344/tools/bin/../lib/gcc/arm-none-eabi/13.3.1/../../../../arm-none-eabi/lib/thumb/v7-m/nofp\libc_nano.a(libc_a-malloc.o)
                0x0800742c                malloc
 .text.sbrk_aligned
                0x0800743c       0x44 C:/ST/STM32CubeIDE_1.19.0/STM32CubeIDE/plugins/com.st.stm32cube.ide.mcu.externaltools.gnu-tools-for-stm32.13.3.rel1.win32_1.0.0.202411081344/tools/bin/../lib/gcc/arm-none-eabi/13.3.1/../../../../arm-none-eabi/lib/thumb/v7-m/nofp\libc_nano.a(libc_a-mallocr.o)
 .text._malloc_r
                0x08007480      0x100 C:/ST/STM32CubeIDE_1.19.0/STM32CubeIDE/plugins/com.st.stm32cube.ide.mcu.externaltools.gnu-tools-for-stm32.13.3.rel1.win32_1.0.0.202411081344/tools/bin/../lib/gcc/arm-none-eabi/13.3.1/../../../../arm-none-eabi/lib/thumb/v7-m/nofp\libc_nano.a(libc_a-mallocr.o)
                0x08007480                _malloc_r
 .text.__malloc_lock
                0x08007580        0xc C:/ST/STM32CubeIDE_1.19.0/STM32CubeIDE/plugins/com.st.stm32cube.ide.mcu.externaltools.gnu-tools-for-stm32.13.3.rel1.win32_1.0.0.202411081344/tools/bin/../lib/gcc/arm-none-eabi/13.3.1/../../../../arm-none-eabi/lib/thumb/v7-m/nofp\libc_nano.a(libc_a-mlock.o)
                0x08007580                __malloc_lock
 .text.__malloc_unlock
                0x0800758c        0xc C:/ST/STM32CubeIDE_1.19.0/STM32CubeIDE/plugins/com.st.stm32cube.ide.mcu.externaltools.gnu-tools-for-stm32.13.3.rel1.win32_1.0.0.202411081344/tools/bin/../lib/gcc/arm-none-eabi/13.3.1/../../../../arm-none-eabi/lib/thumb/v7-m/nofp\libc_nano.a(libc_a-mlock.o)
                0x0800758c                __malloc_unlock
 .text.memset   0x08007598       0x10 C:/ST/STM32CubeIDE_1.19.0/STM32CubeIDE/plugins/com.st.stm32cube.ide.mcu.externaltools.gnu-tools-for-stm32.13.3.rel1.win32_1.0.0.202411081344/tools/bin/../lib/gcc/arm-none-eabi/13.3.1/../../../../arm-none-eabi/lib/thumb/v7-m/nofp\libc_nano.a(libc_a-memset.o)
                0x08007598                memset
 .text._raise_r
                0x080075a8       0x50 C:/ST/STM32CubeIDE_1.19.0/STM32CubeIDE/plugins/com.st.stm32cube.ide.mcu.externaltools.gnu-tools-for-stm32.13.3.rel1.win32_1.0.0.202411081344/tools/bin/../lib/gcc/arm-none-eabi/13.3.1/../../../../arm-none-eabi/lib/thumb/v7-m/nofp\libc_nano.a(libc_a-signal.o)
                0x080075a8                _raise_r
 .text.raise    0x080075f8       0x10 C:/ST/STM32CubeIDE_1.19.0/STM32CubeIDE/plugins/com.st.stm32cube.ide.mcu.externaltools.gnu-tools-for-stm32.13.3.rel1.win32_1.0.0.202411081344/tools/bin/../lib/gcc/arm-none-eabi/13.3.1/../../../../arm-none-eabi/lib/thumb/v7-m/nofp\libc_nano.a(libc_a-signal.o)
                0x080075f8                raise
 .text._reclaim_reent
                0x08007608       0xbc C:/ST/STM32CubeIDE_1.19.0/STM32CubeIDE/plugins/com.st.stm32cube.ide.mcu.externaltools.gnu-tools-for-stm32.13.3.rel1.win32_1.0.0.202411081344/tools/bin/../lib/gcc/arm-none-eabi/13.3.1/../../../../arm-none-eabi/lib/thumb/v7-m/nofp\libc_nano.a(libc_a-reent.o)
                0x08007608                _reclaim_reent
 .text._kill_r  0x080076c4       0x24 C:/ST/STM32CubeIDE_1.19.0/STM32CubeIDE/plugins/com.st.stm32cube.ide.mcu.externaltools.gnu-tools-for-stm32.13.3.rel1.win32_1.0.0.202411081344/tools/bin/../lib/gcc/arm-none-eabi/13.3.1/../../../../arm-none-eabi/lib/thumb/v7-m/nofp\libc_nano.a(libc_a-signalr.o)
                0x080076c4                _kill_r
 .text._getpid_r
                0x080076e8        0x4 C:/ST/STM32CubeIDE_1.19.0/STM32CubeIDE/plugins/com.st.stm32cube.ide.mcu.externaltools.gnu-tools-for-stm32.13.3.rel1.win32_1.0.0.202411081344/tools/bin/../lib/gcc/arm-none-eabi/13.3.1/../../../../arm-none-eabi/lib/thumb/v7-m/nofp\libc_nano.a(libc_a-signalr.o)
                0x080076e8                _getpid_r
 .text._sbrk_r  0x080076ec       0x20 C:/ST/STM32CubeIDE_1.19.0/STM32CubeIDE/plugins/com.st.stm32cube.ide.mcu.externaltools.gnu-tools-for-stm32.13.3.rel1.win32_1.0.0.202411081344/tools/bin/../lib/gcc/arm-none-eabi/13.3.1/../../../../arm-none-eabi/lib/thumb/v7-m/nofp\libc_nano.a(libc_a-sbrkr.o)
                0x080076ec                _sbrk_r
 .text.__errno  0x0800770c        0xc C:/ST/STM32CubeIDE_1.19.0/STM32CubeIDE/plugins/com.st.stm32cube.ide.mcu.externaltools.gnu-tools-for-stm32.13.3.rel1.win32_1.0.0.202411081344/tools/bin/../lib/gcc/arm-none-eabi/13.3.1/../../../../arm-none-eabi/lib/thumb/v7-m/nofp\libc_nano.a(libc_a-errno.o)
                0x0800770c                __errno
 .text.__libc_init_array
                0x08007718       0x48 C:/ST/STM32CubeIDE_1.19.0/STM32CubeIDE/plugins/com.st.stm32cube.ide.mcu.externaltools.gnu-tools-for-stm32.13.3.rel1.win32_1.0.0.202411081344/tools/bin/../lib/gcc/arm-none-eabi/13.3.1/../../../../arm-none-eabi/lib/thumb/v7-m/nofp\libc_nano.a(libc_a-init.o)
                0x08007718                __libc_init_array
 .text.__retarget_lock_acquire_recursive
                0x08007760        0x2 C:/ST/STM32CubeIDE_1.19.0/STM32CubeIDE/plugins/com.st.stm32cube.ide.mcu.externaltools.gnu-tools-for-stm32.13.3.rel1.win32_1.0.0.202411081344/tools/bin/../lib/gcc/arm-none-eabi/13.3.1/../../../../arm-none-eabi/lib/thumb/v7-m/nofp\libc_nano.a(libc_a-lock.o)
                0x08007760                __retarget_lock_acquire_recursive
 .text.__retarget_lock_release_recursive
                0x08007762        0x2 C:/ST/STM32CubeIDE_1.19.0/STM32CubeIDE/plugins/com.st.stm32cube.ide.mcu.externaltools.gnu-tools-for-stm32.13.3.rel1.win32_1.0.0.202411081344/tools/bin/../lib/gcc/arm-none-eabi/13.3.1/../../../../arm-none-eabi/lib/thumb/v7-m/nofp\libc_nano.a(libc_a-lock.o)
                0x08007762                __retarget_lock_release_recursive
 .text.memcpy   0x08007764       0x1c C:/ST/STM32CubeIDE_1.19.0/STM32CubeIDE/plugins/com.st.stm32cube.ide.mcu.externaltools.gnu-tools-for-stm32.13.3.rel1.win32_1.0.0.202411081344/tools/bin/../lib/gcc/arm-none-eabi/13.3.1/../../../../arm-none-eabi/lib/thumb/v7-m/nofp\libc_nano.a(libc_a-memcpy-stub.o)
                0x08007764                memcpy
 .text._free_r  0x08007780       0x90 C:/ST/STM32CubeIDE_1.19.0/STM32CubeIDE/plugins/com.st.stm32cube.ide.mcu.externaltools.gnu-tools-for-stm32.13.3.rel1.win32_1.0.0.202411081344/tools/bin/../lib/gcc/arm-none-eabi/13.3.1/../../../../arm-none-eabi/lib/thumb/v7-m/nofp\libc_nano.a(libc_a-freer.o)
                0x08007780                _free_r
 *(.glue_7)
 .glue_7        0x08007810        0x0 linker stubs
 *(.glue_7t)
 .glue_7t       0x08007810        0x0 linker stubs
 *(.eh_frame)
 .eh_frame      0x08007810        0x0 C:/ST/STM32CubeIDE_1.19.0/STM32CubeIDE/plugins/com.st.stm32cube.ide.mcu.externaltools.gnu-tools-for-stm32.13.3.rel1.win32_1.0.0.202411081344/tools/bin/../lib/gcc/arm-none-eabi/13.3.1/thumb/v7-m/nofp/crtbegin.o
 *(.init)
 .init          0x08007810        0x4 C:/ST/STM32CubeIDE_1.19.0/STM32CubeIDE/plugins/com.st.stm32cube.ide.mcu.externaltools.gnu-tools-for-stm32.13.3.rel1.win32_1.0.0.202411081344/tools/bin/../lib/gcc/arm-none-eabi/13.3.1/thumb/v7-m/nofp/crti.o
                0x08007810                _init
 .init          0x08007814        0x8 C:/ST/STM32CubeIDE_1.19.0/STM32CubeIDE/plugins/com.st.stm32cube.ide.mcu.externaltools.gnu-tools-for-stm32.13.3.rel1.win32_1.0.0.202411081344/tools/bin/../lib/gcc/arm-none-eabi/13.3.1/thumb/v7-m/nofp/crtn.o
 *(.fini)
 .fini          0x0800781c        0x4 C:/ST/STM32CubeIDE_1.19.0/STM32CubeIDE/plugins/com.st.stm32cube.ide.mcu.externaltools.gnu-tools-for-stm32.13.3.rel1.win32_1.0.0.202411081344/tools/bin/../lib/gcc/arm-none-eabi/13.3.1/thumb/v7-m/nofp/crti.o
                0x0800781c                _fini
 .fini          0x08007820        0x8 C:/ST/STM32CubeIDE_1.19.0/STM32CubeIDE/plugins/com.st.stm32cube.ide.mcu.externaltools.gnu-tools-for-stm32.13.3.rel1.win32_1.0.0.202411081344/tools/bin/../lib/gcc/arm-none-eabi/13.3.1/thumb/v7-m/nofp/crtn.o
                0x08007828                        . = ALIGN (0x4)
                0x08007828                        _etext = .

.vfp11_veneer   0x08007828        0x0
 .vfp11_veneer  0x08007828        0x0 linker stubs

.v4_bx          0x08007828        0x0
 .v4_bx         0x08007828        0x0 linker stubs

.iplt           0x08007828        0x0
 .iplt          0x08007828        0x0 C:/ST/STM32CubeIDE_1.19.0/STM32CubeIDE/plugins/com.st.stm32cube.ide.mcu.externaltools.gnu-tools-for-stm32.13.3.rel1.win32_1.0.0.202411081344/tools/bin/../lib/gcc/arm-none-eabi/13.3.1/thumb/v7-m/nofp/crtbegin.o

.rodata         0x08007828      0x988
                0x08007828                        . = ALIGN (0x4)
 *(.rodata)
 .rodata        0x08007828        0xc ./Core/Src/display.o
 .rodata        0x08007834       0x18 ./Core/Src/freertos.o
 .rodata        0x0800784c       0x3b ./Drivers/STM32F1xx_HAL_Driver/Src/stm32f1xx_hal_cortex.o
 *fill*         0x08007887        0x1 
 .rodata        0x08007888       0x38 ./Drivers/STM32F1xx_HAL_Driver/Src/stm32f1xx_hal_dma.o
 .rodata        0x080078c0       0x39 ./Drivers/STM32F1xx_HAL_Driver/Src/stm32f1xx_hal_gpio.o
 *fill*         0x080078f9        0x3 
 .rodata        0x080078fc       0x38 ./Drivers/STM32F1xx_HAL_Driver/Src/stm32f1xx_hal_i2c.o
 .rodata        0x08007934       0x38 ./Drivers/STM32F1xx_HAL_Driver/Src/stm32f1xx_hal_rcc.o
 .rodata        0x0800796c       0x38 ./Drivers/STM32F1xx_HAL_Driver/Src/stm32f1xx_hal_spi.o
 .rodata        0x080079a4       0x38 ./Drivers/STM32F1xx_HAL_Driver/Src/stm32f1xx_hal_tim.o
 .rodata        0x080079dc        0x5 ./Middlewares/Third_Party/FreeRTOS/Source/tasks.o
 *fill*         0x080079e1        0x3 
 .rodata        0x080079e4        0xd ./Middlewares/Third_Party/FreeRTOS/Source/timers.o
 *(.rodata*)
 *fill*         0x080079f1        0x3 
 .rodata.Font7x10_Table
                0x080079f4      0x76c ./Core/Src/fonts.o
                0x080079f4                Font7x10_Table
 .rodata.defaultTask_attributes
                0x08008160       0x24 ./Core/Src/freertos.o
                0x08008160                defaultTask_attributes
 .rodata.AHBPrescTable
                0x08008184       0x10 ./Core/Src/system_stm32f1xx.o
                0x08008184                AHBPrescTable
 .rodata.APBPrescTable
                0x08008194        0x8 ./Core/Src/system_stm32f1xx.o
                0x08008194                APBPrescTable
 .rodata.aPLLMULFactorTable.1
                0x0800819c       0x10 ./Drivers/STM32F1xx_HAL_Driver/Src/stm32f1xx_hal_rcc.o
 .rodata.aPredivFactorTable.0
                0x080081ac        0x2 ./Drivers/STM32F1xx_HAL_Driver/Src/stm32f1xx_hal_rcc.o
                0x080081b0                        . = ALIGN (0x4)
 *fill*         0x080081ae        0x2 

.ARM.extab      0x080081b0        0x0
                0x080081b0                        . = ALIGN (0x4)
 *(.ARM.extab* .gnu.linkonce.armextab.*)
                0x080081b0                        . = ALIGN (0x4)

.ARM            0x080081b0        0x0
                0x080081b0                        . = ALIGN (0x4)
                0x080081b0                        __exidx_start = .
 *(.ARM.exidx*)
                0x080081b0                        __exidx_end = .
                0x080081b0                        . = ALIGN (0x4)

.preinit_array  0x080081b0        0x0
                0x080081b0                        . = ALIGN (0x4)
                0x080081b0                        PROVIDE (__preinit_array_start = .)
 *(.preinit_array*)
                0x080081b0                        PROVIDE (__preinit_array_end = .)
                0x080081b0                        . = ALIGN (0x4)

.init_array     0x080081b0        0x4
                0x080081b0                        . = ALIGN (0x4)
                0x080081b0                        PROVIDE (__init_array_start = .)
 *(SORT_BY_NAME(.init_array.*))
 *(.init_array*)
 .init_array    0x080081b0        0x4 C:/ST/STM32CubeIDE_1.19.0/STM32CubeIDE/plugins/com.st.stm32cube.ide.mcu.externaltools.gnu-tools-for-stm32.13.3.rel1.win32_1.0.0.202411081344/tools/bin/../lib/gcc/arm-none-eabi/13.3.1/thumb/v7-m/nofp/crtbegin.o
                0x080081b4                        PROVIDE (__init_array_end = .)
                0x080081b4                        . = ALIGN (0x4)

.fini_array     0x080081b4        0x4
                0x080081b4                        . = ALIGN (0x4)
                [!provide]                        PROVIDE (__fini_array_start = .)
 *(SORT_BY_NAME(.fini_array.*))
 *(.fini_array*)
 .fini_array    0x080081b4        0x4 C:/ST/STM32CubeIDE_1.19.0/STM32CubeIDE/plugins/com.st.stm32cube.ide.mcu.externaltools.gnu-tools-for-stm32.13.3.rel1.win32_1.0.0.202411081344/tools/bin/../lib/gcc/arm-none-eabi/13.3.1/thumb/v7-m/nofp/crtbegin.o
                [!provide]                        PROVIDE (__fini_array_end = .)
                0x080081b8                        . = ALIGN (0x4)
                0x080081b8                        _sidata = LOADADDR (.data)

.rel.dyn        0x080081b8        0x0
 .rel.iplt      0x080081b8        0x0 C:/ST/STM32CubeIDE_1.19.0/STM32CubeIDE/plugins/com.st.stm32cube.ide.mcu.externaltools.gnu-tools-for-stm32.13.3.rel1.win32_1.0.0.202411081344/tools/bin/../lib/gcc/arm-none-eabi/13.3.1/thumb/v7-m/nofp/crtbegin.o

.data           0x20000000       0x68 load address 0x080081b8
                0x20000000                        . = ALIGN (0x4)
                0x20000000                        _sdata = .
 *(.data)
 *(.data*)
 .data.Font_7x10
                0x20000000        0x8 ./Core/Src/fonts.o
                0x20000000                Font_7x10
 .data.SystemCoreClock
                0x20000008        0x4 ./Core/Src/system_stm32f1xx.o
                0x20000008                SystemCoreClock
 .data.uwTickPrio
                0x2000000c        0x4 ./Drivers/STM32F1xx_HAL_Driver/Src/stm32f1xx_hal.o
                0x2000000c                uwTickPrio
 .data.uwTickFreq
                0x20000010        0x1 ./Drivers/STM32F1xx_HAL_Driver/Src/stm32f1xx_hal.o
                0x20000010                uwTickFreq
 *fill*         0x20000011        0x3 
 .data.uxCriticalNesting
                0x20000014        0x4 ./Middlewares/Third_Party/FreeRTOS/Source/portable/GCC/ARM_CM3/port.o
 .data._impure_ptr
                0x20000018        0x4 C:/ST/STM32CubeIDE_1.19.0/STM32CubeIDE/plugins/com.st.stm32cube.ide.mcu.externaltools.gnu-tools-for-stm32.13.3.rel1.win32_1.0.0.202411081344/tools/bin/../lib/gcc/arm-none-eabi/13.3.1/../../../../arm-none-eabi/lib/thumb/v7-m/nofp\libc_nano.a(libc_a-impure.o)
                0x20000018                _impure_ptr
 .data._impure_data
                0x2000001c       0x4c C:/ST/STM32CubeIDE_1.19.0/STM32CubeIDE/plugins/com.st.stm32cube.ide.mcu.externaltools.gnu-tools-for-stm32.13.3.rel1.win32_1.0.0.202411081344/tools/bin/../lib/gcc/arm-none-eabi/13.3.1/../../../../arm-none-eabi/lib/thumb/v7-m/nofp\libc_nano.a(libc_a-impure.o)
                0x2000001c                _impure_data
 *(.RamFunc)
 *(.RamFunc*)
                0x20000068                        . = ALIGN (0x4)
                0x20000068                        _edata = .

.igot.plt       0x20000068        0x0 load address 0x08008220
 .igot.plt      0x20000068        0x0 C:/ST/STM32CubeIDE_1.19.0/STM32CubeIDE/plugins/com.st.stm32cube.ide.mcu.externaltools.gnu-tools-for-stm32.13.3.rel1.win32_1.0.0.202411081344/tools/bin/../lib/gcc/arm-none-eabi/13.3.1/thumb/v7-m/nofp/crtbegin.o
                0x20000068                        . = ALIGN (0x4)

.bss            0x20000068     0x2128 load address 0x08008220
                0x20000068                        _sbss = .
                0x20000068                        __bss_start__ = _sbss
 *(.bss)
 .bss           0x20000068       0x1c C:/ST/STM32CubeIDE_1.19.0/STM32CubeIDE/plugins/com.st.stm32cube.ide.mcu.externaltools.gnu-tools-for-stm32.13.3.rel1.win32_1.0.0.202411081344/tools/bin/../lib/gcc/arm-none-eabi/13.3.1/thumb/v7-m/nofp/crtbegin.o
 *(.bss*)
 .bss._ZL9g_display
                0x20000084        0x4 ./Core/Src/display.o
 .bss._ZL17g_i2c_tx_done_sem
                0x20000088        0x4 ./Core/Src/display.o
 .bss.defaultTaskHandle
                0x2000008c        0x4 ./Core/Src/freertos.o
                0x2000008c                defaultTaskHandle
 .bss.g_hi2c1   0x20000090       0x54 ./Core/Src/i2c.o
                0x20000090                g_hi2c1
 .bss.hdma_i2c1_tx
                0x200000e4       0x44 ./Core/Src/i2c.o
                0x200000e4                hdma_i2c1_tx
 .bss.hspi1     0x20000128       0x58 ./Core/Src/spi.o
                0x20000128                hspi1
 .bss.hdma_spi1_tx
                0x20000180       0x44 ./Core/Src/spi.o
                0x20000180                hdma_spi1_tx
 .bss.hdma_spi1_rx
                0x200001c4       0x44 ./Core/Src/spi.o
                0x200001c4                hdma_spi1_rx
 .bss.SSD1306_Buffer
                0x20000208      0x200 ./Core/Src/ssd1306.o
 .bss.SSD1306_DMATransmitBuffer
                0x20000408      0x201 ./Core/Src/ssd1306.o
 .bss.current_x
                0x20000609        0x1 ./Core/Src/ssd1306.o
 .bss.current_y
                0x2000060a        0x1 ./Core/Src/ssd1306.o
 *fill*         0x2000060b        0x1 
 .bss.htim1     0x2000060c       0x48 ./Core/Src/stm32f1xx_hal_timebase_tim.o
                0x2000060c                htim1
 .bss.__sbrk_heap_end
                0x20000654        0x4 ./Core/Src/sysmem.o
 .bss.uwTick    0x20000658        0x4 ./Drivers/STM32F1xx_HAL_Driver/Src/stm32f1xx_hal.o
                0x20000658                uwTick
 .bss.KernelState
                0x2000065c        0x4 ./Middlewares/Third_Party/FreeRTOS/Source/CMSIS_RTOS_V2/cmsis_os2.o
 .bss.Idle_TCB.3
                0x20000660       0xa8 ./Middlewares/Third_Party/FreeRTOS/Source/CMSIS_RTOS_V2/cmsis_os2.o
 .bss.Idle_Stack.2
                0x20000708      0x200 ./Middlewares/Third_Party/FreeRTOS/Source/CMSIS_RTOS_V2/cmsis_os2.o
 .bss.Timer_TCB.1
                0x20000908       0xa8 ./Middlewares/Third_Party/FreeRTOS/Source/CMSIS_RTOS_V2/cmsis_os2.o
 .bss.Timer_Stack.0
                0x200009b0      0x400 ./Middlewares/Third_Party/FreeRTOS/Source/CMSIS_RTOS_V2/cmsis_os2.o
 .bss.xQueueRegistry
                0x20000db0       0x40 ./Middlewares/Third_Party/FreeRTOS/Source/queue.o
                0x20000db0                xQueueRegistry
 .bss.pxCurrentTCB
                0x20000df0        0x4 ./Middlewares/Third_Party/FreeRTOS/Source/tasks.o
                0x20000df0                pxCurrentTCB
 .bss.pxReadyTasksLists
                0x20000df4      0x460 ./Middlewares/Third_Party/FreeRTOS/Source/tasks.o
 .bss.xDelayedTaskList1
                0x20001254       0x14 ./Middlewares/Third_Party/FreeRTOS/Source/tasks.o
 .bss.xDelayedTaskList2
                0x20001268       0x14 ./Middlewares/Third_Party/FreeRTOS/Source/tasks.o
 .bss.pxDelayedTaskList
                0x2000127c        0x4 ./Middlewares/Third_Party/FreeRTOS/Source/tasks.o
 .bss.pxOverflowDelayedTaskList
                0x20001280        0x4 ./Middlewares/Third_Party/FreeRTOS/Source/tasks.o
 .bss.xPendingReadyList
                0x20001284       0x14 ./Middlewares/Third_Party/FreeRTOS/Source/tasks.o
 .bss.xTasksWaitingTermination
                0x20001298       0x14 ./Middlewares/Third_Party/FreeRTOS/Source/tasks.o
 .bss.uxDeletedTasksWaitingCleanUp
                0x200012ac        0x4 ./Middlewares/Third_Party/FreeRTOS/Source/tasks.o
 .bss.xSuspendedTaskList
                0x200012b0       0x14 ./Middlewares/Third_Party/FreeRTOS/Source/tasks.o
 .bss.uxCurrentNumberOfTasks
                0x200012c4        0x4 ./Middlewares/Third_Party/FreeRTOS/Source/tasks.o
 .bss.xTickCount
                0x200012c8        0x4 ./Middlewares/Third_Party/FreeRTOS/Source/tasks.o
 .bss.uxTopReadyPriority
                0x200012cc        0x4 ./Middlewares/Third_Party/FreeRTOS/Source/tasks.o
 .bss.xSchedulerRunning
                0x200012d0        0x4 ./Middlewares/Third_Party/FreeRTOS/Source/tasks.o
 .bss.xPendedTicks
                0x200012d4        0x4 ./Middlewares/Third_Party/FreeRTOS/Source/tasks.o
 .bss.xYieldPending
                0x200012d8        0x4 ./Middlewares/Third_Party/FreeRTOS/Source/tasks.o
 .bss.xNumOfOverflows
                0x200012dc        0x4 ./Middlewares/Third_Party/FreeRTOS/Source/tasks.o
 .bss.uxTaskNumber
                0x200012e0        0x4 ./Middlewares/Third_Party/FreeRTOS/Source/tasks.o
 .bss.xNextTaskUnblockTime
                0x200012e4        0x4 ./Middlewares/Third_Party/FreeRTOS/Source/tasks.o
 .bss.xIdleTaskHandle
                0x200012e8        0x4 ./Middlewares/Third_Party/FreeRTOS/Source/tasks.o
 .bss.uxSchedulerSuspended
                0x200012ec        0x4 ./Middlewares/Third_Party/FreeRTOS/Source/tasks.o
 .bss.xActiveTimerList1
                0x200012f0       0x14 ./Middlewares/Third_Party/FreeRTOS/Source/timers.o
 .bss.xActiveTimerList2
                0x20001304       0x14 ./Middlewares/Third_Party/FreeRTOS/Source/timers.o
 .bss.pxCurrentTimerList
                0x20001318        0x4 ./Middlewares/Third_Party/FreeRTOS/Source/timers.o
 .bss.pxOverflowTimerList
                0x2000131c        0x4 ./Middlewares/Third_Party/FreeRTOS/Source/timers.o
 .bss.xTimerQueue
                0x20001320        0x4 ./Middlewares/Third_Party/FreeRTOS/Source/timers.o
 .bss.xTimerTaskHandle
                0x20001324        0x4 ./Middlewares/Third_Party/FreeRTOS/Source/timers.o
 .bss.xLastTime.2
                0x20001328        0x4 ./Middlewares/Third_Party/FreeRTOS/Source/timers.o
 .bss.ucStaticTimerQueueStorage.1
                0x2000132c       0xa0 ./Middlewares/Third_Party/FreeRTOS/Source/timers.o
 .bss.xStaticTimerQueue.0
                0x200013cc       0x50 ./Middlewares/Third_Party/FreeRTOS/Source/timers.o
 .bss.ucMaxSysCallPriority
                0x2000141c        0x1 ./Middlewares/Third_Party/FreeRTOS/Source/portable/GCC/ARM_CM3/port.o
 *fill*         0x2000141d        0x3 
 .bss.ulMaxPRIGROUPValue
                0x20001420        0x4 ./Middlewares/Third_Party/FreeRTOS/Source/portable/GCC/ARM_CM3/port.o
 .bss.ucHeap    0x20001424      0xc00 ./Middlewares/Third_Party/FreeRTOS/Source/portable/MemMang/heap_4.o
 .bss.xStart    0x20002024        0x8 ./Middlewares/Third_Party/FreeRTOS/Source/portable/MemMang/heap_4.o
 .bss.pxEnd     0x2000202c        0x4 ./Middlewares/Third_Party/FreeRTOS/Source/portable/MemMang/heap_4.o
 .bss.xFreeBytesRemaining
                0x20002030        0x4 ./Middlewares/Third_Party/FreeRTOS/Source/portable/MemMang/heap_4.o
 .bss.xMinimumEverFreeBytesRemaining
                0x20002034        0x4 ./Middlewares/Third_Party/FreeRTOS/Source/portable/MemMang/heap_4.o
 .bss.xNumberOfSuccessfulAllocations
                0x20002038        0x4 ./Middlewares/Third_Party/FreeRTOS/Source/portable/MemMang/heap_4.o
 .bss.xNumberOfSuccessfulFrees
                0x2000203c        0x4 ./Middlewares/Third_Party/FreeRTOS/Source/portable/MemMang/heap_4.o
 .bss.xBlockAllocatedBit
                0x20002040        0x4 ./Middlewares/Third_Party/FreeRTOS/Source/portable/MemMang/heap_4.o
 .bss._ZN12_GLOBAL__N_113__new_handlerE
                0x20002044        0x4 C:/ST/STM32CubeIDE_1.19.0/STM32CubeIDE/plugins/com.st.stm32cube.ide.mcu.externaltools.gnu-tools-for-stm32.13.3.rel1.win32_1.0.0.202411081344/tools/bin/../lib/gcc/arm-none-eabi/13.3.1/../../../../arm-none-eabi/lib/thumb/v7-m/nofp\libstdc++_nano.a(new_handler.o)
 .bss.__malloc_sbrk_start
                0x20002048        0x4 C:/ST/STM32CubeIDE_1.19.0/STM32CubeIDE/plugins/com.st.stm32cube.ide.mcu.externaltools.gnu-tools-for-stm32.13.3.rel1.win32_1.0.0.202411081344/tools/bin/../lib/gcc/arm-none-eabi/13.3.1/../../../../arm-none-eabi/lib/thumb/v7-m/nofp\libc_nano.a(libc_a-mallocr.o)
                0x20002048                __malloc_sbrk_start
 .bss.__malloc_free_list
                0x2000204c        0x4 C:/ST/STM32CubeIDE_1.19.0/STM32CubeIDE/plugins/com.st.stm32cube.ide.mcu.externaltools.gnu-tools-for-stm32.13.3.rel1.win32_1.0.0.202411081344/tools/bin/../lib/gcc/arm-none-eabi/13.3.1/../../../../arm-none-eabi/lib/thumb/v7-m/nofp\libc_nano.a(libc_a-mallocr.o)
                0x2000204c                __malloc_free_list
 .bss.__sf      0x20002050      0x138 C:/ST/STM32CubeIDE_1.19.0/STM32CubeIDE/plugins/com.st.stm32cube.ide.mcu.externaltools.gnu-tools-for-stm32.13.3.rel1.win32_1.0.0.202411081344/tools/bin/../lib/gcc/arm-none-eabi/13.3.1/../../../../arm-none-eabi/lib/thumb/v7-m/nofp\libc_nano.a(libc_a-findfp.o)
                0x20002050                __sf
 .bss.errno     0x20002188        0x4 C:/ST/STM32CubeIDE_1.19.0/STM32CubeIDE/plugins/com.st.stm32cube.ide.mcu.externaltools.gnu-tools-for-stm32.13.3.rel1.win32_1.0.0.202411081344/tools/bin/../lib/gcc/arm-none-eabi/13.3.1/../../../../arm-none-eabi/lib/thumb/v7-m/nofp\libc_nano.a(libc_a-reent.o)
                0x20002188                errno
 .bss.__lock___malloc_recursive_mutex
                0x2000218c        0x1 C:/ST/STM32CubeIDE_1.19.0/STM32CubeIDE/plugins/com.st.stm32cube.ide.mcu.externaltools.gnu-tools-for-stm32.13.3.rel1.win32_1.0.0.202411081344/tools/bin/../lib/gcc/arm-none-eabi/13.3.1/../../../../arm-none-eabi/lib/thumb/v7-m/nofp\libc_nano.a(libc_a-lock.o)
                0x2000218c                __lock___malloc_recursive_mutex
 *(COMMON)
                0x20002190                        . = ALIGN (0x4)
 *fill*         0x2000218d        0x3 
                0x20002190                        _ebss = .
                0x20002190                        __bss_end__ = _ebss

._user_heap_stack
                0x20002190      0x600 load address 0x08008220
                0x20002190                        . = ALIGN (0x8)
                [!provide]                        PROVIDE (end = .)
                0x20002190                        PROVIDE (_end = .)
                0x20002390                        . = (. + _Min_Heap_Size)
 *fill*         0x20002190      0x200 
                0x20002790                        . = (. + _Min_Stack_Size)
 *fill*         0x20002390      0x400 
                0x20002790                        . = ALIGN (0x8)

/DISCARD/
 libc.a(*)
 libm.a(*)
 libgcc.a(*)

.ARM.attributes
                0x00000000       0x29
 *(.ARM.attributes)
 .ARM.attributes
                0x00000000       0x1d C:/ST/STM32CubeIDE_1.19.0/STM32CubeIDE/plugins/com.st.stm32cube.ide.mcu.externaltools.gnu-tools-for-stm32.13.3.rel1.win32_1.0.0.202411081344/tools/bin/../lib/gcc/arm-none-eabi/13.3.1/thumb/v7-m/nofp/crti.o
 .ARM.attributes
                0x0000001d       0x2d C:/ST/STM32CubeIDE_1.19.0/STM32CubeIDE/plugins/com.st.stm32cube.ide.mcu.externaltools.gnu-tools-for-stm32.13.3.rel1.win32_1.0.0.202411081344/tools/bin/../lib/gcc/arm-none-eabi/13.3.1/thumb/v7-m/nofp/crtbegin.o
 .ARM.attributes
                0x0000004a       0x2d ./Core/Src/display.o
 .ARM.attributes
                0x00000077       0x2d ./Core/Src/dma.o
 .ARM.attributes
                0x000000a4       0x2d ./Core/Src/fonts.o
 .ARM.attributes
                0x000000d1       0x2d ./Core/Src/freertos.o
 .ARM.attributes
                0x000000fe       0x2d ./Core/Src/gpio.o
 .ARM.attributes
                0x0000012b       0x2d ./Core/Src/i2c.o
 .ARM.attributes
                0x00000158       0x2d ./Core/Src/main.o
 .ARM.attributes
                0x00000185       0x2d ./Core/Src/spi.o
 .ARM.attributes
                0x000001b2       0x2d ./Core/Src/ssd1306.o
 .ARM.attributes
                0x000001df       0x2d ./Core/Src/stm32f1xx_hal_msp.o
 .ARM.attributes
                0x0000020c       0x2d ./Core/Src/stm32f1xx_hal_timebase_tim.o
 .ARM.attributes
                0x00000239       0x2d ./Core/Src/stm32f1xx_it.o
 .ARM.attributes
                0x00000266       0x2d ./Core/Src/syscalls.o
 .ARM.attributes
                0x00000293       0x2d ./Core/Src/sysmem.o
 .ARM.attributes
                0x000002c0       0x2d ./Core/Src/system_stm32f1xx.o
 .ARM.attributes
                0x000002ed       0x21 ./Core/Startup/startup_stm32f103c8tx.o
 .ARM.attributes
                0x0000030e       0x2d ./Drivers/STM32F1xx_HAL_Driver/Src/stm32f1xx_hal.o
 .ARM.attributes
                0x0000033b       0x2d ./Drivers/STM32F1xx_HAL_Driver/Src/stm32f1xx_hal_cortex.o
 .ARM.attributes
                0x00000368       0x2d ./Drivers/STM32F1xx_HAL_Driver/Src/stm32f1xx_hal_dma.o
 .ARM.attributes
                0x00000395       0x2d ./Drivers/STM32F1xx_HAL_Driver/Src/stm32f1xx_hal_gpio.o
 .ARM.attributes
                0x000003c2       0x2d ./Drivers/STM32F1xx_HAL_Driver/Src/stm32f1xx_hal_i2c.o
 .ARM.attributes
                0x000003ef       0x2d ./Drivers/STM32F1xx_HAL_Driver/Src/stm32f1xx_hal_rcc.o
 .ARM.attributes
                0x0000041c       0x2d ./Drivers/STM32F1xx_HAL_Driver/Src/stm32f1xx_hal_spi.o
 .ARM.attributes
                0x00000449       0x2d ./Drivers/STM32F1xx_HAL_Driver/Src/stm32f1xx_hal_tim.o
 .ARM.attributes
                0x00000476       0x2d ./Drivers/STM32F1xx_HAL_Driver/Src/stm32f1xx_hal_tim_ex.o
 .ARM.attributes
                0x000004a3       0x2d ./Middlewares/Third_Party/FreeRTOS/Source/CMSIS_RTOS_V2/cmsis_os2.o
 .ARM.attributes
                0x000004d0       0x2d ./Middlewares/Third_Party/FreeRTOS/Source/list.o
 .ARM.attributes
                0x000004fd       0x2d ./Middlewares/Third_Party/FreeRTOS/Source/queue.o
 .ARM.attributes
                0x0000052a       0x2d ./Middlewares/Third_Party/FreeRTOS/Source/tasks.o
 .ARM.attributes
                0x00000557       0x2d ./Middlewares/Third_Party/FreeRTOS/Source/timers.o
 .ARM.attributes
                0x00000584       0x2d ./Middlewares/Third_Party/FreeRTOS/Source/portable/GCC/ARM_CM3/port.o
 .ARM.attributes
                0x000005b1       0x2d ./Middlewares/Third_Party/FreeRTOS/Source/portable/MemMang/heap_4.o
 .ARM.attributes
                0x000005de       0x2d C:/ST/STM32CubeIDE_1.19.0/STM32CubeIDE/plugins/com.st.stm32cube.ide.mcu.externaltools.gnu-tools-for-stm32.13.3.rel1.win32_1.0.0.202411081344/tools/bin/../lib/gcc/arm-none-eabi/13.3.1/../../../../arm-none-eabi/lib/thumb/v7-m/nofp\libstdc++_nano.a(new_op.o)
 .ARM.attributes
                0x0000060b       0x2d C:/ST/STM32CubeIDE_1.19.0/STM32CubeIDE/plugins/com.st.stm32cube.ide.mcu.externaltools.gnu-tools-for-stm32.13.3.rel1.win32_1.0.0.202411081344/tools/bin/../lib/gcc/arm-none-eabi/13.3.1/../../../../arm-none-eabi/lib/thumb/v7-m/nofp\libstdc++_nano.a(new_handler.o)
 .ARM.attributes
                0x00000638       0x2d C:/ST/STM32CubeIDE_1.19.0/STM32CubeIDE/plugins/com.st.stm32cube.ide.mcu.externaltools.gnu-tools-for-stm32.13.3.rel1.win32_1.0.0.202411081344/tools/bin/../lib/gcc/arm-none-eabi/13.3.1/../../../../arm-none-eabi/lib/thumb/v7-m/nofp\libc_nano.a(libc_a-abort.o)
 .ARM.attributes
                0x00000665       0x2d C:/ST/STM32CubeIDE_1.19.0/STM32CubeIDE/plugins/com.st.stm32cube.ide.mcu.externaltools.gnu-tools-for-stm32.13.3.rel1.win32_1.0.0.202411081344/tools/bin/../lib/gcc/arm-none-eabi/13.3.1/../../../../arm-none-eabi/lib/thumb/v7-m/nofp\libc_nano.a(libc_a-malloc.o)
 .ARM.attributes
                0x00000692       0x2d C:/ST/STM32CubeIDE_1.19.0/STM32CubeIDE/plugins/com.st.stm32cube.ide.mcu.externaltools.gnu-tools-for-stm32.13.3.rel1.win32_1.0.0.202411081344/tools/bin/../lib/gcc/arm-none-eabi/13.3.1/../../../../arm-none-eabi/lib/thumb/v7-m/nofp\libc_nano.a(libc_a-mallocr.o)
 .ARM.attributes
                0x000006bf       0x2d C:/ST/STM32CubeIDE_1.19.0/STM32CubeIDE/plugins/com.st.stm32cube.ide.mcu.externaltools.gnu-tools-for-stm32.13.3.rel1.win32_1.0.0.202411081344/tools/bin/../lib/gcc/arm-none-eabi/13.3.1/../../../../arm-none-eabi/lib/thumb/v7-m/nofp\libc_nano.a(libc_a-mlock.o)
 .ARM.attributes
                0x000006ec       0x2d C:/ST/STM32CubeIDE_1.19.0/STM32CubeIDE/plugins/com.st.stm32cube.ide.mcu.externaltools.gnu-tools-for-stm32.13.3.rel1.win32_1.0.0.202411081344/tools/bin/../lib/gcc/arm-none-eabi/13.3.1/../../../../arm-none-eabi/lib/thumb/v7-m/nofp\libc_nano.a(libc_a-findfp.o)
 .ARM.attributes
                0x00000719       0x2d C:/ST/STM32CubeIDE_1.19.0/STM32CubeIDE/plugins/com.st.stm32cube.ide.mcu.externaltools.gnu-tools-for-stm32.13.3.rel1.win32_1.0.0.202411081344/tools/bin/../lib/gcc/arm-none-eabi/13.3.1/../../../../arm-none-eabi/lib/thumb/v7-m/nofp\libc_nano.a(libc_a-memset.o)
 .ARM.attributes
                0x00000746       0x2d C:/ST/STM32CubeIDE_1.19.0/STM32CubeIDE/plugins/com.st.stm32cube.ide.mcu.externaltools.gnu-tools-for-stm32.13.3.rel1.win32_1.0.0.202411081344/tools/bin/../lib/gcc/arm-none-eabi/13.3.1/../../../../arm-none-eabi/lib/thumb/v7-m/nofp\libc_nano.a(libc_a-signal.o)
 .ARM.attributes
                0x00000773       0x2d C:/ST/STM32CubeIDE_1.19.0/STM32CubeIDE/plugins/com.st.stm32cube.ide.mcu.externaltools.gnu-tools-for-stm32.13.3.rel1.win32_1.0.0.202411081344/tools/bin/../lib/gcc/arm-none-eabi/13.3.1/../../../../arm-none-eabi/lib/thumb/v7-m/nofp\libc_nano.a(libc_a-reent.o)
 .ARM.attributes
                0x000007a0       0x2d C:/ST/STM32CubeIDE_1.19.0/STM32CubeIDE/plugins/com.st.stm32cube.ide.mcu.externaltools.gnu-tools-for-stm32.13.3.rel1.win32_1.0.0.202411081344/tools/bin/../lib/gcc/arm-none-eabi/13.3.1/../../../../arm-none-eabi/lib/thumb/v7-m/nofp\libc_nano.a(libc_a-impure.o)
 .ARM.attributes
                0x000007cd       0x2d C:/ST/STM32CubeIDE_1.19.0/STM32CubeIDE/plugins/com.st.stm32cube.ide.mcu.externaltools.gnu-tools-for-stm32.13.3.rel1.win32_1.0.0.202411081344/tools/bin/../lib/gcc/arm-none-eabi/13.3.1/../../../../arm-none-eabi/lib/thumb/v7-m/nofp\libc_nano.a(libc_a-signalr.o)
 .ARM.attributes
                0x000007fa       0x2d C:/ST/STM32CubeIDE_1.19.0/STM32CubeIDE/plugins/com.st.stm32cube.ide.mcu.externaltools.gnu-tools-for-stm32.13.3.rel1.win32_1.0.0.202411081344/tools/bin/../lib/gcc/arm-none-eabi/13.3.1/../../../../arm-none-eabi/lib/thumb/v7-m/nofp\libc_nano.a(libc_a-sbrkr.o)
 .ARM.attributes
                0x00000827       0x2d C:/ST/STM32CubeIDE_1.19.0/STM32CubeIDE/plugins/com.st.stm32cube.ide.mcu.externaltools.gnu-tools-for-stm32.13.3.rel1.win32_1.0.0.202411081344/tools/bin/../lib/gcc/arm-none-eabi/13.3.1/../../../../arm-none-eabi/lib/thumb/v7-m/nofp\libc_nano.a(libc_a-errno.o)
 .ARM.attributes
                0x00000854       0x2d C:/ST/STM32CubeIDE_1.19.0/STM32CubeIDE/plugins/com.st.stm32cube.ide.mcu.externaltools.gnu-tools-for-stm32.13.3.rel1.win32_1.0.0.202411081344/tools/bin/../lib/gcc/arm-none-eabi/13.3.1/../../../../arm-none-eabi/lib/thumb/v7-m/nofp\libc_nano.a(libc_a-init.o)
 .ARM.attributes
                0x00000881       0x2d C:/ST/STM32CubeIDE_1.19.0/STM32CubeIDE/plugins/com.st.stm32cube.ide.mcu.externaltools.gnu-tools-for-stm32.13.3.rel1.win32_1.0.0.202411081344/tools/bin/../lib/gcc/arm-none-eabi/13.3.1/../../../../arm-none-eabi/lib/thumb/v7-m/nofp\libc_nano.a(libc_a-lock.o)
 .ARM.attributes
                0x000008ae       0x2d C:/ST/STM32CubeIDE_1.19.0/STM32CubeIDE/plugins/com.st.stm32cube.ide.mcu.externaltools.gnu-tools-for-stm32.13.3.rel1.win32_1.0.0.202411081344/tools/bin/../lib/gcc/arm-none-eabi/13.3.1/../../../../arm-none-eabi/lib/thumb/v7-m/nofp\libc_nano.a(libc_a-memcpy-stub.o)
 .ARM.attributes
                0x000008db       0x2d C:/ST/STM32CubeIDE_1.19.0/STM32CubeIDE/plugins/com.st.stm32cube.ide.mcu.externaltools.gnu-tools-for-stm32.13.3.rel1.win32_1.0.0.202411081344/tools/bin/../lib/gcc/arm-none-eabi/13.3.1/../../../../arm-none-eabi/lib/thumb/v7-m/nofp\libc_nano.a(libc_a-freer.o)
 .ARM.attributes
                0x00000908       0x1d C:/ST/STM32CubeIDE_1.19.0/STM32CubeIDE/plugins/com.st.stm32cube.ide.mcu.externaltools.gnu-tools-for-stm32.13.3.rel1.win32_1.0.0.202411081344/tools/bin/../lib/gcc/arm-none-eabi/13.3.1/thumb/v7-m/nofp/crtn.o
OUTPUT(lb3.elf elf32-littlearm)
LOAD linker stubs
LOAD C:/ST/STM32CubeIDE_1.19.0/STM32CubeIDE/plugins/com.st.stm32cube.ide.mcu.externaltools.gnu-tools-for-stm32.13.3.rel1.win32_1.0.0.202411081344/tools/bin/../lib/gcc/arm-none-eabi/13.3.1/../../../../arm-none-eabi/lib/thumb/v7-m/nofp\libc.a
LOAD C:/ST/STM32CubeIDE_1.19.0/STM32CubeIDE/plugins/com.st.stm32cube.ide.mcu.externaltools.gnu-tools-for-stm32.13.3.rel1.win32_1.0.0.202411081344/tools/bin/../lib/gcc/arm-none-eabi/13.3.1/../../../../arm-none-eabi/lib/thumb/v7-m/nofp\libm.a
LOAD C:/ST/STM32CubeIDE_1.19.0/STM32CubeIDE/plugins/com.st.stm32cube.ide.mcu.externaltools.gnu-tools-for-stm32.13.3.rel1.win32_1.0.0.202411081344/tools/bin/../lib/gcc/arm-none-eabi/13.3.1/thumb/v7-m/nofp\libgcc.a

.debug_info     0x00000000    0x1a351
 .debug_info    0x00000000      0x9b7 ./Core/Src/display.o
 .debug_info    0x000009b7      0x2cf ./Core/Src/dma.o
 .debug_info    0x00000c86      0x15b ./Core/Src/fonts.o
 .debug_info    0x00000de1      0x43c ./Core/Src/freertos.o
 .debug_info    0x0000121d      0x2d3 ./Core/Src/gpio.o
 .debug_info    0x000014f0      0x820 ./Core/Src/i2c.o
 .debug_info    0x00001d10      0xc48 ./Core/Src/main.o
 .debug_info    0x00002958      0x807 ./Core/Src/spi.o
 .debug_info    0x0000315f      0x92d ./Core/Src/ssd1306.o
 .debug_info    0x00003a8c      0x361 ./Core/Src/stm32f1xx_hal_msp.o
 .debug_info    0x00003ded      0x99a ./Core/Src/stm32f1xx_hal_timebase_tim.o
 .debug_info    0x00004787      0x6c5 ./Core/Src/stm32f1xx_it.o
 .debug_info    0x00004e4c      0x6a3 ./Core/Src/syscalls.o
 .debug_info    0x000054ef      0x168 ./Core/Src/sysmem.o
 .debug_info    0x00005657      0x222 ./Core/Src/system_stm32f1xx.o
 .debug_info    0x00005879       0x30 ./Core/Startup/startup_stm32f103c8tx.o
 .debug_info    0x000058a9      0x73b ./Drivers/STM32F1xx_HAL_Driver/Src/stm32f1xx_hal.o
 .debug_info    0x00005fe4      0xaa1 ./Drivers/STM32F1xx_HAL_Driver/Src/stm32f1xx_hal_cortex.o
 .debug_info    0x00006a85      0x707 ./Drivers/STM32F1xx_HAL_Driver/Src/stm32f1xx_hal_dma.o
 .debug_info    0x0000718c      0x5dc ./Drivers/STM32F1xx_HAL_Driver/Src/stm32f1xx_hal_gpio.o
 .debug_info    0x00007768     0x2536 ./Drivers/STM32F1xx_HAL_Driver/Src/stm32f1xx_hal_i2c.o
 .debug_info    0x00009c9e      0x7f0 ./Drivers/STM32F1xx_HAL_Driver/Src/stm32f1xx_hal_rcc.o
 .debug_info    0x0000a48e     0x1443 ./Drivers/STM32F1xx_HAL_Driver/Src/stm32f1xx_hal_spi.o
 .debug_info    0x0000b8d1     0x29c3 ./Drivers/STM32F1xx_HAL_Driver/Src/stm32f1xx_hal_tim.o
 .debug_info    0x0000e294     0x14ef ./Drivers/STM32F1xx_HAL_Driver/Src/stm32f1xx_hal_tim_ex.o
 .debug_info    0x0000f783     0x402c ./Middlewares/Third_Party/FreeRTOS/Source/CMSIS_RTOS_V2/cmsis_os2.o
 .debug_info    0x000137af      0x2af ./Middlewares/Third_Party/FreeRTOS/Source/list.o
 .debug_info    0x00013a5e     0x1b79 ./Middlewares/Third_Party/FreeRTOS/Source/queue.o
 .debug_info    0x000155d7     0x28c1 ./Middlewares/Third_Party/FreeRTOS/Source/tasks.o
 .debug_info    0x00017e98     0x1b50 ./Middlewares/Third_Party/FreeRTOS/Source/timers.o
 .debug_info    0x000199e8      0x494 ./Middlewares/Third_Party/FreeRTOS/Source/portable/GCC/ARM_CM3/port.o
 .debug_info    0x00019e7c      0x4d5 ./Middlewares/Third_Party/FreeRTOS/Source/portable/MemMang/heap_4.o

.debug_abbrev   0x00000000     0x43e9
 .debug_abbrev  0x00000000      0x2bb ./Core/Src/display.o
 .debug_abbrev  0x000002bb       0xfc ./Core/Src/dma.o
 .debug_abbrev  0x000003b7       0xb5 ./Core/Src/fonts.o
 .debug_abbrev  0x0000046c      0x149 ./Core/Src/freertos.o
 .debug_abbrev  0x000005b5      0x13f ./Core/Src/gpio.o
 .debug_abbrev  0x000006f4      0x1f2 ./Core/Src/i2c.o
 .debug_abbrev  0x000008e6      0x25a ./Core/Src/main.o
 .debug_abbrev  0x00000b40      0x1fd ./Core/Src/spi.o
 .debug_abbrev  0x00000d3d      0x270 ./Core/Src/ssd1306.o
 .debug_abbrev  0x00000fad      0x11c ./Core/Src/stm32f1xx_hal_msp.o
 .debug_abbrev  0x000010c9      0x1f3 ./Core/Src/stm32f1xx_hal_timebase_tim.o
 .debug_abbrev  0x000012bc      0x181 ./Core/Src/stm32f1xx_it.o
 .debug_abbrev  0x0000143d      0x1b6 ./Core/Src/syscalls.o
 .debug_abbrev  0x000015f3       0xbc ./Core/Src/sysmem.o
 .debug_abbrev  0x000016af      0x13f ./Core/Src/system_stm32f1xx.o
 .debug_abbrev  0x000017ee       0x24 ./Core/Startup/startup_stm32f103c8tx.o
 .debug_abbrev  0x00001812      0x209 ./Drivers/STM32F1xx_HAL_Driver/Src/stm32f1xx_hal.o
 .debug_abbrev  0x00001a1b      0x2fa ./Drivers/STM32F1xx_HAL_Driver/Src/stm32f1xx_hal_cortex.o
 .debug_abbrev  0x00001d15      0x220 ./Drivers/STM32F1xx_HAL_Driver/Src/stm32f1xx_hal_dma.o
 .debug_abbrev  0x00001f35      0x1e7 ./Drivers/STM32F1xx_HAL_Driver/Src/stm32f1xx_hal_gpio.o
 .debug_abbrev  0x0000211c      0x2b8 ./Drivers/STM32F1xx_HAL_Driver/Src/stm32f1xx_hal_i2c.o
 .debug_abbrev  0x000023d4      0x2ad ./Drivers/STM32F1xx_HAL_Driver/Src/stm32f1xx_hal_rcc.o
 .debug_abbrev  0x00002681      0x28f ./Drivers/STM32F1xx_HAL_Driver/Src/stm32f1xx_hal_spi.o
 .debug_abbrev  0x00002910      0x28b ./Drivers/STM32F1xx_HAL_Driver/Src/stm32f1xx_hal_tim.o
 .debug_abbrev  0x00002b9b      0x280 ./Drivers/STM32F1xx_HAL_Driver/Src/stm32f1xx_hal_tim_ex.o
 .debug_abbrev  0x00002e1b      0x548 ./Middlewares/Third_Party/FreeRTOS/Source/CMSIS_RTOS_V2/cmsis_os2.o
 .debug_abbrev  0x00003363       0xf5 ./Middlewares/Third_Party/FreeRTOS/Source/list.o
 .debug_abbrev  0x00003458      0x3b6 ./Middlewares/Third_Party/FreeRTOS/Source/queue.o
 .debug_abbrev  0x0000380e      0x3fe ./Middlewares/Third_Party/FreeRTOS/Source/tasks.o
 .debug_abbrev  0x00003c0c      0x368 ./Middlewares/Third_Party/FreeRTOS/Source/timers.o
 .debug_abbrev  0x00003f74      0x258 ./Middlewares/Third_Party/FreeRTOS/Source/portable/GCC/ARM_CM3/port.o
 .debug_abbrev  0x000041cc      0x21d ./Middlewares/Third_Party/FreeRTOS/Source/portable/MemMang/heap_4.o

.debug_aranges  0x00000000     0x18a0
 .debug_aranges
                0x00000000       0x40 ./Core/Src/display.o
 .debug_aranges
                0x00000040       0x20 ./Core/Src/dma.o
 .debug_aranges
                0x00000060       0x18 ./Core/Src/fonts.o
 .debug_aranges
                0x00000078       0x28 ./Core/Src/freertos.o
 .debug_aranges
                0x000000a0       0x20 ./Core/Src/gpio.o
 .debug_aranges
                0x000000c0       0x30 ./Core/Src/i2c.o
 .debug_aranges
                0x000000f0       0x48 ./Core/Src/main.o
 .debug_aranges
                0x00000138       0x30 ./Core/Src/spi.o
 .debug_aranges
                0x00000168       0x60 ./Core/Src/ssd1306.o
 .debug_aranges
                0x000001c8       0x20 ./Core/Src/stm32f1xx_hal_msp.o
 .debug_aranges
                0x000001e8       0x30 ./Core/Src/stm32f1xx_hal_timebase_tim.o
 .debug_aranges
                0x00000218       0x68 ./Core/Src/stm32f1xx_it.o
 .debug_aranges
                0x00000280       0xa8 ./Core/Src/syscalls.o
 .debug_aranges
                0x00000328       0x20 ./Core/Src/sysmem.o
 .debug_aranges
                0x00000348       0x28 ./Core/Src/system_stm32f1xx.o
 .debug_aranges
                0x00000370       0x28 ./Core/Startup/startup_stm32f103c8tx.o
 .debug_aranges
                0x00000398       0xe0 ./Drivers/STM32F1xx_HAL_Driver/Src/stm32f1xx_hal.o
 .debug_aranges
                0x00000478      0x100 ./Drivers/STM32F1xx_HAL_Driver/Src/stm32f1xx_hal_cortex.o
 .debug_aranges
                0x00000578       0x80 ./Drivers/STM32F1xx_HAL_Driver/Src/stm32f1xx_hal_dma.o
 .debug_aranges
                0x000005f8       0x58 ./Drivers/STM32F1xx_HAL_Driver/Src/stm32f1xx_hal_gpio.o
 .debug_aranges
                0x00000650      0x2a8 ./Drivers/STM32F1xx_HAL_Driver/Src/stm32f1xx_hal_i2c.o
 .debug_aranges
                0x000008f8       0x90 ./Drivers/STM32F1xx_HAL_Driver/Src/stm32f1xx_hal_rcc.o
 .debug_aranges
                0x00000988      0x1d0 ./Drivers/STM32F1xx_HAL_Driver/Src/stm32f1xx_hal_spi.o
 .debug_aranges
                0x00000b58      0x3d0 ./Drivers/STM32F1xx_HAL_Driver/Src/stm32f1xx_hal_tim.o
 .debug_aranges
                0x00000f28      0x168 ./Drivers/STM32F1xx_HAL_Driver/Src/stm32f1xx_hal_tim_ex.o
 .debug_aranges
                0x00001090      0x2b0 ./Middlewares/Third_Party/FreeRTOS/Source/CMSIS_RTOS_V2/cmsis_os2.o
 .debug_aranges
                0x00001340       0x40 ./Middlewares/Third_Party/FreeRTOS/Source/list.o
 .debug_aranges
                0x00001380      0x158 ./Middlewares/Third_Party/FreeRTOS/Source/queue.o
 .debug_aranges
                0x000014d8      0x208 ./Middlewares/Third_Party/FreeRTOS/Source/tasks.o
 .debug_aranges
                0x000016e0       0xf0 ./Middlewares/Third_Party/FreeRTOS/Source/timers.o
 .debug_aranges
                0x000017d0       0x78 ./Middlewares/Third_Party/FreeRTOS/Source/portable/GCC/ARM_CM3/port.o
 .debug_aranges
                0x00001848       0x58 ./Middlewares/Third_Party/FreeRTOS/Source/portable/MemMang/heap_4.o

.debug_rnglists
                0x00000000     0x12f8
 .debug_rnglists
                0x00000000       0x2b ./Core/Src/display.o
 .debug_rnglists
                0x0000002b       0x13 ./Core/Src/dma.o
 .debug_rnglists
                0x0000003e       0x19 ./Core/Src/freertos.o
 .debug_rnglists
                0x00000057       0x14 ./Core/Src/gpio.o
 .debug_rnglists
                0x0000006b       0x20 ./Core/Src/i2c.o
 .debug_rnglists
                0x0000008b       0x32 ./Core/Src/main.o
 .debug_rnglists
                0x000000bd       0x20 ./Core/Src/spi.o
 .debug_rnglists
                0x000000dd       0x46 ./Core/Src/ssd1306.o
 .debug_rnglists
                0x00000123       0x13 ./Core/Src/stm32f1xx_hal_msp.o
 .debug_rnglists
                0x00000136       0x20 ./Core/Src/stm32f1xx_hal_timebase_tim.o
 .debug_rnglists
                0x00000156       0x49 ./Core/Src/stm32f1xx_it.o
 .debug_rnglists
                0x0000019f       0x79 ./Core/Src/syscalls.o
 .debug_rnglists
                0x00000218       0x13 ./Core/Src/sysmem.o
 .debug_rnglists
                0x0000022b       0x1a ./Core/Src/system_stm32f1xx.o
 .debug_rnglists
                0x00000245       0x19 ./Core/Startup/startup_stm32f103c8tx.o
 .debug_rnglists
                0x0000025e       0xa3 ./Drivers/STM32F1xx_HAL_Driver/Src/stm32f1xx_hal.o
 .debug_rnglists
                0x00000301       0xbb ./Drivers/STM32F1xx_HAL_Driver/Src/stm32f1xx_hal_cortex.o
 .debug_rnglists
                0x000003bc       0x64 ./Drivers/STM32F1xx_HAL_Driver/Src/stm32f1xx_hal_dma.o
 .debug_rnglists
                0x00000420       0x40 ./Drivers/STM32F1xx_HAL_Driver/Src/stm32f1xx_hal_gpio.o
 .debug_rnglists
                0x00000460      0x23d ./Drivers/STM32F1xx_HAL_Driver/Src/stm32f1xx_hal_i2c.o
 .debug_rnglists
                0x0000069d       0x6e ./Drivers/STM32F1xx_HAL_Driver/Src/stm32f1xx_hal_rcc.o
 .debug_rnglists
                0x0000070b      0x16e ./Drivers/STM32F1xx_HAL_Driver/Src/stm32f1xx_hal_spi.o
 .debug_rnglists
                0x00000879      0x321 ./Drivers/STM32F1xx_HAL_Driver/Src/stm32f1xx_hal_tim.o
 .debug_rnglists
                0x00000b9a      0x127 ./Drivers/STM32F1xx_HAL_Driver/Src/stm32f1xx_hal_tim_ex.o
 .debug_rnglists
                0x00000cc1      0x212 ./Middlewares/Third_Party/FreeRTOS/Source/CMSIS_RTOS_V2/cmsis_os2.o
 .debug_rnglists
                0x00000ed3       0x2b ./Middlewares/Third_Party/FreeRTOS/Source/list.o
 .debug_rnglists
                0x00000efe      0x109 ./Middlewares/Third_Party/FreeRTOS/Source/queue.o
 .debug_rnglists
                0x00001007      0x1a0 ./Middlewares/Third_Party/FreeRTOS/Source/tasks.o
 .debug_rnglists
                0x000011a7       0xb8 ./Middlewares/Third_Party/FreeRTOS/Source/timers.o
 .debug_rnglists
                0x0000125f       0x57 ./Middlewares/Third_Party/FreeRTOS/Source/portable/GCC/ARM_CM3/port.o
 .debug_rnglists
                0x000012b6       0x42 ./Middlewares/Third_Party/FreeRTOS/Source/portable/MemMang/heap_4.o

.debug_macro    0x00000000    0x1df02
 .debug_macro   0x00000000      0x321 ./Core/Src/display.o
 .debug_macro   0x00000321      0xba4 ./Core/Src/display.o
 .debug_macro   0x00000ec5      0x22e ./Core/Src/display.o
 .debug_macro   0x000010f3       0x2e ./Core/Src/display.o
 .debug_macro   0x00001121       0x22 ./Core/Src/display.o
 .debug_macro   0x00001143       0x1c ./Core/Src/display.o
 .debug_macro   0x0000115f       0x22 ./Core/Src/display.o
 .debug_macro   0x00001181       0x8e ./Core/Src/display.o
 .debug_macro   0x0000120f       0x51 ./Core/Src/display.o
 .debug_macro   0x00001260      0x103 ./Core/Src/display.o
 .debug_macro   0x00001363       0x6a ./Core/Src/display.o
 .debug_macro   0x000013cd      0x1df ./Core/Src/display.o
 .debug_macro   0x000015ac       0x1c ./Core/Src/display.o
 .debug_macro   0x000015c8       0x22 ./Core/Src/display.o
 .debug_macro   0x000015ea       0xbd ./Core/Src/display.o
 .debug_macro   0x000016a7      0xd23 ./Core/Src/display.o
 .debug_macro   0x000023ca     0xe09e ./Core/Src/display.o
 .debug_macro   0x00010468       0x6d ./Core/Src/display.o
 .debug_macro   0x000104d5     0x34a2 ./Core/Src/display.o
 .debug_macro   0x00013977      0x197 ./Core/Src/display.o
 .debug_macro   0x00013b0e       0x5c ./Core/Src/display.o
 .debug_macro   0x00013b6a      0x5bc ./Core/Src/display.o
 .debug_macro   0x00014126      0x289 ./Core/Src/display.o
 .debug_macro   0x000143af      0x1cb ./Core/Src/display.o
 .debug_macro   0x0001457a      0x114 ./Core/Src/display.o
 .debug_macro   0x0001468e      0x1b2 ./Core/Src/display.o
 .debug_macro   0x00014840       0x27 ./Core/Src/display.o
 .debug_macro   0x00014867      0x136 ./Core/Src/display.o
 .debug_macro   0x0001499d      0x1bc ./Core/Src/display.o
 .debug_macro   0x00014b59       0x34 ./Core/Src/display.o
 .debug_macro   0x00014b8d       0x3c ./Core/Src/display.o
 .debug_macro   0x00014bc9       0x57 ./Core/Src/display.o
 .debug_macro   0x00014c20       0x87 ./Core/Src/display.o
 .debug_macro   0x00014ca7      0x240 ./Core/Src/display.o
 .debug_macro   0x00014ee7      0x287 ./Core/Src/display.o
 .debug_macro   0x0001516e      0x140 ./Core/Src/display.o
 .debug_macro   0x000152ae      0x217 ./Core/Src/display.o
 .debug_macro   0x000154c5      0x8ed ./Core/Src/display.o
 .debug_macro   0x00015db2       0x83 ./Core/Src/display.o
 .debug_macro   0x00015e35      0x137 ./Core/Src/display.o
 .debug_macro   0x00015f6c      0x15a ./Core/Src/display.o
 .debug_macro   0x000160c6       0xc9 ./Core/Src/display.o
 .debug_macro   0x0001618f       0x1c ./Core/Src/display.o
 .debug_macro   0x000161ab       0x26 ./Core/Src/display.o
 .debug_macro   0x000161d1       0x61 ./Core/Src/display.o
 .debug_macro   0x00016232       0x24 ./Core/Src/display.o
 .debug_macro   0x00016256       0x43 ./Core/Src/display.o
 .debug_macro   0x00016299       0x34 ./Core/Src/display.o
 .debug_macro   0x000162cd      0x38c ./Core/Src/display.o
 .debug_macro   0x00016659       0x16 ./Core/Src/display.o
 .debug_macro   0x0001666f       0x4a ./Core/Src/display.o
 .debug_macro   0x000166b9       0x34 ./Core/Src/display.o
 .debug_macro   0x000166ed       0x10 ./Core/Src/display.o
 .debug_macro   0x000166fd       0x58 ./Core/Src/display.o
 .debug_macro   0x00016755       0x8e ./Core/Src/display.o
 .debug_macro   0x000167e3       0x16 ./Core/Src/display.o
 .debug_macro   0x000167f9      0x185 ./Core/Src/display.o
 .debug_macro   0x0001697e       0x10 ./Core/Src/display.o
 .debug_macro   0x0001698e       0x3c ./Core/Src/display.o
 .debug_macro   0x000169ca      0x4d4 ./Core/Src/display.o
 .debug_macro   0x00016e9e       0xb5 ./Core/Src/display.o
 .debug_macro   0x00016f53       0xaa ./Core/Src/display.o
 .debug_macro   0x00016ffd       0x87 ./Core/Src/display.o
 .debug_macro   0x00017084       0x9a ./Core/Src/display.o
 .debug_macro   0x0001711e       0x22 ./Core/Src/display.o
 .debug_macro   0x00017140      0x1c1 ./Core/Src/dma.o
 .debug_macro   0x00017301      0xacc ./Core/Src/dma.o
 .debug_macro   0x00017dcd      0xd23 ./Core/Src/dma.o
 .debug_macro   0x00018af0      0x190 ./Core/Src/dma.o
 .debug_macro   0x00018c80       0x6d ./Core/Src/fonts.o
 .debug_macro   0x00018ced      0x2f5 ./Core/Src/freertos.o
 .debug_macro   0x00018fe2      0x137 ./Core/Src/freertos.o
 .debug_macro   0x00019119       0x34 ./Core/Src/freertos.o
 .debug_macro   0x0001914d      0x370 ./Core/Src/freertos.o
 .debug_macro   0x000194bd       0x4a ./Core/Src/freertos.o
 .debug_macro   0x00019507       0x1c ./Core/Src/freertos.o
 .debug_macro   0x00019523       0x3c ./Core/Src/freertos.o
 .debug_macro   0x0001955f       0x56 ./Core/Src/freertos.o
 .debug_macro   0x000195b5       0x6c ./Core/Src/freertos.o
 .debug_macro   0x00019621       0x74 ./Core/Src/freertos.o
 .debug_macro   0x00019695       0xdd ./Core/Src/freertos.o
 .debug_macro   0x00019772      0x1c1 ./Core/Src/gpio.o
 .debug_macro   0x00019933      0x1c1 ./Core/Src/i2c.o
 .debug_macro   0x00019af4      0x349 ./Core/Src/main.o
 .debug_macro   0x00019e3d       0x66 ./Core/Src/main.o
 .debug_macro   0x00019ea3      0x1c1 ./Core/Src/spi.o
 .debug_macro   0x0001a064      0x340 ./Core/Src/ssd1306.o
 .debug_macro   0x0001a3a4       0x16 ./Core/Src/ssd1306.o
 .debug_macro   0x0001a3ba       0x20 ./Core/Src/ssd1306.o
 .debug_macro   0x0001a3da      0x1b7 ./Core/Src/stm32f1xx_hal_msp.o
 .debug_macro   0x0001a591      0x1ad ./Core/Src/stm32f1xx_hal_timebase_tim.o
 .debug_macro   0x0001a73e      0x1c1 ./Core/Src/stm32f1xx_it.o
 .debug_macro   0x0001a8ff      0x274 ./Core/Src/syscalls.o
 .debug_macro   0x0001ab73       0x5b ./Core/Src/syscalls.o
 .debug_macro   0x0001abce       0x94 ./Core/Src/syscalls.o
 .debug_macro   0x0001ac62       0x57 ./Core/Src/syscalls.o
 .debug_macro   0x0001acb9       0x10 ./Core/Src/syscalls.o
 .debug_macro   0x0001acc9       0x10 ./Core/Src/syscalls.o
 .debug_macro   0x0001acd9       0x10 ./Core/Src/syscalls.o
 .debug_macro   0x0001ace9       0x10 ./Core/Src/syscalls.o
 .debug_macro   0x0001acf9       0x1c ./Core/Src/syscalls.o
 .debug_macro   0x0001ad15       0x52 ./Core/Src/syscalls.o
 .debug_macro   0x0001ad67       0x22 ./Core/Src/syscalls.o
 .debug_macro   0x0001ad89       0x10 ./Core/Src/syscalls.o
 .debug_macro   0x0001ad99       0x52 ./Core/Src/syscalls.o
 .debug_macro   0x0001adeb       0xcf ./Core/Src/syscalls.o
 .debug_macro   0x0001aeba       0x1c ./Core/Src/syscalls.o
 .debug_macro   0x0001aed6       0x3d ./Core/Src/syscalls.o
 .debug_macro   0x0001af13       0x35 ./Core/Src/syscalls.o
 .debug_macro   0x0001af48      0x12c ./Core/Src/syscalls.o
 .debug_macro   0x0001b074       0x16 ./Core/Src/syscalls.o
 .debug_macro   0x0001b08a       0x16 ./Core/Src/syscalls.o
 .debug_macro   0x0001b0a0       0x29 ./Core/Src/syscalls.o
 .debug_macro   0x0001b0c9       0x10 ./Core/Src/syscalls.o
 .debug_macro   0x0001b0d9      0x242 ./Core/Src/syscalls.o
 .debug_macro   0x0001b31b       0x1c ./Core/Src/syscalls.o
 .debug_macro   0x0001b337       0x10 ./Core/Src/syscalls.o
 .debug_macro   0x0001b347       0x10 ./Core/Src/syscalls.o
 .debug_macro   0x0001b357       0x16 ./Core/Src/syscalls.o
 .debug_macro   0x0001b36d      0x146 ./Core/Src/syscalls.o
 .debug_macro   0x0001b4b3      0x18a ./Core/Src/syscalls.o
 .debug_macro   0x0001b63d       0x16 ./Core/Src/syscalls.o