../Core/Src/display.cpp:26:6:void display_init()	8	static
../Core/Src/display.cpp:36:6:void display_task_entry(void*)	16	static
../Core/Src/display.cpp:49:1:MyDisplay::MyDisplay(I2C_HandleTypeDef*)	16	static
../Core/Src/display.cpp:60:6:bool MyDisplay::init()	16	static
../Core/Src/display.cpp:70:6:void MyDisplay::on_key_press(char)	24	static
../Core/Src/display.cpp:85:6:void MyDisplay::update_screen()	32	static
../Core/Src/display.cpp:116:6:void MyDisplay::task()	16	static
../Core/Src/display.cpp:140:1:void __static_initialization_and_destruction_0()	8	static
../Core/Src/display.cpp:140:1:cpp)	8	static
