../Core/Src/display.cpp:18:6:void display_init()	8	static
../Core/Src/display.cpp:25:6:void display_task_entry(void*)	16	static
../Core/Src/display.cpp:35:1:MyDisplay::MyDisplay(I2C_HandleTypeDef*)	16	static
../Core/Src/display.cpp:46:6:bool MyDisplay::init()	16	static
../Core/Src/display.cpp:55:6:void MyDisplay::on_key_press(char)	24	static
../Core/Src/display.cpp:68:6:void MyDisplay::update_screen()	32	static
../Core/Src/display.cpp:99:6:void MyDisplay::task()	16	static
../Core/Src/display.cpp:119:1:void __static_initialization_and_destruction_0()	8	static
../Core/Src/display.cpp:119:1:cpp)	8	static
