../Core/Src/ssd1306.c:12:26:ssd1306_WriteCommand	32	static
../Core/Src/ssd1306.c:18:9:ssd1306_Init	8	static
../Core/Src/ssd1306.c:64:6:ssd1306_Fill	24	static
../Core/Src/ssd1306.c:74:6:ssd1306_DrawPixel	16	static
../Core/Src/ssd1306.c:91:6:ssd1306_SetCursor	16	static
../Core/Src/ssd1306.c:98:13:ssd1306_WriteChar	32	static
../Core/Src/ssd1306.c:124:6:ssd1306_WriteString	24	static
../Core/Src/ssd1306.c:135:13:ssd1306_SetFullAddressWindow	8	static
../Core/Src/ssd1306.c:145:6:ssd1306_UpdateScreen	24	static
../Core/Src/ssd1306.c:156:19:ssd1306_UpdateScreenDMA	16	static
