../Core/Src/ssd1306.c:12:26:ssd1306_WriteCommand	32	static
../Core/Src/ssd1306.c:19:9:ssd1306_Init	8	static
../Core/Src/ssd1306.c:66:6:ssd1306_Fill	24	static
../Core/Src/ssd1306.c:76:6:ssd1306_DrawPixel	16	static
../Core/Src/ssd1306.c:93:6:ssd1306_SetCursor	16	static
../Core/Src/ssd1306.c:102:13:ssd1306_WriteChar	32	static
../Core/Src/ssd1306.c:128:6:ssd1306_WriteString	24	static
../Core/Src/ssd1306.c:140:6:ssd1306_UpdateScreen	24	static
../Core/Src/ssd1306.c:157:6:ssd1306_UpdateScreenDMA	32	static
